Archive member included to satisfy reference by file (symbol)

/opt/devkitpro/libctru/lib/libctru.a(linear.o)
                              main.o (linearAlloc)
/opt/devkitpro/libctru/lib/libctru.a(mem_pool.o)
                              /opt/devkitpro/libctru/lib/libctru.a(linear.o) (MemPool::Allocate(MemChunk&, unsigned long, int))
/opt/devkitpro/libctru/lib/libctru.a(console.o)
                              main.o (consoleInit)
/opt/devkitpro/libctru/lib/libctru.a(gfx.o)
                              /opt/devkitpro/libctru/lib/libctru.a(console.o) (gfxIsWide)
/opt/devkitpro/libctru/lib/libctru.a(romfs_dev.o)
                              main.o (romfsMountSelf)
/opt/devkitpro/libctru/lib/libctru.a(ndsp.o)
                              main.o (ndspInit)
/opt/devkitpro/libctru/lib/libctru.a(ndsp-channel.o)
                              main.o (ndspChnReset)
/opt/devkitpro/libctru/lib/libctru.a(apt.o)
                              main.o (aptMainLoop)
/opt/devkitpro/libctru/lib/libctru.a(cfgu.o)
                              /opt/devkitpro/libctru/lib/libctru.a(ndsp.o) (cfguInit)
/opt/devkitpro/libctru/lib/libctru.a(dsp.o)
                              /opt/devkitpro/libctru/lib/libctru.a(ndsp.o) (dspInit)
/opt/devkitpro/libctru/lib/libctru.a(fs.o)
                              /opt/devkitpro/libctru/lib/libctru.a(romfs_dev.o) (FSUSER_OpenFileDirectly)
/opt/devkitpro/libctru/lib/libctru.a(gspgpu.o)
                              /opt/devkitpro/libctru/lib/libctru.a(gfx.o) (gspInit)
/opt/devkitpro/libctru/lib/libctru.a(hid.o)
                              main.o (hidScanInput)
/opt/devkitpro/libctru/lib/libctru.a(irrst.o)
                              /opt/devkitpro/libctru/lib/libctru.a(hid.o) (irrstInit)
/opt/devkitpro/libctru/lib/libctru.a(swkbd.o)
                              main.o (swkbdInit)
/opt/devkitpro/libctru/lib/libctru.a(rbtree_find.o)
                              /opt/devkitpro/libctru/lib/libctru.a(linear.o) (rbtree_find)
/opt/devkitpro/libctru/lib/libctru.a(rbtree_init.o)
                              /opt/devkitpro/libctru/lib/libctru.a(linear.o) (rbtree_init)
/opt/devkitpro/libctru/lib/libctru.a(rbtree_insert.o)
                              /opt/devkitpro/libctru/lib/libctru.a(linear.o) (rbtree_insert)
/opt/devkitpro/libctru/lib/libctru.a(rbtree_remove.o)
                              /opt/devkitpro/libctru/lib/libctru.a(linear.o) (rbtree_remove)
/opt/devkitpro/libctru/lib/libctru.a(rbtree_rotate.o)
                              /opt/devkitpro/libctru/lib/libctru.a(rbtree_insert.o) (rbtree_rotate)
/opt/devkitpro/libctru/lib/libctru.a(utf16_to_utf8.o)
                              /opt/devkitpro/libctru/lib/libctru.a(romfs_dev.o) (utf16_to_utf8)
/opt/devkitpro/libctru/lib/libctru.a(utf8_to_utf16.o)
                              /opt/devkitpro/libctru/lib/libctru.a(romfs_dev.o) (utf8_to_utf16)
/opt/devkitpro/libctru/lib/libctru.a(allocateHeaps.o)
                              /opt/devkitpro/libctru/lib/libctru.a(linear.o) (__ctru_linear_heap_size)
/opt/devkitpro/libctru/lib/libctru.a(ctru_init.o)
                              /opt/devkitpro/libctru/lib/libctru.a(apt.o) (__system_retAddr)
/opt/devkitpro/libctru/lib/libctru.a(initArgv.o)
                              /opt/devkitpro/libctru/lib/libctru.a(ctru_init.o) (__system_initArgv)
/opt/devkitpro/libctru/lib/libctru.a(syscalls.o)
                              /opt/devkitpro/libctru/lib/libctru.a(ctru_init.o) (__system_initSyscalls)
/opt/devkitpro/libctru/lib/libctru.a(svc.o)
                              /opt/devkitpro/libctru/lib/libctru.a(allocateHeaps.o) (svcControlMemory)
/opt/devkitpro/libctru/lib/libctru.a(readtp.o)
                              /opt/devkitpro/libctru/lib/libctru.a(romfs_dev.o) (__aeabi_read_tp)
/opt/devkitpro/libctru/lib/libctru.a(stack_adjust.o)
                              /opt/devkitpro/devkitARM/lib/gcc/arm-none-eabi/16.1.0/../../../../arm-none-eabi/lib/armv6k/fpu/3dsx_crt0.o (initSystem)
/opt/devkitpro/libctru/lib/libctru.a(default_font.bin.o)
                              /opt/devkitpro/libctru/lib/libctru.a(console.o) (default_font_bin)
/opt/devkitpro/libctru/lib/libctru.a(vram.o)
                              /opt/devkitpro/libctru/lib/libctru.a(gfx.o) (vramAlloc)
/opt/devkitpro/libctru/lib/libctru.a(3dslink.o)
                              /opt/devkitpro/libctru/lib/libctru.a(initArgv.o) (__3dslink_host)
/opt/devkitpro/libctru/lib/libctru.a(env.o)
                              /opt/devkitpro/libctru/lib/libctru.a(ndsp.o) (envGetHandle)
/opt/devkitpro/libctru/lib/libctru.a(os.o)
                              /opt/devkitpro/libctru/lib/libctru.a(ndsp-channel.o) (osConvertVirtToPhys)
/opt/devkitpro/libctru/lib/libctru.a(path_buf.o)
                              /opt/devkitpro/libctru/lib/libctru.a(romfs_dev.o) (__ctru_dev_utf16_buf)
/opt/devkitpro/libctru/lib/libctru.a(srv.o)
                              /opt/devkitpro/libctru/lib/libctru.a(apt.o) (srvInit)
[...]
Memory Configuration

Name             Origin             Length             Attributes
*default*        0x00000000         0xffffffff

Linker script and memory map

                0x00000000                        __sync_synchronize = __sync_synchronize_dmb
                0x00100000                        PROVIDE (__start__ = 0x100000)
                0x00100000                        . = __start__

.text           0x00100000    0x21068
 *(.crt0)
 .crt0          0x00100000       0x94 /opt/devkitpro/devkitARM/lib/gcc/arm-none-eabi/16.1.0/../../../../arm-none-eabi/lib/armv6k/fpu/3dsx_crt0.o
                0x00100000                _start
                0x00100008                __service_ptr
                0x0010000c                __apt_appid
                0x00100010                __heap_size
                0x00100014                __linear_heap_size
                0x00100018                __system_arglist
                0x0010001c                __system_runflags
 *(.init)
 .init          0x00100094        0xc /opt/devkitpro/devkitARM/lib/gcc/arm-none-eabi/16.1.0/armv6k/fpu/crti.o
                0x00100094                _init
 .init          0x001000a0        0xc /opt/devkitpro/devkitARM/lib/gcc/arm-none-eabi/16.1.0/armv6k/fpu/crtn.o
                0x001000ac                        . = ALIGN (0x4)
 *(.text)
 .text          0x001000ac      0x20c /opt/devkitpro/devkitARM/lib/gcc/arm-none-eabi/16.1.0/armv6k/fpu/libgcc.a(_udivsi3.o)
                0x001000ac                __udivsi3
                0x001000ac                __aeabi_uidiv
                0x00100298                __aeabi_uidivmod
 .text          0x001002b8      0x240 /opt/devkitpro/devkitARM/lib/gcc/arm-none-eabi/16.1.0/armv6k/fpu/libgcc.a(_divsi3.o)
                0x001002b8                __aeabi_idiv
                0x001002b8                __divsi3
                0x001004d8                __aeabi_idivmod
 .text          0x001004f8        0x4 /opt/devkitpro/devkitARM/lib/gcc/arm-none-eabi/16.1.0/armv6k/fpu/libgcc.a(_dvmd_tls.o)
                0x001004f8                __aeabi_ldiv0
                0x001004f8                __aeabi_idiv0
 .text          0x001004fc       0xd4 /opt/devkitpro/devkitARM/lib/gcc/arm-none-eabi/16.1.0/armv6k/fpu/libgcc.a(_aeabi_ldivmod.o)
                0x001004fc                __aeabi_ldivmod
 .text          0x001005d0       0x3c /opt/devkitpro/devkitARM/lib/gcc/arm-none-eabi/16.1.0/armv6k/fpu/libgcc.a(_aeabi_uldivmod.o)
                0x001005d0                __aeabi_uldivmod
 *fill*         0x0010060c       0x14 
 .text          0x00100620      0x390 /opt/devkitpro/devkitARM/lib/gcc/arm-none-eabi/16.1.0/../../../../arm-none-eabi/lib/armv6k/fpu/libg.a(libc_a-strcmp.o)
                0x00100628                strcmp
 *(.text.*)
 .text.__do_global_dtors_aux
                0x001009b0       0x50 /opt/devkitpro/devkitARM/lib/gcc/arm-none-eabi/16.1.0/armv6k/fpu/crtbegin.o
 .text.frame_dummy
                0x00100a00       0x2c /opt/devkitpro/devkitARM/lib/gcc/arm-none-eabi/16.1.0/armv6k/fpu/crtbegin.o
 .text.printCenteredText
                0x00100a2c       0x40 main.o
                0x00100a2c                printCenteredText
 .text.startup.main
                0x00100a6c      0x794 main.o
                0x00100a6c                main
 .text._ZL21addrMapNodeComparatorPK11rbtree_nodeS1_
                0x00101200       0x24 /opt/devkitpro/libctru/lib/libctru.a(linear.o)
 .text._ZL21addrMapNodeDestructorP11rbtree_node
                0x00101224        0x4 /opt/devkitpro/libctru/lib/libctru.a(linear.o)
 .text.linearMemAlign
                0x00101228      0x12c /opt/devkitpro/libctru/lib/libctru.a(linear.o)
                0x00101228                linearMemAlign
 .text.linearAlloc
                0x00101354        0x8 /opt/devkitpro/libctru/lib/libctru.a(linear.o)
                0x00101354                linearAlloc
 .text.linearFree
                0x0010135c       0x5c /opt/devkitpro/libctru/lib/libctru.a(linear.o)
                0x0010135c                linearFree
 .text._ZN7MemPool13CoalesceRightEP8MemBlock
                0x001013b8       0x88 /opt/devkitpro/libctru/lib/libctru.a(mem_pool.o)
                0x001013b8                MemPool::CoalesceRight(MemBlock*)
 .text._ZN7MemPool8AllocateER8MemChunkmi
                0x00101440      0x178 /opt/devkitpro/libctru/lib/libctru.a(mem_pool.o)
                0x00101440                MemPool::Allocate(MemChunk&, unsigned long, int)
 .text._ZN7MemPool10DeallocateERK8MemChunk
                0x001015b8      0x118 /opt/devkitpro/libctru/lib/libctru.a(mem_pool.o)
                0x001015b8                MemPool::Deallocate(MemChunk const&)
 .text._ZN7MemPool12GetFreeSpaceEv
                0x001016d0       0x30 /opt/devkitpro/libctru/lib/libctru.a(mem_pool.o)
                0x001016d0                MemPool::GetFreeSpace()
 .text.consoleDrawChar
                0x00101700      0x1c8 /opt/devkitpro/libctru/lib/libctru.a(console.o)
                0x00101700                consoleDrawChar
 .text.consolePrintChar
                0x001018c8      0x170 /opt/devkitpro/libctru/lib/libctru.a(console.o)
                0x001018c8                consolePrintChar
 .text.con_write
                0x00101a38      0xcc8 /opt/devkitpro/libctru/lib/libctru.a(console.o)
                0x00101a38                con_write
 .text.newRow   0x00102700       0xfc /opt/devkitpro/libctru/lib/libctru.a(console.o)
 .text.consoleInit
                0x001027fc      0x180 /opt/devkitpro/libctru/lib/libctru.a(console.o)
                0x001027fc                consoleInit
 .text.consoleClear
                0x0010297c       0xb8 /opt/devkitpro/libctru/lib/libctru.a(console.o)
                0x0010297c                consoleClear
 .text.gfxPresentFramebuffer
                0x00102a34       0xcc /opt/devkitpro/libctru/lib/libctru.a(gfx.o)
 .text.gfxIsWide
                0x00102b00       0x1c /opt/devkitpro/libctru/lib/libctru.a(gfx.o)
                0x00102b00                gfxIsWide
 .text.gfxSetScreenFormat
                0x00102b1c       0xf8 /opt/devkitpro/libctru/lib/libctru.a(gfx.o)
                0x00102b1c                gfxSetScreenFormat
 .text.gfxSetDoubleBuffering
                0x00102c14       0x10 /opt/devkitpro/libctru/lib/libctru.a(gfx.o)
                0x00102c14                gfxSetDoubleBuffering
 .text.gfxInit  0x00102c24       0xd8 /opt/devkitpro/libctru/lib/libctru.a(gfx.o)
                0x00102c24                gfxInit
 .text.gfxInitDefault
                0x00102cfc       0x10 /opt/devkitpro/libctru/lib/libctru.a(gfx.o)
                0x00102cfc                gfxInitDefault
 .text.gfxExit  0x00102d0c       0xb8 /opt/devkitpro/libctru/lib/libctru.a(gfx.o)
                0x00102d0c                gfxExit
 .text.gfxGetFramebuffer
                0x00102dc4       0xa0 /opt/devkitpro/libctru/lib/libctru.a(gfx.o)
                0x00102dc4                gfxGetFramebuffer
 .text.gfxFlushBuffers
                0x00102e64      0x100 /opt/devkitpro/libctru/lib/libctru.a(gfx.o)
                0x00102e64                gfxFlushBuffers
 .text.gfxSwapBuffers
                0x00102f64       0x50 /opt/devkitpro/libctru/lib/libctru.a(gfx.o)
                0x00102f64                gfxSwapBuffers
 .text.gfxSwapBuffersGpu
                0x00102fb4       0x50 /opt/devkitpro/libctru/lib/libctru.a(gfx.o)
                0x00102fb4                gfxSwapBuffersGpu
 .text.romfs_close
                0x00103004        0x8 /opt/devkitpro/libctru/lib/libctru.a(romfs_dev.o)
 .text.romfs_seek
                0x0010300c       0xac /opt/devkitpro/libctru/lib/libctru.a(romfs_dev.o)
 .text.romfs_dirreset
                0x001030b8       0x24 /opt/devkitpro/libctru/lib/libctru.a(romfs_dev.o)
 .text.fill_dir
                0x001030dc       0xc0 /opt/devkitpro/libctru/lib/libctru.a(romfs_dev.o)
 .text.romfs_dirnext
                0x0010319c      0x2ac /opt/devkitpro/libctru/lib/libctru.a(romfs_dev.o)
 .text.romfs_free
                0x00103448       0x74 /opt/devkitpro/libctru/lib/libctru.a(romfs_dev.o)
 .text.searchForFile.constprop.0
                0x001034bc       0xd0 /opt/devkitpro/libctru/lib/libctru.a(romfs_dev.o)
 .text.searchForDir.constprop.0
                0x0010358c       0xd4 /opt/devkitpro/libctru/lib/libctru.a(romfs_dev.o)
 .text.navigateToDir.constprop.0
                0x00103660      0x1c0 /opt/devkitpro/libctru/lib/libctru.a(romfs_dev.o)
 .text.romfs_open
                0x00103820      0x114 /opt/devkitpro/libctru/lib/libctru.a(romfs_dev.o)
 .text.romfs_chdir
                0x00103934       0x4c /opt/devkitpro/libctru/lib/libctru.a(romfs_dev.o)
 .text.romfs_diropen
                0x00103980       0x68 /opt/devkitpro/libctru/lib/libctru.a(romfs_dev.o)
 .text.romfs_stat
                0x001039e8      0x178 /opt/devkitpro/libctru/lib/libctru.a(romfs_dev.o)
 .text.romfs_dirclose
                0x00103b60        0x8 /opt/devkitpro/libctru/lib/libctru.a(romfs_dev.o)
 .text.romfs_fstat
                0x00103b68       0x7c /opt/devkitpro/libctru/lib/libctru.a(romfs_dev.o)
 .text.romfs_read
                0x00103be4       0xd0 /opt/devkitpro/libctru/lib/libctru.a(romfs_dev.o)
 .text.romfsMountFromFile
                0x00103cb4      0x294 /opt/devkitpro/libctru/lib/libctru.a(romfs_dev.o)
                0x00103cb4                romfsMountFromFile
 .text.romfsMountFromCurrentProcess
                0x00103f48       0x98 /opt/devkitpro/libctru/lib/libctru.a(romfs_dev.o)
                0x00103f48                romfsMountFromCurrentProcess
 .text.romfsMountSelf
                0x00103fe0      0x258 /opt/devkitpro/libctru/lib/libctru.a(romfs_dev.o)
                0x00103fe0                romfsMountSelf
 .text.romfsUnmount
                0x00104238       0xa0 /opt/devkitpro/libctru/lib/libctru.a(romfs_dev.o)
                0x00104238                romfsUnmount
 .text.ndspUpdateMaster
                0x001042d8      0x158 /opt/devkitpro/libctru/lib/libctru.a(ndsp.o)
 .text.ndspFinalize
                0x00104430      0x108 /opt/devkitpro/libctru/lib/libctru.a(ndsp.o)
 .text.ndspInitialize.part.0
                0x00104538      0x25c /opt/devkitpro/libctru/lib/libctru.a(ndsp.o)
 .text.ndspHookCallback
                0x00104794      0x108 /opt/devkitpro/libctru/lib/libctru.a(ndsp.o)
 *fill*         0x0010489c        0x4 
 .text.ndspThreadMain
                0x001048a0      0x318 /opt/devkitpro/libctru/lib/libctru.a(ndsp.o)
 .text.ndspInit
                0x00104bb8      0x3f0 /opt/devkitpro/libctru/lib/libctru.a(ndsp.o)
                0x00104bb8                ndspInit
 .text.ndspExit
                0x00104fa8       0xd8 /opt/devkitpro/libctru/lib/libctru.a(ndsp.o)
                0x00104fa8                ndspExit
 .text.ndspSetOutputMode
                0x00105080       0x34 /opt/devkitpro/libctru/lib/libctru.a(ndsp.o)
                0x00105080                ndspSetOutputMode
 .text.ndspChnReset
                0x001050b4       0xe0 /opt/devkitpro/libctru/lib/libctru.a(ndsp-channel.o)
                0x001050b4                ndspChnReset
 .text.ndspChnSetFormat
                0x00105194       0x18 /opt/devkitpro/libctru/lib/libctru.a(ndsp-channel.o)
                0x00105194                ndspChnSetFormat
 .text.ndspChnSetInterp
                0x001051ac       0x50 /opt/devkitpro/libctru/lib/libctru.a(ndsp-channel.o)
                0x001051ac                ndspChnSetInterp
 .text.ndspChnSetRate
                0x001051fc       0x60 /opt/devkitpro/libctru/lib/libctru.a(ndsp-channel.o)
                0x001051fc                ndspChnSetRate
 .text.ndspChnSetMix
                0x0010525c       0x80 /opt/devkitpro/libctru/lib/libctru.a(ndsp-channel.o)
                0x0010525c                ndspChnSetMix
 .text.ndspChnWaveBufClear
                0x001052dc       0xb0 /opt/devkitpro/libctru/lib/libctru.a(ndsp-channel.o)
                0x001052dc                ndspChnWaveBufClear
 .text.ndspChnWaveBufAdd
                0x0010538c       0xc8 /opt/devkitpro/libctru/lib/libctru.a(ndsp-channel.o)
                0x0010538c                ndspChnWaveBufAdd
 .text.ndspiInitChn
                0x00105454       0x40 /opt/devkitpro/libctru/lib/libctru.a(ndsp-channel.o)
                0x00105454                ndspiInitChn
 .text.ndspiDirtyChn
                0x00105494       0x2c /opt/devkitpro/libctru/lib/libctru.a(ndsp-channel.o)
                0x00105494                ndspiDirtyChn
 .text.ndspiUpdateChn
                0x001054c0      0x43c /opt/devkitpro/libctru/lib/libctru.a(ndsp-channel.o)
                0x001054c0                ndspiUpdateChn
 .text.ndspiReadChnState
                0x001058fc      0x180 /opt/devkitpro/libctru/lib/libctru.a(ndsp-channel.o)
                0x001058fc                ndspiReadChnState
 .text.aptConvertScreenForCapture
                0x00105a7c      0x180 /opt/devkitpro/libctru/lib/libctru.a(apt.o)
 .text.aptSendCommand
                0x00105bfc      0x138 /opt/devkitpro/libctru/lib/libctru.a(apt.o)
                0x00105bfc                aptSendCommand
 *fill*         0x00105d34        0x4 
 .text.aptExitProcess
                0x00105d38       0x44 /opt/devkitpro/libctru/lib/libctru.a(apt.o)
 .text.aptExit  0x00105d7c      0x394 /opt/devkitpro/libctru/lib/libctru.a(apt.o)
                0x00105d7c                aptExit
 .text.aptHandleSleep
                0x00106110       0xd8 /opt/devkitpro/libctru/lib/libctru.a(apt.o)
                0x00106110                aptHandleSleep
 .text.aptSetMessageCallback
                0x001061e8       0x1c /opt/devkitpro/libctru/lib/libctru.a(apt.o)
                0x001061e8                aptSetMessageCallback
 .text.APT_SleepIfShellClosed
                0x00106204       0x84 /opt/devkitpro/libctru/lib/libctru.a(apt.o)
                0x00106204                APT_SleepIfShellClosed
 .text.aptSetSleepAllowed
                0x00106288       0x78 /opt/devkitpro/libctru/lib/libctru.a(apt.o)
                0x00106288                aptSetSleepAllowed
 .text.APT_UnlockTransition
                0x00106300       0x84 /opt/devkitpro/libctru/lib/libctru.a(apt.o)
                0x00106300                APT_UnlockTransition
 *fill*         0x00106384        0x4 
 .text.aptEventHandler
                0x00106388      0x470 /opt/devkitpro/libctru/lib/libctru.a(apt.o)
 .text.APT_ReceiveParameter
                0x001067f8       0xbc /opt/devkitpro/libctru/lib/libctru.a(apt.o)
                0x001067f8                APT_ReceiveParameter
 .text.aptReceiveParameter.constprop.0
                0x001068b4       0xb0 /opt/devkitpro/libctru/lib/libctru.a(apt.o)
 *fill*         0x00106964        0x4 
 .text.aptScreenTransfer
                0x00106968      0x294 /opt/devkitpro/libctru/lib/libctru.a(apt.o)
 .text.aptWaitForWakeUp.isra.0
                0x00106bfc      0x2d0 /opt/devkitpro/libctru/lib/libctru.a(apt.o)
 .text.aptLaunchLibraryApplet
                0x00106ecc      0x114 /opt/devkitpro/libctru/lib/libctru.a(apt.o)
                0x00106ecc                aptLaunchLibraryApplet
 .text.aptJumpToHomeMenu
                0x00106fe0       0xf4 /opt/devkitpro/libctru/lib/libctru.a(apt.o)
                0x00106fe0                aptJumpToHomeMenu
 .text.aptMainLoop
                0x001070d4       0x58 /opt/devkitpro/libctru/lib/libctru.a(apt.o)
                0x001070d4                aptMainLoop
 .text.aptInit  0x0010712c      0x240 /opt/devkitpro/libctru/lib/libctru.a(apt.o)
                0x0010712c                aptInit
 .text.APT_SendParameter
                0x0010736c       0x5c /opt/devkitpro/libctru/lib/libctru.a(apt.o)
                0x0010736c                APT_SendParameter
 .text.APT_CheckNew3DS
                0x001073c8       0x90 /opt/devkitpro/libctru/lib/libctru.a(apt.o)
                0x001073c8                APT_CheckNew3DS
 .text.cfguInit
                0x00107458       0xa8 /opt/devkitpro/libctru/lib/libctru.a(cfgu.o)
                0x00107458                cfguInit
 .text.cfguExit
                0x00107500       0x3c /opt/devkitpro/libctru/lib/libctru.a(cfgu.o)
                0x00107500                cfguExit
 .text.CFGU_GetConfigInfoBlk2
                0x0010753c       0x4c /opt/devkitpro/libctru/lib/libctru.a(cfgu.o)
                0x0010753c                CFGU_GetConfigInfoBlk2
 .text.DSP_LoadComponent.part.0
                0x00107588       0xa4 /opt/devkitpro/libctru/lib/libctru.a(dsp.o)
 .text.dspInit  0x0010762c       0xfc /opt/devkitpro/libctru/lib/libctru.a(dsp.o)
                0x0010762c                dspInit
 .text.dspExit  0x00107728       0x8c /opt/devkitpro/libctru/lib/libctru.a(dsp.o)
                0x00107728                dspExit
 .text.dspHook  0x001077b4       0x24 /opt/devkitpro/libctru/lib/libctru.a(dsp.o)
                0x001077b4                dspHook
 .text.dspUnhook
                0x001077d8       0x30 /opt/devkitpro/libctru/lib/libctru.a(dsp.o)
                0x001077d8                dspUnhook
 .text.aptDspSleep
                0x00107808       0xb4 /opt/devkitpro/libctru/lib/libctru.a(dsp.o)
                0x00107808                aptDspSleep
 .text.aptDspWakeup
                0x001078bc       0xb4 /opt/devkitpro/libctru/lib/libctru.a(dsp.o)
                0x001078bc                aptDspWakeup
 .text.aptDspCancel
                0x00107970       0x44 /opt/devkitpro/libctru/lib/libctru.a(dsp.o)
                0x00107970                aptDspCancel
 .text.DSP_FlushDataCache
                0x001079b4       0x50 /opt/devkitpro/libctru/lib/libctru.a(dsp.o)
                0x001079b4                DSP_FlushDataCache
 .text.DSP_SetSemaphore
                0x00107a04       0x34 /opt/devkitpro/libctru/lib/libctru.a(dsp.o)
                0x00107a04                DSP_SetSemaphore
 .text.DSP_SetSemaphoreMask
                0x00107a38       0x34 /opt/devkitpro/libctru/lib/libctru.a(dsp.o)
                0x00107a38                DSP_SetSemaphoreMask
 .text.DSP_GetSemaphoreHandle
                0x00107a6c       0x38 /opt/devkitpro/libctru/lib/libctru.a(dsp.o)
                0x00107a6c                DSP_GetSemaphoreHandle
 .text.DSP_LoadComponent
                0x00107aa4       0x3c /opt/devkitpro/libctru/lib/libctru.a(dsp.o)
                0x00107aa4                DSP_LoadComponent
 .text.DSP_RegisterInterruptEvents
                0x00107ae0       0x44 /opt/devkitpro/libctru/lib/libctru.a(dsp.o)
                0x00107ae0                DSP_RegisterInterruptEvents
 .text.DSP_ReadPipeIfPossible
                0x00107b24       0x78 /opt/devkitpro/libctru/lib/libctru.a(dsp.o)
                0x00107b24                DSP_ReadPipeIfPossible
 .text.DSP_WriteProcessPipe
                0x00107b9c       0x4c /opt/devkitpro/libctru/lib/libctru.a(dsp.o)
                0x00107b9c                DSP_WriteProcessPipe
 .text.DSP_ConvertProcessAddressFromDspDram
                0x00107be8       0x44 /opt/devkitpro/libctru/lib/libctru.a(dsp.o)
                0x00107be8                DSP_ConvertProcessAddressFromDspDram
 .text.DSP_RecvData
                0x00107c2c       0x44 /opt/devkitpro/libctru/lib/libctru.a(dsp.o)
                0x00107c2c                DSP_RecvData
 .text.DSP_RecvDataIsReady
                0x00107c70       0x50 /opt/devkitpro/libctru/lib/libctru.a(dsp.o)
                0x00107c70                DSP_RecvDataIsReady
 .text.fsInit   0x00107cc0      0x104 /opt/devkitpro/libctru/lib/libctru.a(fs.o)
                0x00107cc0                fsInit
 .text.fsExit   0x00107dc4       0x3c /opt/devkitpro/libctru/lib/libctru.a(fs.o)
                0x00107dc4                fsExit
 .text.fsExemptFromSession
                0x00107e00       0x68 /opt/devkitpro/libctru/lib/libctru.a(fs.o)
                0x00107e00                fsExemptFromSession
 .text.fsUnexemptFromSession
                0x00107e68       0x50 /opt/devkitpro/libctru/lib/libctru.a(fs.o)
                0x00107e68                fsUnexemptFromSession
 .text.FSUSER_OpenFile
                0x00107eb8       0xcc /opt/devkitpro/libctru/lib/libctru.a(fs.o)
                0x00107eb8                FSUSER_OpenFile
 .text.FSUSER_OpenFileDirectly
                0x00107f84       0xcc /opt/devkitpro/libctru/lib/libctru.a(fs.o)
                0x00107f84                FSUSER_OpenFileDirectly
 .text.FSUSER_DeleteFile
                0x00108050       0xb8 /opt/devkitpro/libctru/lib/libctru.a(fs.o)
                0x00108050                FSUSER_DeleteFile
 .text.FSUSER_RenameFile
                0x00108108       0xf4 /opt/devkitpro/libctru/lib/libctru.a(fs.o)
                0x00108108                FSUSER_RenameFile
 .text.FSUSER_DeleteDirectory
                0x001081fc       0xb8 /opt/devkitpro/libctru/lib/libctru.a(fs.o)
                0x001081fc                FSUSER_DeleteDirectory
 .text.FSUSER_CreateFile
                0x001082b4       0xd0 /opt/devkitpro/libctru/lib/libctru.a(fs.o)
                0x001082b4                FSUSER_CreateFile
 .text.FSUSER_CreateDirectory
                0x00108384       0xc0 /opt/devkitpro/libctru/lib/libctru.a(fs.o)
                0x00108384                FSUSER_CreateDirectory
 .text.FSUSER_RenameDirectory
                0x00108444       0xf4 /opt/devkitpro/libctru/lib/libctru.a(fs.o)
                0x00108444                FSUSER_RenameDirectory
 .text.FSUSER_OpenDirectory
                0x00108538       0xb4 /opt/devkitpro/libctru/lib/libctru.a(fs.o)
                0x00108538                FSUSER_OpenDirectory
 .text.FSUSER_OpenArchive
                0x001085ec       0x90 /opt/devkitpro/libctru/lib/libctru.a(fs.o)
                0x001085ec                FSUSER_OpenArchive
 .text.FSUSER_CloseArchive
                0x0010867c       0x8c /opt/devkitpro/libctru/lib/libctru.a(fs.o)
                0x0010867c                FSUSER_CloseArchive
 .text.FSUSER_GetSdmcArchiveResource
                0x00108708       0x74 /opt/devkitpro/libctru/lib/libctru.a(fs.o)
                0x00108708                FSUSER_GetSdmcArchiveResource
 .text.FSUSER_IsSdmcWritable
                0x0010877c       0x64 /opt/devkitpro/libctru/lib/libctru.a(fs.o)
                0x0010877c                FSUSER_IsSdmcWritable
 .text.FSFILE_Read
                0x001087e0       0x64 /opt/devkitpro/libctru/lib/libctru.a(fs.o)
                0x001087e0                FSFILE_Read
 .text.FSFILE_Write
                0x00108844       0x6c /opt/devkitpro/libctru/lib/libctru.a(fs.o)
                0x00108844                FSFILE_Write
 .text.FSFILE_GetSize
                0x001088b0       0x44 /opt/devkitpro/libctru/lib/libctru.a(fs.o)
                0x001088b0                FSFILE_GetSize
 .text.FSFILE_SetSize
                0x001088f4       0x28 /opt/devkitpro/libctru/lib/libctru.a(fs.o)
                0x001088f4                FSFILE_SetSize
 .text.FSFILE_Close
                0x0010891c       0x3c /opt/devkitpro/libctru/lib/libctru.a(fs.o)
                0x0010891c                FSFILE_Close
 .text.FSFILE_Flush
                0x00108958       0x24 /opt/devkitpro/libctru/lib/libctru.a(fs.o)
                0x00108958                FSFILE_Flush
 .text.FSDIR_Read
                0x0010897c       0x60 /opt/devkitpro/libctru/lib/libctru.a(fs.o)
                0x0010897c                FSDIR_Read
 .text.FSDIR_Close
                0x001089dc       0x3c /opt/devkitpro/libctru/lib/libctru.a(fs.o)
                0x001089dc                FSDIR_Close
 .text.gspHardwareInit
                0x00108a18      0xc70 /opt/devkitpro/libctru/lib/libctru.a(gspgpu.o)
 .text.gspInit  0x00109688      0x288 /opt/devkitpro/libctru/lib/libctru.a(gspgpu.o)
                0x00109688                gspInit
 .text.gspExit  0x00109910      0x104 /opt/devkitpro/libctru/lib/libctru.a(gspgpu.o)
                0x00109910                gspExit
 .text.gspHasGpuRight
                0x00109a14       0x10 /opt/devkitpro/libctru/lib/libctru.a(gspgpu.o)
                0x00109a14                gspHasGpuRight
 .text.gspPresentBuffer
                0x00109a24       0xa4 /opt/devkitpro/libctru/lib/libctru.a(gspgpu.o)
                0x00109a24                gspPresentBuffer
 .text.gspWaitForEvent
                0x00109ac8       0x50 /opt/devkitpro/libctru/lib/libctru.a(gspgpu.o)
                0x00109ac8                gspWaitForEvent
 .text.gxCmdQueueInterrupt
                0x00109b18        0x4 /opt/devkitpro/libctru/lib/libctru.a(gspgpu.o)
                0x00109b18                gxCmdQueueInterrupt
 .text.gspEventThreadMain
                0x00109b1c      0x154 /opt/devkitpro/libctru/lib/libctru.a(gspgpu.o)
 .text.GSPGPU_FlushDataCache
                0x00109c70       0x50 /opt/devkitpro/libctru/lib/libctru.a(gspgpu.o)
                0x00109c70                GSPGPU_FlushDataCache
 .text.GSPGPU_SetLcdForceBlack
                0x00109cc0       0x34 /opt/devkitpro/libctru/lib/libctru.a(gspgpu.o)
                0x00109cc0                GSPGPU_SetLcdForceBlack
 .text.GSPGPU_AcquireRight
                0x00109cf4       0x84 /opt/devkitpro/libctru/lib/libctru.a(gspgpu.o)
                0x00109cf4                GSPGPU_AcquireRight
 .text.GSPGPU_ReleaseRight
                0x00109d78       0x64 /opt/devkitpro/libctru/lib/libctru.a(gspgpu.o)
                0x00109d78                GSPGPU_ReleaseRight
 .text.GSPGPU_ImportDisplayCaptureInfo
                0x00109ddc       0x7c /opt/devkitpro/libctru/lib/libctru.a(gspgpu.o)
                0x00109ddc                GSPGPU_ImportDisplayCaptureInfo
 .text.GSPGPU_SaveVramSysArea
                0x00109e58       0x2c /opt/devkitpro/libctru/lib/libctru.a(gspgpu.o)
                0x00109e58                GSPGPU_SaveVramSysArea
 .text.GSPGPU_RestoreVramSysArea
                0x00109e84       0x2c /opt/devkitpro/libctru/lib/libctru.a(gspgpu.o)
                0x00109e84                GSPGPU_RestoreVramSysArea
 .text.hidShouldUseIrrst
                0x00109eb0       0x24 /opt/devkitpro/libctru/lib/libctru.a(hid.o)
                0x00109eb0                hidShouldUseIrrst
 .text.hidInit  0x00109ed4      0x1cc /opt/devkitpro/libctru/lib/libctru.a(hid.o)
                0x00109ed4                hidInit
 .text.hidExit  0x0010a0a0       0xe8 /opt/devkitpro/libctru/lib/libctru.a(hid.o)
                0x0010a0a0                hidExit
 .text.hidScanInput
                0x0010a188      0x2a0 /opt/devkitpro/libctru/lib/libctru.a(hid.o)
                0x0010a188                hidScanInput
 .text.hidKeysDown
                0x0010a428       0x10 /opt/devkitpro/libctru/lib/libctru.a(hid.o)
                0x0010a428                hidKeysDown
 .text.irrstInit
                0x0010a438      0x1a4 /opt/devkitpro/libctru/lib/libctru.a(irrst.o)
                0x0010a438                irrstInit
 .text.irrstExit
                0x0010a5dc       0xdc /opt/devkitpro/libctru/lib/libctru.a(irrst.o)
                0x0010a5dc                irrstExit
 .text.irrstScanInput
                0x0010a6b8       0xb4 /opt/devkitpro/libctru/lib/libctru.a(irrst.o)
                0x0010a6b8                irrstScanInput
 .text.irrstKeysHeld
                0x0010a76c       0x24 /opt/devkitpro/libctru/lib/libctru.a(irrst.o)
                0x0010a76c                irrstKeysHeld
 .text.swkbdMessageCallback
                0x0010a790      0x190 /opt/devkitpro/libctru/lib/libctru.a(swkbd.o)
 .text.swkbdInit
                0x0010a920       0x84 /opt/devkitpro/libctru/lib/libctru.a(swkbd.o)
                0x0010a920                swkbdInit
 .text.swkbdSetFeatures
                0x0010a9a4       0x40 /opt/devkitpro/libctru/lib/libctru.a(swkbd.o)
                0x0010a9a4                swkbdSetFeatures
 .text.swkbdSetHintText
                0x0010a9e4       0x64 /opt/devkitpro/libctru/lib/libctru.a(swkbd.o)
                0x0010a9e4                swkbdSetHintText
 .text.swkbdSetButton
                0x0010aa48       0x88 /opt/devkitpro/libctru/lib/libctru.a(swkbd.o)
                0x0010aa48                swkbdSetButton
 .text.swkbdInputText
                0x0010aad0      0x3a8 /opt/devkitpro/libctru/lib/libctru.a(swkbd.o)
                0x0010aad0                swkbdInputText
 .text.rbtree_find
                0x0010ae78       0x74 /opt/devkitpro/libctru/lib/libctru.a(rbtree_find.o)
                0x0010ae78                rbtree_find
 .text.rbtree_init
                0x0010aeec       0x10 /opt/devkitpro/libctru/lib/libctru.a(rbtree_init.o)
                0x0010aeec                rbtree_init
 .text.do_insert
                0x0010aefc      0x198 /opt/devkitpro/libctru/lib/libctru.a(rbtree_insert.o)
 .text.rbtree_insert
                0x0010b094        0x8 /opt/devkitpro/libctru/lib/libctru.a(rbtree_insert.o)
                0x0010b094                rbtree_insert
 .text.rbtree_remove
                0x0010b09c      0x310 /opt/devkitpro/libctru/lib/libctru.a(rbtree_remove.o)
                0x0010b09c                rbtree_remove
 .text.rbtree_rotate
                0x0010b3ac       0x90 /opt/devkitpro/libctru/lib/libctru.a(rbtree_rotate.o)
                0x0010b3ac                rbtree_rotate
 .text.utf16_to_utf8
                0x0010b43c       0xe8 /opt/devkitpro/libctru/lib/libctru.a(utf16_to_utf8.o)
                0x0010b43c                utf16_to_utf8
 .text.utf8_to_utf16
                0x0010b524       0xc0 /opt/devkitpro/libctru/lib/libctru.a(utf8_to_utf16.o)
                0x0010b524                utf8_to_utf16
 *fill*         0x0010b5e4        0x4 
 .text.__system_allocateHeaps
                0x0010b5e8      0x1e8 /opt/devkitpro/libctru/lib/libctru.a(allocateHeaps.o)
                0x0010b5e8                __system_allocateHeaps
 .text.__libctru_init
                0x0010b7d0       0x38 /opt/devkitpro/libctru/lib/libctru.a(ctru_init.o)
                0x0010b7d0                __libctru_init
 .text.__system_initArgv
                0x0010b808      0x16c /opt/devkitpro/libctru/lib/libctru.a(initArgv.o)
                0x0010b808                __system_initArgv
 .text.__syscall_getreent
                0x0010b974       0x30 /opt/devkitpro/libctru/lib/libctru.a(syscalls.o)
                0x0010b974                __syscall_getreent
 .text.__syscall_gettod_r
                0x0010b9a4       0x64 /opt/devkitpro/libctru/lib/libctru.a(syscalls.o)
                0x0010b9a4                __syscall_gettod_r
 .text.__syscall_lock_acquire
                0x0010ba08        0x4 /opt/devkitpro/libctru/lib/libctru.a(syscalls.o)
                0x0010ba08                __syscall_lock_acquire
 .text.__syscall_lock_release
                0x0010ba0c        0x4 /opt/devkitpro/libctru/lib/libctru.a(syscalls.o)
                0x0010ba0c                __syscall_lock_release
 .text.__syscall_lock_acquire_recursive
                0x0010ba10        0x4 /opt/devkitpro/libctru/lib/libctru.a(syscalls.o)
                0x0010ba10                __syscall_lock_acquire_recursive
 .text.__syscall_lock_release_recursive
                0x0010ba14        0x4 /opt/devkitpro/libctru/lib/libctru.a(syscalls.o)
                0x0010ba14                __syscall_lock_release_recursive
 .text.__syscall_exit
                0x0010ba18        0x4 /opt/devkitpro/libctru/lib/libctru.a(syscalls.o)
                0x0010ba18                __syscall_exit
 .text.initThreadVars
                0x0010ba1c       0x54 /opt/devkitpro/libctru/lib/libctru.a(syscalls.o)
                0x0010ba1c                initThreadVars
 .text.__system_initSyscalls
                0x0010ba70       0x80 /opt/devkitpro/libctru/lib/libctru.a(syscalls.o)
                0x0010ba70                __system_initSyscalls
 .text.svcControlMemory
                0x0010baf0       0x20 /opt/devkitpro/libctru/lib/libctru.a(svc.o)
                0x0010baf0                svcControlMemory
 .text.svcQueryMemory
                0x0010bb10       0x30 /opt/devkitpro/libctru/lib/libctru.a(svc.o)
                0x0010bb10                svcQueryMemory
 .text.svcExitProcess
                0x0010bb40        0x8 /opt/devkitpro/libctru/lib/libctru.a(svc.o)
                0x0010bb40                svcExitProcess
 .text.svcCreateThread
                0x0010bb48       0x20 /opt/devkitpro/libctru/lib/libctru.a(svc.o)
                0x0010bb48                svcCreateThread
 .text.svcExitThread
                0x0010bb68        0x8 /opt/devkitpro/libctru/lib/libctru.a(svc.o)
                0x0010bb68                svcExitThread
 .text.svcSleepThread
                0x0010bb70        0x8 /opt/devkitpro/libctru/lib/libctru.a(svc.o)
                0x0010bb70                svcSleepThread
 .text.svcReleaseMutex
                0x0010bb78        0x8 /opt/devkitpro/libctru/lib/libctru.a(svc.o)
                0x0010bb78                svcReleaseMutex
 .text.svcCreateEvent
                0x0010bb80       0x14 /opt/devkitpro/libctru/lib/libctru.a(svc.o)
                0x0010bb80                svcCreateEvent
 .text.svcSignalEvent
                0x0010bb94        0x8 /opt/devkitpro/libctru/lib/libctru.a(svc.o)
                0x0010bb94                svcSignalEvent
 .text.svcClearEvent
                0x0010bb9c        0x8 /opt/devkitpro/libctru/lib/libctru.a(svc.o)
                0x0010bb9c                svcClearEvent
 .text.svcCreateMemoryBlock
                0x0010bba4       0x18 /opt/devkitpro/libctru/lib/libctru.a(svc.o)
                0x0010bba4                svcCreateMemoryBlock
 .text.svcMapMemoryBlock
                0x0010bbbc        0x8 /opt/devkitpro/libctru/lib/libctru.a(svc.o)
                0x0010bbbc                svcMapMemoryBlock
 .text.svcUnmapMemoryBlock
                0x0010bbc4        0x8 /opt/devkitpro/libctru/lib/libctru.a(svc.o)
                0x0010bbc4                svcUnmapMemoryBlock
 .text.svcCreateAddressArbiter
                0x0010bbcc       0x14 /opt/devkitpro/libctru/lib/libctru.a(svc.o)
                0x0010bbcc                svcCreateAddressArbiter
 .text.svcArbitrateAddressNoTimeout
                0x0010bbe0        0x8 /opt/devkitpro/libctru/lib/libctru.a(svc.o)
                0x0010bbe0                svcArbitrateAddressNoTimeout
 .text.svcCloseHandle
                0x0010bbe8        0x8 /opt/devkitpro/libctru/lib/libctru.a(svc.o)
                0x0010bbe8                svcCloseHandle
 .text.svcWaitSynchronization
                0x0010bbf0        0x8 /opt/devkitpro/libctru/lib/libctru.a(svc.o)
                0x0010bbf0                svcWaitSynchronization
 .text.svcWaitSynchronizationN
                0x0010bbf8       0x28 /opt/devkitpro/libctru/lib/libctru.a(svc.o)
                0x0010bbf8                svcWaitSynchronizationN
 .text.svcDuplicateHandle
                0x0010bc20       0x14 /opt/devkitpro/libctru/lib/libctru.a(svc.o)
                0x0010bc20                svcDuplicateHandle
 .text.svcGetSystemTick
                0x0010bc34        0x8 /opt/devkitpro/libctru/lib/libctru.a(svc.o)
                0x0010bc34                svcGetSystemTick
 .text.svcConnectToPort
                0x0010bc3c       0x14 /opt/devkitpro/libctru/lib/libctru.a(svc.o)
                0x0010bc3c                svcConnectToPort
 .text.svcSendSyncRequest
                0x0010bc50        0x8 /opt/devkitpro/libctru/lib/libctru.a(svc.o)
                0x0010bc50                svcSendSyncRequest
 .text.svcGetResourceLimit
                0x0010bc58       0x14 /opt/devkitpro/libctru/lib/libctru.a(svc.o)
                0x0010bc58                svcGetResourceLimit
 .text.svcGetResourceLimitLimitValues
                0x0010bc6c        0x8 /opt/devkitpro/libctru/lib/libctru.a(svc.o)
                0x0010bc6c                svcGetResourceLimitLimitValues
 .text.svcGetResourceLimitCurrentValues
                0x0010bc74        0x8 /opt/devkitpro/libctru/lib/libctru.a(svc.o)
                0x0010bc74                svcGetResourceLimitCurrentValues
 .text.svcBreak
                0x0010bc7c        0x8 /opt/devkitpro/libctru/lib/libctru.a(svc.o)
                0x0010bc7c                svcBreak
 .text.__aeabi_read_tp
                0x0010bc84        0xc /opt/devkitpro/libctru/lib/libctru.a(readtp.o)
                0x0010bc84                __aeabi_read_tp
 .text.initSystem
                0x0010bc90       0x50 /opt/devkitpro/libctru/lib/libctru.a(stack_adjust.o)
                0x0010bc90                initSystem
 .text.__ctru_exit
                0x0010bce0       0x14 /opt/devkitpro/libctru/lib/libctru.a(stack_adjust.o)
                0x0010bce0                __ctru_exit
 .text._ZL21addrMapNodeComparatorPK11rbtree_nodeS1_
                0x0010bcf4       0x24 /opt/devkitpro/libctru/lib/libctru.a(vram.o)
 .text._ZL21addrMapNodeDestructorP11rbtree_node
                0x0010bd18        0x4 /opt/devkitpro/libctru/lib/libctru.a(vram.o)
 .text.vramMemAlignAt
                0x0010bd1c      0x248 /opt/devkitpro/libctru/lib/libctru.a(vram.o)
                0x0010bd1c                vramMemAlignAt
 .text.vramAlloc
                0x0010bf64        0xc /opt/devkitpro/libctru/lib/libctru.a(vram.o)
                0x0010bf64                vramAlloc
 .text.vramFree
                0x0010bf70       0x94 /opt/devkitpro/libctru/lib/libctru.a(vram.o)
                0x0010bf70                vramFree
 .text.envGetHandle
                0x0010c004       0x8c /opt/devkitpro/libctru/lib/libctru.a(env.o)
                0x0010c004                envGetHandle
 .text.envDestroyHandles
                0x0010c090       0x50 /opt/devkitpro/libctru/lib/libctru.a(env.o)
                0x0010c090                envDestroyHandles
 .text.osConvertVirtToPhys
                0x0010c0e0       0x74 /opt/devkitpro/libctru/lib/libctru.a(os.o)
                0x0010c0e0                osConvertVirtToPhys
 .text.osGetTimeRef
                0x0010c154       0x54 /opt/devkitpro/libctru/lib/libctru.a(os.o)
                0x0010c154                osGetTimeRef
 .text.osGetTime
                0x0010c1a8       0xec /opt/devkitpro/libctru/lib/libctru.a(os.o)
                0x0010c1a8                osGetTime
 .text.__ctru_speedup_config
                0x0010c294       0x34 /opt/devkitpro/libctru/lib/libctru.a(os.o)
                0x0010c294                __ctru_speedup_config
 .text.srvInit  0x0010c2c8      0x164 /opt/devkitpro/libctru/lib/libctru.a(srv.o)
                0x0010c2c8                srvInit
 .text.srvExit  0x0010c42c       0x64 /opt/devkitpro/libctru/lib/libctru.a(srv.o)
                0x0010c42c                srvExit
 .text.srvEnableNotification
                0x0010c490       0x60 /opt/devkitpro/libctru/lib/libctru.a(srv.o)
                0x0010c490                srvEnableNotification
 .text.srvGetServiceHandleDirect
                0x0010c4f0       0xa0 /opt/devkitpro/libctru/lib/libctru.a(srv.o)
                0x0010c4f0                srvGetServiceHandleDirect
 .text.srvGetServiceHandle
                0x0010c590       0x48 /opt/devkitpro/libctru/lib/libctru.a(srv.o)
                0x0010c590                srvGetServiceHandle
 .text.srvSubscribe
                0x0010c5d8       0x34 /opt/devkitpro/libctru/lib/libctru.a(srv.o)
                0x0010c5d8                srvSubscribe
 .text.srvReceiveNotification
                0x0010c60c       0x60 /opt/devkitpro/libctru/lib/libctru.a(srv.o)
                0x0010c60c                srvReceiveNotification
 .text.srvPublishToSubscriber
                0x0010c66c       0x38 /opt/devkitpro/libctru/lib/libctru.a(srv.o)
                0x0010c66c                srvPublishToSubscriber
 .text.__sync_init
                0x0010c6a4        0xc /opt/devkitpro/libctru/lib/libctru.a(synchronization.o)
                0x0010c6a4                __sync_init
 .text.__sync_fini
                0x0010c6b0       0x18 /opt/devkitpro/libctru/lib/libctru.a(synchronization.o)
                0x0010c6b0                __sync_fini
 .text.syncArbitrateAddress
                0x0010c6c8       0x28 /opt/devkitpro/libctru/lib/libctru.a(synchronization.o)
                0x0010c6c8                syncArbitrateAddress
 .text.LightLock_Init
                0x0010c6f0       0x1c /opt/devkitpro/libctru/lib/libctru.a(synchronization.o)
                0x0010c6f0                LightLock_Init
 .text.LightLock_Lock
                0x0010c70c       0xac /opt/devkitpro/libctru/lib/libctru.a(synchronization.o)
                0x0010c70c                LightLock_Lock
 .text.LightLock_Unlock
                0x0010c7b8       0x40 /opt/devkitpro/libctru/lib/libctru.a(synchronization.o)
                0x0010c7b8                LightLock_Unlock
 .text.RecursiveLock_Lock
                0x0010c7f8       0x54 /opt/devkitpro/libctru/lib/libctru.a(synchronization.o)
                0x0010c7f8                RecursiveLock_Lock
 .text.RecursiveLock_Unlock
                0x0010c84c       0x54 /opt/devkitpro/libctru/lib/libctru.a(synchronization.o)
                0x0010c84c                RecursiveLock_Unlock
 .text.LightEvent_Init
                0x0010c8a0       0x44 /opt/devkitpro/libctru/lib/libctru.a(synchronization.o)
                0x0010c8a0                LightEvent_Init
 .text.LightEvent_Clear
                0x0010c8e4       0xb8 /opt/devkitpro/libctru/lib/libctru.a(synchronization.o)
                0x0010c8e4                LightEvent_Clear
 .text.LightEvent_Signal
                0x0010c99c       0xdc /opt/devkitpro/libctru/lib/libctru.a(synchronization.o)
                0x0010c99c                LightEvent_Signal
 .text.LightEvent_TryWait
                0x0010ca78       0x50 /opt/devkitpro/libctru/lib/libctru.a(synchronization.o)
                0x0010ca78                LightEvent_TryWait
 .text.LightEvent_Wait
                0x0010cac8       0xac /opt/devkitpro/libctru/lib/libctru.a(synchronization.o)
                0x0010cac8                LightEvent_Wait
 .text.threadCreate
                0x0010cb74      0x1fc /opt/devkitpro/libctru/lib/libctru.a(thread.o)
                0x0010cb74                threadCreate
 .text.threadFree
                0x0010cd70       0x38 /opt/devkitpro/libctru/lib/libctru.a(thread.o)
                0x0010cd70                threadFree
 .text.threadJoin
                0x0010cda8       0x24 /opt/devkitpro/libctru/lib/libctru.a(thread.o)
                0x0010cda8                threadJoin
 .text.threadGetCurrent
                0x0010cdcc       0x30 /opt/devkitpro/libctru/lib/libctru.a(thread.o)
                0x0010cdcc                threadGetCurrent
 .text.threadExit
                0x0010cdfc       0x40 /opt/devkitpro/libctru/lib/libctru.a(thread.o)
                0x0010cdfc                threadExit
 .text._thread_begin
                0x0010ce3c       0x20 /opt/devkitpro/libctru/lib/libctru.a(thread.o)
 .text.mappableFindAddressWithin
                0x0010ce5c       0x90 /opt/devkitpro/libctru/lib/libctru.a(mappable.o)
 .text.mappableInit
                0x0010ceec       0x28 /opt/devkitpro/libctru/lib/libctru.a(mappable.o)
                0x0010ceec                mappableInit
 .text.mappableAlloc
                0x0010cf14       0x7c /opt/devkitpro/libctru/lib/libctru.a(mappable.o)
                0x0010cf14                mappableAlloc
 .text.mappableFree
                0x0010cf90        0x4 /opt/devkitpro/libctru/lib/libctru.a(mappable.o)
                0x0010cf90                mappableFree
 .text.ptmSysmInit
                0x0010cf94       0x78 /opt/devkitpro/libctru/lib/libctru.a(ptmsysm.o)
                0x0010cf94                ptmSysmInit
 .text.ptmSysmExit
                0x0010d00c       0x3c /opt/devkitpro/libctru/lib/libctru.a(ptmsysm.o)
                0x0010d00c                ptmSysmExit
 .text.PTMSYSM_ConfigureNew3DSCPU
                0x0010d048       0x34 /opt/devkitpro/libctru/lib/libctru.a(ptmsysm.o)
                0x0010d048                PTMSYSM_ConfigureNew3DSCPU
 .text.srvPmGetSessionHandle
                0x0010d07c        0xc /opt/devkitpro/libctru/lib/libctru.a(srvpm.o)
                0x0010d07c                srvPmGetSessionHandle
 .text.rbtree_node_next
                0x0010d088       0x60 /opt/devkitpro/libctru/lib/libctru.a(rbtree_iterator.o)
                0x0010d088                rbtree_node_next
 .text.decode_utf16
                0x0010d0e8       0x54 /opt/devkitpro/libctru/lib/libctru.a(decode_utf16.o)
                0x0010d0e8                decode_utf16
 .text.decode_utf8
                0x0010d13c      0x140 /opt/devkitpro/libctru/lib/libctru.a(decode_utf8.o)
                0x0010d13c                decode_utf8
 .text.encode_utf16
                0x0010d27c       0x54 /opt/devkitpro/libctru/lib/libctru.a(encode_utf16.o)
                0x0010d27c                encode_utf16
 .text.encode_utf8
                0x0010d2d0       0xe0 /opt/devkitpro/libctru/lib/libctru.a(encode_utf8.o)
                0x0010d2d0                encode_utf8
 .text.__appExit
                0x0010d3b0       0x30 /opt/devkitpro/libctru/lib/libctru.a(appExit.o)
                0x0010d3b0                __appExit
 .text.__appInit
                0x0010d3e0       0x30 /opt/devkitpro/libctru/lib/libctru.a(appInit.o)
                0x0010d3e0                __appInit
 .text.__libctru_exit
                0x0010d410       0x90 /opt/devkitpro/libctru/lib/libctru.a(ctru_exit.o)
                0x0010d410                __libctru_exit
 .text.error_cmp
                0x0010d4a0       0x24 /opt/devkitpro/libctru/lib/libctru.a(archive_dev.o)
 .text.archive_translate_error
                0x0010d4c4       0x50 /opt/devkitpro/libctru/lib/libctru.a(archive_dev.o)
 .text.archive_seek
                0x0010d514       0xc0 /opt/devkitpro/libctru/lib/libctru.a(archive_dev.o)
 .text._archiveInit.part.0
                0x0010d5d4       0x78 /opt/devkitpro/libctru/lib/libctru.a(archive_dev.o)
 .text.archiveFindDevice.part.0
                0x0010d64c      0x110 /opt/devkitpro/libctru/lib/libctru.a(archive_dev.o)
 .text.archive_utf16path
                0x0010d75c      0x298 /opt/devkitpro/libctru/lib/libctru.a(archive_dev.o)
 .text._archiveUnmountDeviceStruct.part.0
                0x0010d9f4       0x98 /opt/devkitpro/libctru/lib/libctru.a(archive_dev.o)
 .text._archiveMountDevice
                0x0010da8c      0x178 /opt/devkitpro/libctru/lib/libctru.a(archive_dev.o)
 .text.archive_diropen
                0x0010dc04       0xf8 /opt/devkitpro/libctru/lib/libctru.a(archive_dev.o)
 .text.archive_fstat
                0x0010dcfc       0xac /opt/devkitpro/libctru/lib/libctru.a(archive_dev.o)
 .text.archive_fsync
                0x0010dda8       0x74 /opt/devkitpro/libctru/lib/libctru.a(archive_dev.o)
 .text.archive_close
                0x0010de1c       0x74 /opt/devkitpro/libctru/lib/libctru.a(archive_dev.o)
 .text.archive_dirclose
                0x0010de90       0x78 /opt/devkitpro/libctru/lib/libctru.a(archive_dev.o)
 .text.sdmc_statvfs
                0x0010df08       0xec /opt/devkitpro/libctru/lib/libctru.a(archive_dev.o)
 .text.archive_chdir
                0x0010dff4       0xf8 /opt/devkitpro/libctru/lib/libctru.a(archive_dev.o)
 .text.archive_ftruncate
                0x0010e0ec       0x8c /opt/devkitpro/libctru/lib/libctru.a(archive_dev.o)
 .text.archive_read
                0x0010e178       0xbc /opt/devkitpro/libctru/lib/libctru.a(archive_dev.o)
 .text.archive_unlink
                0x0010e234       0xa8 /opt/devkitpro/libctru/lib/libctru.a(archive_dev.o)
 .text.archive_rmdir
                0x0010e2dc       0xc0 /opt/devkitpro/libctru/lib/libctru.a(archive_dev.o)
 .text.archive_mkdir
                0x0010e39c       0xd8 /opt/devkitpro/libctru/lib/libctru.a(archive_dev.o)
 .text.archive_stat
                0x0010e474      0x1a0 /opt/devkitpro/libctru/lib/libctru.a(archive_dev.o)
 .text.archive_dirnext
                0x0010e614      0x164 /opt/devkitpro/libctru/lib/libctru.a(archive_dev.o)
 .text.archive_write
                0x0010e778      0x13c /opt/devkitpro/libctru/lib/libctru.a(archive_dev.o)
 *fill*         0x0010e8b4        0x4 
 .text.archive_open
                0x0010e8b8      0x254 /opt/devkitpro/libctru/lib/libctru.a(archive_dev.o)
 .text.archive_rename
                0x0010eb0c      0x270 /opt/devkitpro/libctru/lib/libctru.a(archive_dev.o)
 .text.archiveMountSdmc
                0x0010ed7c      0x1c8 /opt/devkitpro/libctru/lib/libctru.a(archive_dev.o)
                0x0010ed7c                archiveMountSdmc
 .text.archiveUnmountAll
                0x0010ef44       0x54 /opt/devkitpro/libctru/lib/libctru.a(archive_dev.o)
                0x0010ef44                archiveUnmountAll
 .text.__udivmoddi4
                0x0010ef98      0x130 /opt/devkitpro/devkitARM/lib/gcc/arm-none-eabi/16.1.0/armv6k/fpu/libgcc.a(_udivmoddi4.o)
                0x0010ef98                __udivmoddi4
 .text.strncat  0x0010f0c8       0xe4 /opt/devkitpro/devkitARM/lib/gcc/arm-none-eabi/16.1.0/../../../../arm-none-eabi/lib/armv6k/fpu/libg.a(libc_a-strncat.o)
                0x0010f0c8                strncat
 .text.ftell    0x0010f1ac       0x34 /opt/devkitpro/devkitARM/lib/gcc/arm-none-eabi/16.1.0/../../../../arm-none-eabi/lib/armv6k/fpu/libg.a(libc_a-ftell.o)
                0x0010f1ac                ftell
 .text.memcpy   0x0010f1e0      0x128 /opt/devkitpro/devkitARM/lib/gcc/arm-none-eabi/16.1.0/../../../../arm-none-eabi/lib/armv6k/fpu/libg.a(libc_a-memcpy-stub.o)
                0x0010f1e0                memcpy
 .text.strlen   0x0010f308       0x8c /opt/devkitpro/devkitARM/lib/gcc/arm-none-eabi/16.1.0/../../../../arm-none-eabi/lib/armv6k/fpu/libg.a(libc_a-strlen.o)
                0x0010f308                strlen
 .text._fread_r
                0x0010f394      0x334 /opt/devkitpro/devkitARM/lib/gcc/arm-none-eabi/16.1.0/../../../../arm-none-eabi/lib/armv6k/fpu/libg.a(libc_a-fread.o)
                0x0010f394                _fread_r
 .text.fread    0x0010f6c8       0x38 /opt/devkitpro/devkitARM/lib/gcc/arm-none-eabi/16.1.0/../../../../arm-none-eabi/lib/armv6k/fpu/libg.a(libc_a-fread.o)
                0x0010f6c8                fread
 .text.bsearch  0x0010f700       0x78 /opt/devkitpro/devkitARM/lib/gcc/arm-none-eabi/16.1.0/../../../../arm-none-eabi/lib/armv6k/fpu/libg.a(libc_a-bsearch.o)
                0x0010f700                bsearch
 .text._fopen_r
                0x0010f778      0x134 /opt/devkitpro/devkitARM/lib/gcc/arm-none-eabi/16.1.0/../../../../arm-none-eabi/lib/armv6k/fpu/libg.a(libc_a-fopen.o)
                0x0010f778                _fopen_r
 .text.fopen    0x0010f8ac       0x28 /opt/devkitpro/devkitARM/lib/gcc/arm-none-eabi/16.1.0/../../../../arm-none-eabi/lib/armv6k/fpu/libg.a(libc_a-fopen.o)
                0x0010f8ac                fopen
 .text.memalign
                0x0010f8d4       0x28 /opt/devkitpro/devkitARM/lib/gcc/arm-none-eabi/16.1.0/../../../../arm-none-eabi/lib/armv6k/fpu/libg.a(libc_a-malign.o)
                0x0010f8d4                memalign
 .text.snprintf
                0x0010f8fc       0xa0 /opt/devkitpro/devkitARM/lib/gcc/arm-none-eabi/16.1.0/../../../../arm-none-eabi/lib/armv6k/fpu/libg.a(libc_a-snprintf.o)
                0x0010f8fc                snprintf
 .text.printf   0x0010f99c       0x34 /opt/devkitpro/devkitARM/lib/gcc/arm-none-eabi/16.1.0/../../../../arm-none-eabi/lib/armv6k/fpu/libg.a(libc_a-printf.o)
                0x0010f99c                printf
 .text._strtoul_l.isra.0
                0x0010f9d0      0x1ec /opt/devkitpro/devkitARM/lib/gcc/arm-none-eabi/16.1.0/../../../../arm-none-eabi/lib/armv6k/fpu/libg.a(libc_a-strtoul.o)
 .text.strtoul  0x0010fbbc       0x3c /opt/devkitpro/devkitARM/lib/gcc/arm-none-eabi/16.1.0/../../../../arm-none-eabi/lib/armv6k/fpu/libg.a(libc_a-strtoul.o)
                0x0010fbbc                strtoul
 .text.strchr   0x0010fbf8      0x140 /opt/devkitpro/devkitARM/lib/gcc/arm-none-eabi/16.1.0/../../../../arm-none-eabi/lib/armv6k/fpu/libg.a(libc_a-strchr.o)
                0x0010fbf8                strchr
 .text.memcmp   0x0010fd38       0xd8 /opt/devkitpro/devkitARM/lib/gcc/arm-none-eabi/16.1.0/../../../../arm-none-eabi/lib/armv6k/fpu/libg.a(libc_a-memcmp.o)
                0x0010fd38                memcmp
 .text._memalign_r
                0x0010fe10      0x16c /opt/devkitpro/devkitARM/lib/gcc/arm-none-eabi/16.1.0/../../../../arm-none-eabi/lib/armv6k/fpu/libg.a(libc_a-malignr.o)
                0x0010fe10                _memalign_r
 .text.__errno  0x0010ff7c        0xc /opt/devkitpro/devkitARM/lib/gcc/arm-none-eabi/16.1.0/../../../../arm-none-eabi/lib/armv6k/fpu/libg.a(libc_a-errno.o)
                0x0010ff7c                __errno
 .text.__smakebuf_r
                0x0010ff88      0x164 /opt/devkitpro/devkitARM/lib/gcc/arm-none-eabi/16.1.0/../../../../arm-none-eabi/lib/armv6k/fpu/libg.a(libc_a-makebuf.o)
                0x0010ff88                __smakebuf_r
 .text.__swhatbuf_r
                0x001100ec       0x90 /opt/devkitpro/devkitARM/lib/gcc/arm-none-eabi/16.1.0/../../../../arm-none-eabi/lib/armv6k/fpu/libg.a(libc_a-makebuf.o)
                0x001100ec                __swhatbuf_r
 .text.memset   0x0011017c       0xe4 /opt/devkitpro/devkitARM/lib/gcc/arm-none-eabi/16.1.0/../../../../arm-none-eabi/lib/armv6k/fpu/libg.a(libc_a-memset.o)
                0x0011017c                memset
 .text.__sflush_r
                0x00110260      0x22c /opt/devkitpro/devkitARM/lib/gcc/arm-none-eabi/16.1.0/../../../../arm-none-eabi/lib/armv6k/fpu/libg.a(libc_a-fflush.o)
                0x00110260                __sflush_r
 .text._fflush_r
                0x0011048c       0xc4 /opt/devkitpro/devkitARM/lib/gcc/arm-none-eabi/16.1.0/../../../../arm-none-eabi/lib/armv6k/fpu/libg.a(libc_a-fflush.o)
                0x0011048c                _fflush_r
 .text._ftello_r
                0x00110550      0x1c4 /opt/devkitpro/devkitARM/lib/gcc/arm-none-eabi/16.1.0/../../../../arm-none-eabi/lib/armv6k/fpu/libg.a(libc_a-ftello.o)
                0x00110550                _ftello_r
 .text._malloc_r
                0x00110714      0x82c /opt/devkitpro/devkitARM/lib/gcc/arm-none-eabi/16.1.0/../../../../arm-none-eabi/lib/armv6k/fpu/libg.a(libc_a-mallocr.o)
                0x00110714                _malloc_r
 .text._malloc_trim_r
                0x00110f40      0x114 /opt/devkitpro/devkitARM/lib/gcc/arm-none-eabi/16.1.0/../../../../arm-none-eabi/lib/armv6k/fpu/libg.a(libc_a-freer.o)
                0x00110f40                _malloc_trim_r
 .text._free_r  0x00111054      0x314 /opt/devkitpro/devkitARM/lib/gcc/arm-none-eabi/16.1.0/../../../../arm-none-eabi/lib/armv6k/fpu/libg.a(libc_a-freer.o)
                0x00111054                _free_r
 .text.setvbuf  0x00111368      0x294 /opt/devkitpro/devkitARM/lib/gcc/arm-none-eabi/16.1.0/../../../../arm-none-eabi/lib/armv6k/fpu/libg.a(libc_a-setvbuf.o)
                0x00111368                setvbuf
 .text.stdio_exit_handler
                0x001115fc       0x1c /opt/devkitpro/devkitARM/lib/gcc/arm-none-eabi/16.1.0/../../../../arm-none-eabi/lib/armv6k/fpu/libg.a(libc_a-findfp.o)
 .text.cleanup_stdio
                0x00111618       0x5c /opt/devkitpro/devkitARM/lib/gcc/arm-none-eabi/16.1.0/../../../../arm-none-eabi/lib/armv6k/fpu/libg.a(libc_a-findfp.o)
 .text.global_stdio_init.part.0
                0x00111674      0x154 /opt/devkitpro/devkitARM/lib/gcc/arm-none-eabi/16.1.0/../../../../arm-none-eabi/lib/armv6k/fpu/libg.a(libc_a-findfp.o)
 .text.__sfp    0x001117c8      0x138 /opt/devkitpro/devkitARM/lib/gcc/arm-none-eabi/16.1.0/../../../../arm-none-eabi/lib/armv6k/fpu/libg.a(libc_a-findfp.o)
                0x001117c8                __sfp
 .text.__sinit  0x00111900       0x5c /opt/devkitpro/devkitARM/lib/gcc/arm-none-eabi/16.1.0/../../../../arm-none-eabi/lib/armv6k/fpu/libg.a(libc_a-findfp.o)
                0x00111900                __sinit
 .text.__sfp_lock_acquire
                0x0011195c        0xc /opt/devkitpro/devkitARM/lib/gcc/arm-none-eabi/16.1.0/../../../../arm-none-eabi/lib/armv6k/fpu/libg.a(libc_a-findfp.o)
                0x0011195c                __sfp_lock_acquire
 .text.__sfp_lock_release
                0x00111968        0xc /opt/devkitpro/devkitARM/lib/gcc/arm-none-eabi/16.1.0/../../../../arm-none-eabi/lib/armv6k/fpu/libg.a(libc_a-findfp.o)
                0x00111968                __sfp_lock_release
 .text.__libc_init_array
                0x00111974       0x84 /opt/devkitpro/devkitARM/lib/gcc/arm-none-eabi/16.1.0/../../../../arm-none-eabi/lib/armv6k/fpu/libg.a(libc_a-init.o)
                0x00111974                __libc_init_array
 .text.strncpy  0x001119f8       0xd4 /opt/devkitpro/devkitARM/lib/gcc/arm-none-eabi/16.1.0/../../../../arm-none-eabi/lib/armv6k/fpu/libg.a(libc_a-strncpy.o)
                0x001119f8                strncpy
 .text._fseek_r
                0x00111acc       0x1c /opt/devkitpro/devkitARM/lib/gcc/arm-none-eabi/16.1.0/../../../../arm-none-eabi/lib/armv6k/fpu/libg.a(libc_a-fseek.o)
                0x00111acc                _fseek_r
 .text.fseek    0x00111ae8       0x34 /opt/devkitpro/devkitARM/lib/gcc/arm-none-eabi/16.1.0/../../../../arm-none-eabi/lib/armv6k/fpu/libg.a(libc_a-fseek.o)
                0x00111ae8                fseek
 .text.malloc   0x00111b1c       0x40 /opt/devkitpro/devkitARM/lib/gcc/arm-none-eabi/16.1.0/../../../../arm-none-eabi/lib/armv6k/fpu/libg.a(libc_a-malloc.o)
                0x00111b1c                malloc
 .text.free     0x00111b5c       0x20 /opt/devkitpro/devkitARM/lib/gcc/arm-none-eabi/16.1.0/../../../../arm-none-eabi/lib/armv6k/fpu/libg.a(libc_a-malloc.o)
                0x00111b5c                free
 .text._puts_r  0x00111b7c       0xe0 /opt/devkitpro/devkitARM/lib/gcc/arm-none-eabi/16.1.0/../../../../arm-none-eabi/lib/armv6k/fpu/libg.a(libc_a-puts.o)
                0x00111b7c                _puts_r
 .text.puts     0x00111c5c       0x20 /opt/devkitpro/devkitARM/lib/gcc/arm-none-eabi/16.1.0/../../../../arm-none-eabi/lib/armv6k/fpu/libg.a(libc_a-puts.o)
                0x00111c5c                puts
 .text.__sread  0x00111c7c       0x44 /opt/devkitpro/devkitARM/lib/gcc/arm-none-eabi/16.1.0/../../../../arm-none-eabi/lib/armv6k/fpu/libg.a(libc_a-stdio.o)
                0x00111c7c                __sread
 .text.__swrite
                0x00111cc0       0x68 /opt/devkitpro/devkitARM/lib/gcc/arm-none-eabi/16.1.0/../../../../arm-none-eabi/lib/armv6k/fpu/libg.a(libc_a-stdio.o)
                0x00111cc0                __swrite
 .text.__sseek  0x00111d28       0x40 /opt/devkitpro/devkitARM/lib/gcc/arm-none-eabi/16.1.0/../../../../arm-none-eabi/lib/armv6k/fpu/libg.a(libc_a-stdio.o)
                0x00111d28                __sseek
 .text.__sclose
                0x00111d68        0x8 /opt/devkitpro/devkitARM/lib/gcc/arm-none-eabi/16.1.0/../../../../arm-none-eabi/lib/armv6k/fpu/libg.a(libc_a-stdio.o)
                0x00111d68                __sclose
 .text.__malloc_lock
                0x00111d70        0xc /opt/devkitpro/devkitARM/lib/gcc/arm-none-eabi/16.1.0/../../../../arm-none-eabi/lib/armv6k/fpu/libg.a(libc_a-mlock.o)
                0x00111d70                __malloc_lock
 .text.__malloc_unlock
                0x00111d7c        0xc /opt/devkitpro/devkitARM/lib/gcc/arm-none-eabi/16.1.0/../../../../arm-none-eabi/lib/armv6k/fpu/libg.a(libc_a-mlock.o)
                0x00111d7c                __malloc_unlock
 .text._fseeko_r
                0x00111d88      0x588 /opt/devkitpro/devkitARM/lib/gcc/arm-none-eabi/16.1.0/../../../../arm-none-eabi/lib/armv6k/fpu/libg.a(libc_a-fseeko.o)
                0x00111d88                _fseeko_r
 .text._fclose_r
                0x00112310      0x148 /opt/devkitpro/devkitARM/lib/gcc/arm-none-eabi/16.1.0/../../../../arm-none-eabi/lib/armv6k/fpu/libg.a(libc_a-fclose.o)
                0x00112310                _fclose_r
 .text.fclose   0x00112458       0x20 /opt/devkitpro/devkitARM/lib/gcc/arm-none-eabi/16.1.0/../../../../arm-none-eabi/lib/armv6k/fpu/libg.a(libc_a-fclose.o)
                0x00112458                fclose
 .text.time     0x00112478       0x48 /opt/devkitpro/devkitARM/lib/gcc/arm-none-eabi/16.1.0/../../../../arm-none-eabi/lib/armv6k/fpu/libg.a(libc_a-time.o)
                0x00112478                time
 .text.__call_exitprocs
                0x001124c0        0x4 /opt/devkitpro/devkitARM/lib/gcc/arm-none-eabi/16.1.0/../../../../arm-none-eabi/lib/armv6k/fpu/libg.a(libc_a-exit.o)
                0x001124c0                __call_exitprocs
 .text.exit     0x001124c4       0x30 /opt/devkitpro/devkitARM/lib/gcc/arm-none-eabi/16.1.0/../../../../arm-none-eabi/lib/armv6k/fpu/libg.a(libc_a-exit.o)
                0x001124c4                exit
 .text.get_arg  0x001124f4      0x5e0 /opt/devkitpro/devkitARM/lib/gcc/arm-none-eabi/16.1.0/../../../../arm-none-eabi/lib/armv6k/fpu/libg.a(libc_a-svfprintf.o)
 *fill*         0x00112ad4        0x4 
 .text._svfprintf_r
                0x00112ad8     0x345c /opt/devkitpro/devkitARM/lib/gcc/arm-none-eabi/16.1.0/../../../../arm-none-eabi/lib/armv6k/fpu/libg.a(libc_a-svfprintf.o)
                0x00112ad8                _svfprintf_r
 .text.__sflags
                0x00115f34       0xb8 /opt/devkitpro/devkitARM/lib/gcc/arm-none-eabi/16.1.0/../../../../arm-none-eabi/lib/armv6k/fpu/libg.a(libc_a-flags.o)
                0x00115f34                __sflags
 .text.__libc_fini_array
                0x00115fec       0x3c /opt/devkitpro/devkitARM/lib/gcc/arm-none-eabi/16.1.0/../../../../arm-none-eabi/lib/armv6k/fpu/libg.a(libc_a-fini.o)
                0x00115fec                __libc_fini_array
 .text.strnlen  0x00116028       0x3c /opt/devkitpro/devkitARM/lib/gcc/arm-none-eabi/16.1.0/../../../../arm-none-eabi/lib/armv6k/fpu/libg.a(libc_a-strnlen.o)
                0x00116028                strnlen
 .text.rewind   0x00116064       0x2c /opt/devkitpro/devkitARM/lib/gcc/arm-none-eabi/16.1.0/../../../../arm-none-eabi/lib/armv6k/fpu/libg.a(libc_a-rewind.o)
                0x00116064                rewind
 .text.strncmp  0x00116090       0xd8 /opt/devkitpro/devkitARM/lib/gcc/arm-none-eabi/16.1.0/../../../../arm-none-eabi/lib/armv6k/fpu/libg.a(libc_a-strncmp.o)
                0x00116090                strncmp
 .text.lflush   0x00116168       0x38 /opt/devkitpro/devkitARM/lib/gcc/arm-none-eabi/16.1.0/../../../../arm-none-eabi/lib/armv6k/fpu/libg.a(libc_a-refill.o)
 .text.__srefill_r
                0x001161a0      0x1a8 /opt/devkitpro/devkitARM/lib/gcc/arm-none-eabi/16.1.0/../../../../arm-none-eabi/lib/armv6k/fpu/libg.a(libc_a-refill.o)
                0x001161a0                __srefill_r
 .text.frexp    0x00116348       0x88 /opt/devkitpro/devkitARM/lib/gcc/arm-none-eabi/16.1.0/../../../../arm-none-eabi/lib/armv6k/fpu/libg.a(libm_a-s_frexp.o)
                0x00116348                frexp
 .text._fwalk_sglue
                0x001163d0       0x70 /opt/devkitpro/devkitARM/lib/gcc/arm-none-eabi/16.1.0/../../../../arm-none-eabi/lib/armv6k/fpu/libg.a(libc_a-fwalk.o)
                0x001163d0                _fwalk_sglue
 .text.get_arg  0x00116440      0x5e0 /opt/devkitpro/devkitARM/lib/gcc/arm-none-eabi/16.1.0/../../../../arm-none-eabi/lib/armv6k/fpu/libg.a(libc_a-vfprintf.o)
 .text._vfprintf_r
                0x00116a20     0x3554 /opt/devkitpro/devkitARM/lib/gcc/arm-none-eabi/16.1.0/../../../../arm-none-eabi/lib/armv6k/fpu/libg.a(libc_a-vfprintf.o)
                0x00116a20                _vfprintf_r
 .text.__sbprintf
                0x00119f74       0xb4 /opt/devkitpro/devkitARM/lib/gcc/arm-none-eabi/16.1.0/../../../../arm-none-eabi/lib/armv6k/fpu/libg.a(libc_a-vfprintf.o)
 .text._wcrtomb_r
                0x0011a028       0xa0 /opt/devkitpro/devkitARM/lib/gcc/arm-none-eabi/16.1.0/../../../../arm-none-eabi/lib/armv6k/fpu/libg.a(libc_a-wcrtomb.o)
                0x0011a028                _wcrtomb_r
 .text.__ssprint_r
                0x0011a0c8       0xa4 /opt/devkitpro/devkitARM/lib/gcc/arm-none-eabi/16.1.0/../../../../arm-none-eabi/lib/armv6k/fpu/libg.a(libc_a-ssprint_r.o)
                0x0011a0c8                __ssprint_r
 .text.__sfvwrite_r
                0x0011a16c      0x4a4 /opt/devkitpro/devkitARM/lib/gcc/arm-none-eabi/16.1.0/../../../../arm-none-eabi/lib/armv6k/fpu/libg.a(libc_a-fvwrite.o)
                0x0011a16c                __sfvwrite_r
 .text.__locale_mb_cur_max
                0x0011a610       0x24 /opt/devkitpro/devkitARM/lib/gcc/arm-none-eabi/16.1.0/../../../../arm-none-eabi/lib/armv6k/fpu/libg.a(libc_a-locale.o)
                0x0011a610                __locale_mb_cur_max
 .text.__sprint_r
                0x0011a634       0x30 /opt/devkitpro/devkitARM/lib/gcc/arm-none-eabi/16.1.0/../../../../arm-none-eabi/lib/armv6k/fpu/libg.a(libc_a-sprint_r.o)
                0x0011a634                __sprint_r
 .text.quorem   0x0011a664      0x1c0 /opt/devkitpro/devkitARM/lib/gcc/arm-none-eabi/16.1.0/../../../../arm-none-eabi/lib/armv6k/fpu/libg.a(libc_a-dtoa.o)
 *fill*         0x0011a824        0x4 
 .text._dtoa_r  0x0011a828     0x1420 /opt/devkitpro/devkitARM/lib/gcc/arm-none-eabi/16.1.0/../../../../arm-none-eabi/lib/armv6k/fpu/libg.a(libc_a-dtoa.o)
                0x0011a828                _dtoa_r
 .text.memchr   0x0011bc48       0xe8 /opt/devkitpro/devkitARM/lib/gcc/arm-none-eabi/16.1.0/../../../../arm-none-eabi/lib/armv6k/fpu/libg.a(libc_a-memchr-stub.o)
                0x0011bc48                memchr
 .text._wcsrtombs_r
                0x0011bd30       0x28 /opt/devkitpro/devkitARM/lib/gcc/arm-none-eabi/16.1.0/../../../../arm-none-eabi/lib/armv6k/fpu/libg.a(libc_a-wcsrtombs.o)
                0x0011bd30                _wcsrtombs_r
 .text.__swsetup_r
                0x0011bd58      0x140 /opt/devkitpro/devkitARM/lib/gcc/arm-none-eabi/16.1.0/../../../../arm-none-eabi/lib/armv6k/fpu/libg.a(libc_a-wsetup.o)
                0x0011bd58                __swsetup_r
 .text._localeconv_r
                0x0011be98       0x24 /opt/devkitpro/devkitARM/lib/gcc/arm-none-eabi/16.1.0/../../../../arm-none-eabi/lib/armv6k/fpu/libg.a(libc_a-localeconv.o)
                0x0011be98                _localeconv_r
 .text.memmove  0x0011bebc      0x1a8 /opt/devkitpro/devkitARM/lib/gcc/arm-none-eabi/16.1.0/../../../../arm-none-eabi/lib/armv6k/fpu/libg.a(libc_a-memmove.o)
                0x0011bebc                memmove
 .text._realloc_r
                0x0011c064      0x4f0 /opt/devkitpro/devkitARM/lib/gcc/arm-none-eabi/16.1.0/../../../../arm-none-eabi/lib/armv6k/fpu/libg.a(libc_a-reallocr.o)
                0x0011c064                _realloc_r
 .text.__ssputs_r
                0x0011c554      0x12c /opt/devkitpro/devkitARM/lib/gcc/arm-none-eabi/16.1.0/../../../../arm-none-eabi/lib/armv6k/fpu/libg.a(libc_a-ssputs_r.o)
                0x0011c554                __ssputs_r
 .text.__utf8_wctomb
                0x0011c680       0xf8 /opt/devkitpro/devkitARM/lib/gcc/arm-none-eabi/16.1.0/../../../../arm-none-eabi/lib/armv6k/fpu/libg.a(libc_a-wctomb_r.o)
                0x0011c680                __utf8_wctomb
 .text._wcsnrtombs_l
                0x0011c778      0x15c /opt/devkitpro/devkitARM/lib/gcc/arm-none-eabi/16.1.0/../../../../arm-none-eabi/lib/armv6k/fpu/libg.a(libc_a-wcsnrtombs.o)
                0x0011c778                _wcsnrtombs_l
 .text._wcsnrtombs_r
                0x0011c8d4       0x64 /opt/devkitpro/devkitARM/lib/gcc/arm-none-eabi/16.1.0/../../../../arm-none-eabi/lib/armv6k/fpu/libg.a(libc_a-wcsnrtombs.o)
                0x0011c8d4                _wcsnrtombs_r
 .text.__assert_func
                0x0011c938       0x5c /opt/devkitpro/devkitARM/lib/gcc/arm-none-eabi/16.1.0/../../../../arm-none-eabi/lib/armv6k/fpu/libg.a(libc_a-assert.o)
                0x0011c938                __assert_func
 .text._Balloc  0x0011c994       0x88 /opt/devkitpro/devkitARM/lib/gcc/arm-none-eabi/16.1.0/../../../../arm-none-eabi/lib/armv6k/fpu/libg.a(libc_a-mprec.o)
                0x0011c994                _Balloc
 .text._Bfree   0x0011ca1c       0x1c /opt/devkitpro/devkitARM/lib/gcc/arm-none-eabi/16.1.0/../../../../arm-none-eabi/lib/armv6k/fpu/libg.a(libc_a-mprec.o)
                0x0011ca1c                _Bfree
 .text.__multadd
                0x0011ca38       0xf4 /opt/devkitpro/devkitARM/lib/gcc/arm-none-eabi/16.1.0/../../../../arm-none-eabi/lib/armv6k/fpu/libg.a(libc_a-mprec.o)
                0x0011ca38                __multadd
 .text.__hi0bits
                0x0011cb2c       0x80 /opt/devkitpro/devkitARM/lib/gcc/arm-none-eabi/16.1.0/../../../../arm-none-eabi/lib/armv6k/fpu/libg.a(libc_a-mprec.o)
                0x0011cb2c                __hi0bits
 .text.__lo0bits
                0x0011cbac       0xf0 /opt/devkitpro/devkitARM/lib/gcc/arm-none-eabi/16.1.0/../../../../arm-none-eabi/lib/armv6k/fpu/libg.a(libc_a-mprec.o)
                0x0011cbac                __lo0bits
 .text.__i2b    0x0011cc9c       0xa4 /opt/devkitpro/devkitARM/lib/gcc/arm-none-eabi/16.1.0/../../../../arm-none-eabi/lib/armv6k/fpu/libg.a(libc_a-mprec.o)
                0x0011cc9c                __i2b
 .text.__multiply
                0x0011cd40      0x230 /opt/devkitpro/devkitARM/lib/gcc/arm-none-eabi/16.1.0/../../../../arm-none-eabi/lib/armv6k/fpu/libg.a(libc_a-mprec.o)
                0x0011cd40                __multiply
 .text.__pow5mult
                0x0011cf70      0x130 /opt/devkitpro/devkitARM/lib/gcc/arm-none-eabi/16.1.0/../../../../arm-none-eabi/lib/armv6k/fpu/libg.a(libc_a-mprec.o)
                0x0011cf70                __pow5mult
 .text.__lshift
                0x0011d0a0      0x138 /opt/devkitpro/devkitARM/lib/gcc/arm-none-eabi/16.1.0/../../../../arm-none-eabi/lib/armv6k/fpu/libg.a(libc_a-mprec.o)
                0x0011d0a0                __lshift
 .text.__mcmp   0x0011d1d8       0x58 /opt/devkitpro/devkitARM/lib/gcc/arm-none-eabi/16.1.0/../../../../arm-none-eabi/lib/armv6k/fpu/libg.a(libc_a-mprec.o)
                0x0011d1d8                __mcmp
 .text.__mdiff  0x0011d230      0x218 /opt/devkitpro/devkitARM/lib/gcc/arm-none-eabi/16.1.0/../../../../arm-none-eabi/lib/armv6k/fpu/libg.a(libc_a-mprec.o)
                0x0011d230                __mdiff
 .text.__d2b    0x0011d448      0x120 /opt/devkitpro/devkitARM/lib/gcc/arm-none-eabi/16.1.0/../../../../arm-none-eabi/lib/armv6k/fpu/libg.a(libc_a-mprec.o)
                0x0011d448                __d2b
 .text.__utf8_mbtowc
                0x0011d568      0x340 /opt/devkitpro/devkitARM/lib/gcc/arm-none-eabi/16.1.0/../../../../arm-none-eabi/lib/armv6k/fpu/libg.a(libc_a-mbtowc_r.o)
                0x0011d568                __utf8_mbtowc
 .text.fiprintf
                0x0011d8a8       0x3c /opt/devkitpro/devkitARM/lib/gcc/arm-none-eabi/16.1.0/../../../../arm-none-eabi/lib/armv6k/fpu/libg.a(libc_a-fiprintf.o)
                0x0011d8a8                fiprintf
 .text.abort    0x0011d8e4       0x14 /opt/devkitpro/devkitARM/lib/gcc/arm-none-eabi/16.1.0/../../../../arm-none-eabi/lib/armv6k/fpu/libg.a(libc_a-abort.o)
                0x0011d8e4                abort
 .text._calloc_r
                0x0011d8f8       0xd8 /opt/devkitpro/devkitARM/lib/gcc/arm-none-eabi/16.1.0/../../../../arm-none-eabi/lib/armv6k/fpu/libg.a(libc_a-callocr.o)
                0x0011d8f8                _calloc_r
 .text.get_arg  0x0011d9d0      0x5e0 /opt/devkitpro/devkitARM/lib/gcc/arm-none-eabi/16.1.0/../../../../arm-none-eabi/lib/armv6k/fpu/libg.a(libc_a-vfiprintf.o)
 .text._vfiprintf_r
                0x0011dfb0     0x22f8 /opt/devkitpro/devkitARM/lib/gcc/arm-none-eabi/16.1.0/../../../../arm-none-eabi/lib/armv6k/fpu/libg.a(libc_a-vfiprintf.o)
                0x0011dfb0                _vfiprintf_r
 .text.__sbprintf
                0x001202a8       0xb4 /opt/devkitpro/devkitARM/lib/gcc/arm-none-eabi/16.1.0/../../../../arm-none-eabi/lib/armv6k/fpu/libg.a(libc_a-vfiprintf.o)
 .text._raise_r
                0x0012035c       0x9c /opt/devkitpro/devkitARM/lib/gcc/arm-none-eabi/16.1.0/../../../../arm-none-eabi/lib/armv6k/fpu/libg.a(libc_a-signal.o)
                0x0012035c                _raise_r
 .text.raise    0x001203f8       0x20 /opt/devkitpro/devkitARM/lib/gcc/arm-none-eabi/16.1.0/../../../../arm-none-eabi/lib/armv6k/fpu/libg.a(libc_a-signal.o)
                0x001203f8                raise
 .text._exit    0x00120418       0x20 /opt/devkitpro/devkitARM/lib/gcc/arm-none-eabi/16.1.0/../../../../arm-none-eabi/lib/armv6k/fpu/libsysbase.a(libsysbase_libsysbase_a-_exit.o)
                0x00120418                _exit
 .text.chdir    0x00120438      0x140 /opt/devkitpro/devkitARM/lib/gcc/arm-none-eabi/16.1.0/../../../../arm-none-eabi/lib/armv6k/fpu/libsysbase.a(libsysbase_libsysbase_a-chdir.o)
                0x00120438                chdir
 .text._concatenate_path
                0x00120578      0x1c8 /opt/devkitpro/devkitARM/lib/gcc/arm-none-eabi/16.1.0/../../../../arm-none-eabi/lib/armv6k/fpu/libsysbase.a(libsysbase_libsysbase_a-concatenate.o)
                0x00120578                _concatenate_path
 .text._fstat_r
                0x00120740       0x9c /opt/devkitpro/devkitARM/lib/gcc/arm-none-eabi/16.1.0/../../../../arm-none-eabi/lib/armv6k/fpu/libsysbase.a(libsysbase_libsysbase_a-fstat.o)
                0x00120740                _fstat_r
 .text._getpid_r
                0x001207dc       0x14 /opt/devkitpro/devkitARM/lib/gcc/arm-none-eabi/16.1.0/../../../../arm-none-eabi/lib/armv6k/fpu/libsysbase.a(libsysbase_libsysbase_a-getpid.o)
                0x001207dc                _getpid_r
 .text.__getreent
                0x001207f0       0x2c /opt/devkitpro/devkitARM/lib/gcc/arm-none-eabi/16.1.0/../../../../arm-none-eabi/lib/armv6k/fpu/libsysbase.a(libsysbase_libsysbase_a-getreent.o)
                0x001207f0                __getreent
 .text._gettimeofday_r
                0x0012081c       0x30 /opt/devkitpro/devkitARM/lib/gcc/arm-none-eabi/16.1.0/../../../../arm-none-eabi/lib/armv6k/fpu/libsysbase.a(libsysbase_libsysbase_a-gettod.o)
                0x0012081c                _gettimeofday_r
 .text.__release_handle
                0x0012084c       0xa0 /opt/devkitpro/devkitARM/lib/gcc/arm-none-eabi/16.1.0/../../../../arm-none-eabi/lib/armv6k/fpu/libsysbase.a(libsysbase_libsysbase_a-handle_manager.o)
                0x0012084c                __release_handle
 .text.__alloc_handle
                0x001208ec       0xb0 /opt/devkitpro/devkitARM/lib/gcc/arm-none-eabi/16.1.0/../../../../arm-none-eabi/lib/armv6k/fpu/libsysbase.a(libsysbase_libsysbase_a-handle_manager.o)
                0x001208ec                __alloc_handle
 .text.__get_handle
                0x0012099c       0x58 /opt/devkitpro/devkitARM/lib/gcc/arm-none-eabi/16.1.0/../../../../arm-none-eabi/lib/armv6k/fpu/libsysbase.a(libsysbase_libsysbase_a-handle_manager.o)
                0x0012099c                __get_handle
 .text._close_r
                0x001209f4      0x110 /opt/devkitpro/devkitARM/lib/gcc/arm-none-eabi/16.1.0/../../../../arm-none-eabi/lib/armv6k/fpu/libsysbase.a(libsysbase_libsysbase_a-handle_manager.o)
                0x001209f4                _close_r
 .text.null_write
                0x00120b04        0x8 /opt/devkitpro/devkitARM/lib/gcc/arm-none-eabi/16.1.0/../../../../arm-none-eabi/lib/armv6k/fpu/libsysbase.a(libsysbase_libsysbase_a-iosupport.o)
 .text.setDefaultDevice
                0x00120b0c       0x18 /opt/devkitpro/devkitARM/lib/gcc/arm-none-eabi/16.1.0/../../../../arm-none-eabi/lib/armv6k/fpu/libsysbase.a(libsysbase_libsysbase_a-iosupport.o)
                0x00120b0c                setDefaultDevice
 .text.FindDevice
                0x00120b24       0x98 /opt/devkitpro/devkitARM/lib/gcc/arm-none-eabi/16.1.0/../../../../arm-none-eabi/lib/armv6k/fpu/libsysbase.a(libsysbase_libsysbase_a-iosupport.o)
                0x00120b24                FindDevice
 .text.RemoveDevice
                0x00120bbc       0x24 /opt/devkitpro/devkitARM/lib/gcc/arm-none-eabi/16.1.0/../../../../arm-none-eabi/lib/armv6k/fpu/libsysbase.a(libsysbase_libsysbase_a-iosupport.o)
                0x00120bbc                RemoveDevice
 .text.AddDevice
                0x00120be0       0x88 /opt/devkitpro/devkitARM/lib/gcc/arm-none-eabi/16.1.0/../../../../arm-none-eabi/lib/armv6k/fpu/libsysbase.a(libsysbase_libsysbase_a-iosupport.o)
                0x00120be0                AddDevice
 .text.GetDeviceOpTab
                0x00120c68       0x20 /opt/devkitpro/devkitARM/lib/gcc/arm-none-eabi/16.1.0/../../../../arm-none-eabi/lib/armv6k/fpu/libsysbase.a(libsysbase_libsysbase_a-iosupport.o)
                0x00120c68                GetDeviceOpTab
 .text._isatty_r
                0x00120c88        0x8 /opt/devkitpro/devkitARM/lib/gcc/arm-none-eabi/16.1.0/../../../../arm-none-eabi/lib/armv6k/fpu/libsysbase.a(libsysbase_libsysbase_a-isatty.o)
                0x00120c88                _isatty_r
 .text._kill_r  0x00120c90       0x14 /opt/devkitpro/devkitARM/lib/gcc/arm-none-eabi/16.1.0/../../../../arm-none-eabi/lib/armv6k/fpu/libsysbase.a(libsysbase_libsysbase_a-kill.o)
                0x00120c90                _kill_r
 .text._lseek_r
                0x00120ca4       0x94 /opt/devkitpro/devkitARM/lib/gcc/arm-none-eabi/16.1.0/../../../../arm-none-eabi/lib/armv6k/fpu/libsysbase.a(libsysbase_libsysbase_a-lseek.o)
                0x00120ca4                _lseek_r
 .text._open_r  0x00120d38       0xc0 /opt/devkitpro/devkitARM/lib/gcc/arm-none-eabi/16.1.0/../../../../arm-none-eabi/lib/armv6k/fpu/libsysbase.a(libsysbase_libsysbase_a-open.o)
                0x00120d38                _open_r
 .text._read_r  0x00120df8       0x94 /opt/devkitpro/devkitARM/lib/gcc/arm-none-eabi/16.1.0/../../../../arm-none-eabi/lib/armv6k/fpu/libsysbase.a(libsysbase_libsysbase_a-read.o)
                0x00120df8                _read_r
 .text._sbrk_r  0x00120e8c       0x78 /opt/devkitpro/devkitARM/lib/gcc/arm-none-eabi/16.1.0/../../../../arm-none-eabi/lib/armv6k/fpu/libsysbase.a(libsysbase_libsysbase_a-sbrk.o)
                0x00120e8c                _sbrk_r
 .text.__libc_lock_acquire
                0x00120f04       0x1c /opt/devkitpro/devkitARM/lib/gcc/arm-none-eabi/16.1.0/../../../../arm-none-eabi/lib/armv6k/fpu/libsysbase.a(libsysbase_libsysbase_a-syscall_support.o)
                0x00120f04                __libc_lock_acquire
 .text.__libc_lock_release
                0x00120f20       0x1c /opt/devkitpro/devkitARM/lib/gcc/arm-none-eabi/16.1.0/../../../../arm-none-eabi/lib/armv6k/fpu/libsysbase.a(libsysbase_libsysbase_a-syscall_support.o)
                0x00120f20                __libc_lock_release
 .text.__libc_lock_acquire_recursive
                0x00120f3c       0x1c /opt/devkitpro/devkitARM/lib/gcc/arm-none-eabi/16.1.0/../../../../arm-none-eabi/lib/armv6k/fpu/libsysbase.a(libsysbase_libsysbase_a-syscall_support.o)
                0x00120f3c                __libc_lock_acquire_recursive
 .text.__libc_lock_release_recursive
                0x00120f58       0x1c /opt/devkitpro/devkitARM/lib/gcc/arm-none-eabi/16.1.0/../../../../arm-none-eabi/lib/armv6k/fpu/libsysbase.a(libsysbase_libsysbase_a-syscall_support.o)
                0x00120f58                __libc_lock_release_recursive
 .text._write_r
                0x00120f74       0x94 /opt/devkitpro/devkitARM/lib/gcc/arm-none-eabi/16.1.0/../../../../arm-none-eabi/lib/armv6k/fpu/libsysbase.a(libsysbase_libsysbase_a-write.o)
                0x00120f74                _write_r
 .text.strrchr  0x00121008       0x48 /opt/devkitpro/devkitARM/lib/gcc/arm-none-eabi/16.1.0/../../../../arm-none-eabi/lib/armv6k/fpu/libg.a(libc_a-strrchr.o)
                0x00121008                strrchr
 *(.glue_7)
 .glue_7        0x00121050        0x0 linker stubs
 *(.glue_7t)
 .glue_7t       0x00121050        0x0 linker stubs
 *(.stub)
 *(.gnu.warning)
 *(.gnu.linkonce.t*)
                0x00121050                        . = ALIGN (0x4)
 *(.fini)
 .fini          0x00121050        0xc /opt/devkitpro/devkitARM/lib/gcc/arm-none-eabi/16.1.0/armv6k/fpu/crti.o
                0x00121050                _fini
 .fini          0x0012105c        0xc /opt/devkitpro/devkitARM/lib/gcc/arm-none-eabi/16.1.0/armv6k/fpu/crtn.o
                0x00121068                        . = ALIGN (0x4)

.vfp11_veneer   0x00121068        0x0
 .vfp11_veneer  0x00121068        0x0 linker stubs

.v4_bx          0x00121068        0x0
 .v4_bx         0x00121068        0x0 linker stubs

.iplt           0x00121068        0x0
 .iplt          0x00121068        0x0 /opt/devkitpro/devkitARM/lib/gcc/arm-none-eabi/16.1.0/../../../../arm-none-eabi/lib/armv6k/fpu/3dsx_crt0.o
                0x00122000                        . = ALIGN (0x1000)

.rodata         0x00122000     0x19a8
 *(.rodata)
 .rodata        0x00122000        0xc /opt/devkitpro/libctru/lib/libctru.a(romfs_dev.o)
 .rodata        0x0012200c       0x18 /opt/devkitpro/libctru/lib/libctru.a(ndsp.o)
 .rodata        0x00122024        0xc /opt/devkitpro/libctru/lib/libctru.a(archive_dev.o)
 *(.roda)
 *(.rodata.*)
 .rodata.str1.4
                0x00122030      0x509 main.o
                                0x291 (size before relaxing)
 .rodata.consolePrintChar
                0x00122539        0x6 /opt/devkitpro/libctru/lib/libctru.a(console.o)
 *fill*         0x0012253f        0x1 
 .rodata.con_write
                0x00122540      0x23c /opt/devkitpro/libctru/lib/libctru.a(console.o)
 .rodata.str1.4
                0x0012277c        0x0 /opt/devkitpro/libctru/lib/libctru.a(console.o)
                                 0x10 (size before relaxing)
 .rodata.dotab_stdout
                0x0012277c       0x80 /opt/devkitpro/libctru/lib/libctru.a(console.o)
 .rodata.grayScale
                0x001227fc       0x18 /opt/devkitpro/libctru/lib/libctru.a(console.o)
 .rodata.colorCube
                0x00122814        0x6 /opt/devkitpro/libctru/lib/libctru.a(console.o)
 *fill*         0x0012281a        0x2 
 .rodata.colorTable
                0x0012281c       0x30 /opt/devkitpro/libctru/lib/libctru.a(console.o)
 .rodata.romfs_dirnext.str1.4
                0x0012284c        0x0 /opt/devkitpro/libctru/lib/libctru.a(romfs_dev.o)
                                  0x7 (size before relaxing)
 .rodata.romfsMountSelf.str1.4
                0x0012284c        0x0 /opt/devkitpro/libctru/lib/libctru.a(romfs_dev.o)
                                 0x19 (size before relaxing)
 .rodata.str1.4
                0x0012284c        0x0 /opt/devkitpro/libctru/lib/libctru.a(romfs_dev.o)
                                  0x1 (size before relaxing)
 .rodata.romFS_devoptab
                0x0012284c       0x80 /opt/devkitpro/libctru/lib/libctru.a(romfs_dev.o)
 .rodata.ndspInit.str1.4
                0x001228cc        0x0 /opt/devkitpro/libctru/lib/libctru.a(ndsp.o)
                                  0x8 (size before relaxing)
 .rodata.dsp_filename.0
                0x001228cc       0x11 /opt/devkitpro/libctru/lib/libctru.a(ndsp.o)
 .rodata.str1.4
                0x001228dd        0x0 /opt/devkitpro/libctru/lib/libctru.a(ndsp.o)
                                  0x1 (size before relaxing)
 .rodata.aptEventHandler
                0x001228dd        0xb /opt/devkitpro/libctru/lib/libctru.a(apt.o)
 .rodata.aptWaitForWakeUp.isra.0
                0x001228e8       0x11 /opt/devkitpro/libctru/lib/libctru.a(apt.o)
 *fill*         0x001228f9        0x3 
 .rodata.morton_y.2
                0x001228fc        0x8 /opt/devkitpro/libctru/lib/libctru.a(apt.o)
 .rodata.morton_x.3
                0x00122904        0x8 /opt/devkitpro/libctru/lib/libctru.a(apt.o)
 .rodata.s_sleepWakeEvents.4
                0x0012290c        0x8 /opt/devkitpro/libctru/lib/libctru.a(apt.o)
 .rodata.str1.4
                0x00122914        0x0 /opt/devkitpro/libctru/lib/libctru.a(apt.o)
                                 0x16 (size before relaxing)
 .rodata.serviceNameTable.5
                0x00122914        0xc /opt/devkitpro/libctru/lib/libctru.a(apt.o)
 .rodata.cfguInit.str1.4
                0x00122920        0x0 /opt/devkitpro/libctru/lib/libctru.a(cfgu.o)
                                 0x16 (size before relaxing)
 .rodata.dspInit.str1.4
                0x00122920        0x0 /opt/devkitpro/libctru/lib/libctru.a(dsp.o)
                                  0x9 (size before relaxing)
 .rodata.fsInit.str1.4
                0x00122920        0x0 /opt/devkitpro/libctru/lib/libctru.a(fs.o)
                                  0x8 (size before relaxing)
 .rodata.gspInit.str1.4
                0x00122920        0x0 /opt/devkitpro/libctru/lib/libctru.a(gspgpu.o)
                                  0x9 (size before relaxing)
 .rodata.hidInit.str1.4
                0x00122920        0x0 /opt/devkitpro/libctru/lib/libctru.a(hid.o)
                                 0x15 (size before relaxing)
 .rodata.irrstInit.str1.4
                0x00122920        0x0 /opt/devkitpro/libctru/lib/libctru.a(irrst.o)
                                  0x7 (size before relaxing)
 .rodata.swkbdFeatures
                0x00122920       0x14 /opt/devkitpro/libctru/lib/libctru.a(swkbd.o)
 .rodata.__system_initArgv.str1.4
                0x00122934        0x0 /opt/devkitpro/libctru/lib/libctru.a(initArgv.o)
                                  0xa (size before relaxing)
 .rodata.default_font_bin
                0x00122934      0x800 /opt/devkitpro/libctru/lib/libctru.a(default_font.bin.o)
                0x00122934                default_font_bin
                0x00123134                default_font_bin_end
 .rodata.srvInit.str1.4
                0x00123134        0x0 /opt/devkitpro/libctru/lib/libctru.a(srv.o)
                                  0x5 (size before relaxing)
 .rodata.ptmSysmInit.str1.4
                0x00123134        0x0 /opt/devkitpro/libctru/lib/libctru.a(ptmsysm.o)
                                  0x9 (size before relaxing)
 .rodata.archive_utf16path.str1.4
                0x00123134        0x0 /opt/devkitpro/libctru/lib/libctru.a(archive_dev.o)
                                  0x2 (size before relaxing)
 .rodata._archiveUnmountDeviceStruct.part.0.str1.4
                0x00123134        0x0 /opt/devkitpro/libctru/lib/libctru.a(archive_dev.o)
                                  0x2 (size before relaxing)
 .rodata._archiveMountDevice.str1.4
                0x00123134        0x0 /opt/devkitpro/libctru/lib/libctru.a(archive_dev.o)
                                  0xc (size before relaxing)
 .rodata.archiveMountSdmc.str1.4
                0x00123134        0x0 /opt/devkitpro/libctru/lib/libctru.a(archive_dev.o)
                                  0x5 (size before relaxing)
 .rodata.error_table
                0x00123134       0x30 /opt/devkitpro/libctru/lib/libctru.a(archive_dev.o)
 .rodata.str1.4
                0x00123164        0x0 /opt/devkitpro/libctru/lib/libctru.a(archive_dev.o)
                                  0x8 (size before relaxing)
 .rodata.archive_devoptab
                0x00123164       0x80 /opt/devkitpro/libctru/lib/libctru.a(archive_dev.o)
 .rodata._puts_r.str1.4
                0x001231e4        0x0 /opt/devkitpro/devkitARM/lib/gcc/arm-none-eabi/16.1.0/../../../../arm-none-eabi/lib/armv6k/fpu/libg.a(libc_a-puts.o)
                                  0x2 (size before relaxing)
 .rodata.get_arg
                0x001231e4       0x34 /opt/devkitpro/devkitARM/lib/gcc/arm-none-eabi/16.1.0/../../../../arm-none-eabi/lib/armv6k/fpu/libg.a(libc_a-svfprintf.o)
 .rodata._svfprintf_r.str1.1
                0x00123218       0x3b /opt/devkitpro/devkitARM/lib/gcc/arm-none-eabi/16.1.0/../../../../arm-none-eabi/lib/armv6k/fpu/libg.a(libc_a-svfprintf.o)
 *fill*         0x00123253        0x1 
 .rodata._svfprintf_r
                0x00123254       0xb6 /opt/devkitpro/devkitARM/lib/gcc/arm-none-eabi/16.1.0/../../../../arm-none-eabi/lib/armv6k/fpu/libg.a(libc_a-svfprintf.o)
 *fill*         0x0012330a        0x2 
 .rodata.zeroes.0
                0x0012330c       0x10 /opt/devkitpro/devkitARM/lib/gcc/arm-none-eabi/16.1.0/../../../../arm-none-eabi/lib/armv6k/fpu/libg.a(libc_a-svfprintf.o)
 .rodata.blanks.1
                0x0012331c       0x10 /opt/devkitpro/devkitARM/lib/gcc/arm-none-eabi/16.1.0/../../../../arm-none-eabi/lib/armv6k/fpu/libg.a(libc_a-svfprintf.o)
 .rodata._ctype_
                0x0012332c      0x101 /opt/devkitpro/devkitARM/lib/gcc/arm-none-eabi/16.1.0/../../../../arm-none-eabi/lib/armv6k/fpu/libg.a(libc_a-ctype_.o)
                0x0012332c                _ctype_
 *fill*         0x0012342d        0x1 
 .rodata.get_arg
                0x0012342e       0x34 /opt/devkitpro/devkitARM/lib/gcc/arm-none-eabi/16.1.0/../../../../arm-none-eabi/lib/armv6k/fpu/libg.a(libc_a-vfprintf.o)
 .rodata._vfprintf_r.str1.1
                0x00123462        0x0 /opt/devkitpro/devkitARM/lib/gcc/arm-none-eabi/16.1.0/../../../../arm-none-eabi/lib/armv6k/fpu/libg.a(libc_a-vfprintf.o)
                                 0x3b (size before relaxing)
 .rodata._vfprintf_r
                0x00123462       0xb6 /opt/devkitpro/devkitARM/lib/gcc/arm-none-eabi/16.1.0/../../../../arm-none-eabi/lib/armv6k/fpu/libg.a(libc_a-vfprintf.o)
 .rodata.zeroes.0
                0x00123518       0x10 /opt/devkitpro/devkitARM/lib/gcc/arm-none-eabi/16.1.0/../../../../arm-none-eabi/lib/armv6k/fpu/libg.a(libc_a-vfprintf.o)
 .rodata.blanks.1
                0x00123528       0x10 /opt/devkitpro/devkitARM/lib/gcc/arm-none-eabi/16.1.0/../../../../arm-none-eabi/lib/armv6k/fpu/libg.a(libc_a-vfprintf.o)
 .rodata.__action_table
                0x00123538       0x6c /opt/devkitpro/devkitARM/lib/gcc/arm-none-eabi/16.1.0/../../../../arm-none-eabi/lib/armv6k/fpu/libg.a(libc_a-svfiprintf.o)
                0x00123538                __action_table
 .rodata.__state_table
                0x001235a4       0x6c /opt/devkitpro/devkitARM/lib/gcc/arm-none-eabi/16.1.0/../../../../arm-none-eabi/lib/armv6k/fpu/libg.a(libc_a-svfiprintf.o)
                0x001235a4                __state_table
 .rodata.__chclass
                0x00123610      0x100 /opt/devkitpro/devkitARM/lib/gcc/arm-none-eabi/16.1.0/../../../../arm-none-eabi/lib/armv6k/fpu/libg.a(libc_a-svfiprintf.o)
                0x00123610                __chclass
 .rodata.str1.4
                0x00123710        0x0 /opt/devkitpro/devkitARM/lib/gcc/arm-none-eabi/16.1.0/../../../../arm-none-eabi/lib/armv6k/fpu/libg.a(libc_a-locale.o)
                                 0x4c (size before relaxing)
 .rodata._dtoa_r.str1.4
                0x00123710        0x0 /opt/devkitpro/devkitARM/lib/gcc/arm-none-eabi/16.1.0/../../../../arm-none-eabi/lib/armv6k/fpu/libg.a(libc_a-dtoa.o)
                                 0x9c (size before relaxing)
 .rodata._dtoa_r
                0x00123710        0x8 /opt/devkitpro/devkitARM/lib/gcc/arm-none-eabi/16.1.0/../../../../arm-none-eabi/lib/armv6k/fpu/libg.a(libc_a-dtoa.o)
 .rodata.__assert_func.str1.4
                0x00123718        0x0 /opt/devkitpro/devkitARM/lib/gcc/arm-none-eabi/16.1.0/../../../../arm-none-eabi/lib/armv6k/fpu/libg.a(libc_a-assert.o)
                                 0x43 (size before relaxing)
 .rodata.__multadd.str1.4
                0x00123718        0x0 /opt/devkitpro/devkitARM/lib/gcc/arm-none-eabi/16.1.0/../../../../arm-none-eabi/lib/armv6k/fpu/libg.a(libc_a-mprec.o)
                                 0x89 (size before relaxing)
 .rodata.p05.0  0x00123718        0xc /opt/devkitpro/devkitARM/lib/gcc/arm-none-eabi/16.1.0/../../../../arm-none-eabi/lib/armv6k/fpu/libg.a(libc_a-mprec.o)
 *fill*         0x00123724        0x4 
 .rodata.__mprec_bigtens
                0x00123728       0x28 /opt/devkitpro/devkitARM/lib/gcc/arm-none-eabi/16.1.0/../../../../arm-none-eabi/lib/armv6k/fpu/libg.a(libc_a-mprec.o)
                0x00123728                __mprec_bigtens
 .rodata.__mprec_tens
                0x00123750       0xc8 /opt/devkitpro/devkitARM/lib/gcc/arm-none-eabi/16.1.0/../../../../arm-none-eabi/lib/armv6k/fpu/libg.a(libc_a-mprec.o)
                0x00123750                __mprec_tens
 .rodata.get_arg
                0x00123818       0x34 /opt/devkitpro/devkitARM/lib/gcc/arm-none-eabi/16.1.0/../../../../arm-none-eabi/lib/armv6k/fpu/libg.a(libc_a-vfiprintf.o)
 .rodata._vfiprintf_r.str1.1
                0x0012384c        0x0 /opt/devkitpro/devkitARM/lib/gcc/arm-none-eabi/16.1.0/../../../../arm-none-eabi/lib/armv6k/fpu/libg.a(libc_a-vfiprintf.o)
                                 0x29 (size before relaxing)
 .rodata._vfiprintf_r
                0x0012384c       0xb6 /opt/devkitpro/devkitARM/lib/gcc/arm-none-eabi/16.1.0/../../../../arm-none-eabi/lib/armv6k/fpu/libg.a(libc_a-vfiprintf.o)
 *fill*         0x00123902        0x2 
 .rodata.zeroes.0
                0x00123904       0x10 /opt/devkitpro/devkitARM/lib/gcc/arm-none-eabi/16.1.0/../../../../arm-none-eabi/lib/armv6k/fpu/libg.a(libc_a-vfiprintf.o)
 .rodata.blanks.1
                0x00123914       0x10 /opt/devkitpro/devkitARM/lib/gcc/arm-none-eabi/16.1.0/../../../../arm-none-eabi/lib/armv6k/fpu/libg.a(libc_a-vfiprintf.o)
 .rodata.str1.4
                0x00123924        0x0 /opt/devkitpro/devkitARM/lib/gcc/arm-none-eabi/16.1.0/../../../../arm-none-eabi/lib/armv6k/fpu/libsysbase.a(libsysbase_libsysbase_a-iosupport.o)
                                  0x8 (size before relaxing)
 .rodata.dotab_stdnull
                0x00123924       0x80 /opt/devkitpro/devkitARM/lib/gcc/arm-none-eabi/16.1.0/../../../../arm-none-eabi/lib/armv6k/fpu/libsysbase.a(libsysbase_libsysbase_a-iosupport.o)
                0x00123924                dotab_stdnull
 *all.rodata*(*)
 *(.gnu.linkonce.r*)
                0x001239a4                        . = ALIGN (0x4)
                0x001239a4                        __tdata_align = .
                0x001239a4        0x4 LONG 0x4 ALIGNOF (.tdata)
                0x001239a8                        . = ALIGN (0x4)

.eh_frame       0x001239a8        0x0
 .eh_frame      0x001239a8        0x0 /opt/devkitpro/devkitARM/lib/gcc/arm-none-eabi/16.1.0/armv6k/fpu/crtbegin.o

.rel.dyn        0x001239a8        0x0
 .rel.iplt      0x001239a8        0x0 /opt/devkitpro/devkitARM/lib/gcc/arm-none-eabi/16.1.0/../../../../arm-none-eabi/lib/armv6k/fpu/3dsx_crt0.o
 .rel.got       0x001239a8        0x0 /opt/devkitpro/devkitARM/lib/gcc/arm-none-eabi/16.1.0/../../../../arm-none-eabi/lib/armv6k/fpu/3dsx_crt0.o

.ARM.extab
 *(.ARM.extab* .gnu.linkonce.armextab.*)
                0x001239a8                        __exidx_start = .

.ARM.exidx
 *(.ARM.exidx* .gnu.linkonce.armexidx.*)
                0x001239a8                        __exidx_end = .
                0x00124000                        . = ALIGN (0x1000)

.data           0x00124000     0x1f94
 *(.data)
 .data          0x00124000      0x204 main.o
                0x00124000                idx
                0x00124004                meme_messages
 *(.data.*)
 .data.firstConsoleInit.0
                0x00124204        0x1 /opt/devkitpro/libctru/lib/libctru.a(console.o)
 *fill*         0x00124205        0x3 
 .data.currentConsole
                0x00124208        0x4 /opt/devkitpro/libctru/lib/libctru.a(console.o)
                0x00124208                currentConsole
 .data.defaultConsole
                0x0012420c       0x48 /opt/devkitpro/libctru/lib/libctru.a(console.o)