         w __deregister_frame_info
         w __register_frame_info
         w userAppExit
         w userAppInit
00000000 b _TLS_MODULE_BASE_
00000000 00000802 B __ctru_dev_utf16_buf
00000000 A __sync_synchronize
00000000 a shift
00000000 a shift
00000804 00000401 B __ctru_dev_path_buf
00100000 A __start__
00100000 T _start
00100008 T __service_ptr
0010000c T __apt_appid
00100010 T __heap_size
00100014 T __linear_heap_size
00100018 T __system_arglist
0010001c T __system_runflags
00100020 t startup
00100058 t ClearMem
0010006c t ClrLoop
00100094 T _init
001000ac t .udivsi3_skip_div0_test
001000ac T __aeabi_uidiv
001000ac 000001ec T __udivsi3
00100298 00000020 T __aeabi_uidivmod
001002b8 T __aeabi_idiv
001002b8 00000220 T __divsi3
001002c0 t .divsi3_skip_div0_test
001004d8 00000020 T __aeabi_idivmod
001004f8 00000004 W __aeabi_idiv0
001004f8 00000004 W __aeabi_ldiv0
001004fc T __aeabi_ldivmod
001005d0 T __aeabi_uldivmod
00100628 00000390 T strcmp
001009b0 t __do_global_dtors_aux
00100a00 t frame_dummy
00100a2c 00000040 T printCenteredText
00100a6c 0000008c T playAudio
00100af8 00000668 T main
00101160 00000024 t addrMapNodeComparator(rbtree_node const*, rbtree_node const*)
00101184 00000004 t addrMapNodeDestructor(rbtree_node*)
00101188 0000012c T linearMemAlign
001012b4 00000008 T linearAlloc
001012bc 0000005c T linearFree
00101318 00000088 T MemPool::CoalesceRight(MemBlock*)
001013a0 00000178 T MemPool::Allocate(MemChunk&, unsigned long, int)
00101518 00000118 T MemPool::Deallocate(MemChunk const&)
00101630 00000030 T MemPool::GetFreeSpace()
00101660 000001c8 T consoleDrawChar
00101828 00000170 T consolePrintChar
00101998 00000cc8 T con_write
00102660 000000fc t newRow
0010275c 00000180 T consoleInit
001028dc 000000b8 T consoleClear
00102994 000000cc t gfxPresentFramebuffer
00102a60 0000001c T gfxIsWide
00102a7c 000000f8 T gfxSetScreenFormat
00102b74 00000010 T gfxSetDoubleBuffering
00102b84 000000d8 T gfxInit
00102c5c 00000010 T gfxInitDefault
00102c6c 000000b8 T gfxExit
00102d24 000000a0 T gfxGetFramebuffer
00102dc4 00000100 T gfxFlushBuffers
00102ec4 00000050 T gfxSwapBuffers
00102f14 00000050 T gfxSwapBuffersGpu
00102f64 00000008 t romfs_close
00102f6c 000000ac t romfs_seek
00103018 00000024 t romfs_dirreset
0010303c 000000c0 t fill_dir
001030fc 000002ac t romfs_dirnext
001033a8 00000074 t romfs_free
0010341c 000000d0 t searchForFile.constprop.0
001034ec 000000d4 t searchForDir.constprop.0
001035c0 000001c0 t navigateToDir.constprop.0
00103780 00000114 t romfs_open
00103894 0000004c t romfs_chdir
001038e0 00000068 t romfs_diropen
00103948 00000178 t romfs_stat
00103ac0 00000008 t romfs_dirclose
00103ac8 0000007c t romfs_fstat
00103b44 000000d0 t romfs_read
00103c14 00000294 T romfsMountFromFile
00103ea8 00000098 T romfsMountFromCurrentProcess
00103f40 00000258 T romfsMountSelf
00104198 000000a0 T romfsUnmount
00104238 00000158 t ndspUpdateMaster
00104390 00000108 t ndspFinalize
00104498 0000025c t ndspInitialize.part.0
001046f4 00000108 t ndspHookCallback
00104800 00000318 t ndspThreadMain
00104b18 000003f0 T ndspInit
00104f08 000000d8 T ndspExit
00104fe0 00000034 T ndspSetOutputMode
00105014 000000e0 T ndspChnReset
001050f4 00000018 T ndspChnSetFormat
0010510c 00000050 T ndspChnSetInterp
0010515c 00000060 T ndspChnSetRate
001051bc 00000080 T ndspChnSetMix
0010523c 000000b0 T ndspChnWaveBufClear
001052ec 000000c8 T ndspChnWaveBufAdd
001053b4 00000040 T ndspiInitChn
001053f4 0000002c T ndspiDirtyChn
00105420 0000043c T ndspiUpdateChn
0010585c 00000180 T ndspiReadChnState
001059dc 00000180 t aptConvertScreenForCapture
00105b5c 00000138 T aptSendCommand
00105c98 00000044 t aptExitProcess
00105cdc 00000394 T aptExit
00106070 000000d8 T aptHandleSleep
00106148 0000001c T aptSetMessageCallback
00106164 00000084 T APT_SleepIfShellClosed
001061e8 00000078 T aptSetSleepAllowed
00106260 00000084 T APT_UnlockTransition
001062e8 00000470 t aptEventHandler
00106758 000000bc T APT_ReceiveParameter
00106814 000000b0 t aptReceiveParameter.constprop.0
001068c8 00000294 t aptScreenTransfer
00106b5c 000002d0 t aptWaitForWakeUp.isra.0
00106e2c 00000114 T aptLaunchLibraryApplet
00106f40 000000f4 T aptJumpToHomeMenu
00107034 00000058 T aptMainLoop
0010708c 00000240 T aptInit
001072cc 0000005c T APT_SendParameter
00107328 00000090 T APT_CheckNew3DS
001073b8 000000a8 T cfguInit
00107460 0000003c T cfguExit
0010749c 0000004c T CFGU_GetConfigInfoBlk2
001074e8 000000a4 t DSP_LoadComponent.part.0
0010758c 000000fc T dspInit
00107688 0000008c T dspExit
00107714 00000024 T dspHook
00107738 00000030 T dspUnhook
00107768 000000b4 T aptDspSleep
0010781c 000000b4 T aptDspWakeup
001078d0 00000044 T aptDspCancel
00107914 00000050 T DSP_FlushDataCache
00107964 00000034 T DSP_SetSemaphore
00107998 00000034 T DSP_SetSemaphoreMask
001079cc 00000038 T DSP_GetSemaphoreHandle
00107a04 0000003c T DSP_LoadComponent
00107a40 00000044 T DSP_RegisterInterruptEvents
00107a84 00000078 T DSP_ReadPipeIfPossible
00107afc 0000004c T DSP_WriteProcessPipe
00107b48 00000044 T DSP_ConvertProcessAddressFromDspDram
00107b8c 00000044 T DSP_RecvData
00107bd0 00000050 T DSP_RecvDataIsReady
00107c20 00000104 T fsInit
00107d24 0000003c T fsExit
00107d60 00000068 T fsExemptFromSession
00107dc8 00000050 T fsUnexemptFromSession
00107e18 000000cc T FSUSER_OpenFile
00107ee4 000000cc T FSUSER_OpenFileDirectly
00107fb0 000000b8 T FSUSER_DeleteFile
00108068 000000f4 T FSUSER_RenameFile
0010815c 000000b8 T FSUSER_DeleteDirectory
00108214 000000d0 T FSUSER_CreateFile
001082e4 000000c0 T FSUSER_CreateDirectory
001083a4 000000f4 T FSUSER_RenameDirectory
00108498 000000b4 T FSUSER_OpenDirectory
0010854c 00000090 T FSUSER_OpenArchive
001085dc 0000008c T FSUSER_CloseArchive
00108668 00000074 T FSUSER_GetSdmcArchiveResource
001086dc 00000064 T FSUSER_IsSdmcWritable
00108740 00000064 T FSFILE_Read
001087a4 0000006c T FSFILE_Write
00108810 00000044 T FSFILE_GetSize
00108854 00000028 T FSFILE_SetSize
0010887c 0000003c T FSFILE_Close
001088b8 00000024 T FSFILE_Flush
001088dc 00000060 T FSDIR_Read
0010893c 0000003c T FSDIR_Close
00108978 00000c70 t gspHardwareInit
001095e8 00000288 T gspInit
00109870 00000104 T gspExit
00109974 00000010 T gspHasGpuRight
00109984 000000a4 T gspPresentBuffer
00109a28 00000050 T gspWaitForEvent
00109a78 00000004 W gxCmdQueueInterrupt
00109a7c 00000154 t gspEventThreadMain
00109bd0 00000050 T GSPGPU_FlushDataCache
00109c20 00000034 T GSPGPU_SetLcdForceBlack
00109c54 00000084 T GSPGPU_AcquireRight
00109cd8 00000064 T GSPGPU_ReleaseRight
00109d3c 0000007c T GSPGPU_ImportDisplayCaptureInfo
00109db8 0000002c T GSPGPU_SaveVramSysArea
00109de4 0000002c T GSPGPU_RestoreVramSysArea
00109e10 00000024 W hidShouldUseIrrst
00109e34 000001cc T hidInit
0010a000 000000e8 T hidExit
0010a0e8 000002a0 T hidScanInput
0010a388 00000010 T hidKeysDown
0010a398 000001a4 T irrstInit
0010a53c 000000dc T irrstExit
0010a618 000000b4 T irrstScanInput
0010a6cc 00000024 T irrstKeysHeld
0010a6f0 00000190 t swkbdMessageCallback
0010a880 00000084 T swkbdInit
0010a904 00000040 T swkbdSetFeatures
0010a944 00000064 T swkbdSetHintText
0010a9a8 00000088 T swkbdSetButton
0010aa30 000003a8 T swkbdInputText
0010add8 00000074 T rbtree_find
0010ae4c 00000010 T rbtree_init
0010ae5c 00000198 t do_insert
0010aff4 00000008 T rbtree_insert
0010affc 00000310 T rbtree_remove
0010b30c 00000090 T rbtree_rotate
0010b39c 000000e8 T utf16_to_utf8
0010b484 000000c0 T utf8_to_utf16
0010b548 000001e8 W __system_allocateHeaps
0010b730 00000038 W __libctru_init
0010b768 0000016c W __system_initArgv
0010b8d4 00000030 T __syscall_getreent
0010b904 00000064 T __syscall_gettod_r
0010b968 00000004 T __syscall_lock_acquire
0010b96c 00000004 T __syscall_lock_release
0010b970 00000004 T __syscall_lock_acquire_recursive
0010b974 00000004 T __syscall_lock_release_recursive
0010b978 00000004 T __syscall_exit
0010b97c 00000054 T initThreadVars
0010b9d0 00000080 T __system_initSyscalls
0010ba50 T svcControlMemory
0010ba70 T svcQueryMemory
0010baa0 T svcExitProcess
0010baa8 T svcCreateThread
0010bac8 T svcExitThread
0010bad0 T svcSleepThread
0010bad8 T svcReleaseMutex
0010bae0 T svcCreateEvent
0010baf4 T svcSignalEvent
0010bafc T svcClearEvent
0010bb04 T svcCreateMemoryBlock
0010bb1c T svcMapMemoryBlock
0010bb24 T svcUnmapMemoryBlock
0010bb2c T svcCreateAddressArbiter
0010bb40 T svcArbitrateAddressNoTimeout
0010bb48 T svcCloseHandle
0010bb50 T svcWaitSynchronization
0010bb58 T svcWaitSynchronizationN
0010bb80 T svcDuplicateHandle
0010bb94 T svcGetSystemTick
0010bb9c T svcConnectToPort
0010bbb0 T svcSendSyncRequest
0010bbb8 T svcGetResourceLimit
0010bbcc T svcGetResourceLimitLimitValues
0010bbd4 T svcGetResourceLimitCurrentValues
0010bbdc T svcBreak
0010bbe4 T __aeabi_read_tp
0010bbf0 W initSystem
0010bc40 W __ctru_exit
0010bc54 00000024 t addrMapNodeComparator(rbtree_node const*, rbtree_node const*)
0010bc78 00000004 t addrMapNodeDestructor(rbtree_node*)
0010bc7c 00000248 T vramMemAlignAt
0010bec4 0000000c T vramAlloc
0010bed0 00000094 T vramFree
0010bf64 0000008c W envGetHandle
0010bff0 00000050 W envDestroyHandles
0010c040 00000074 T osConvertVirtToPhys
0010c0b4 00000054 T osGetTimeRef
0010c108 000000ec T osGetTime
0010c1f4 00000034 T __ctru_speedup_config
0010c228 00000164 T srvInit
0010c38c 00000064 T srvExit
0010c3f0 00000060 T srvEnableNotification
0010c450 000000a0 T srvGetServiceHandleDirect
0010c4f0 00000048 T srvGetServiceHandle
0010c538 00000034 T srvSubscribe
0010c56c 00000060 T srvReceiveNotification
0010c5cc 00000038 T srvPublishToSubscriber
0010c604 0000000c T __sync_init
0010c610 00000018 T __sync_fini
0010c628 00000028 T syncArbitrateAddress
0010c650 0000001c T LightLock_Init
0010c66c 000000ac T LightLock_Lock
0010c718 00000040 T LightLock_Unlock
0010c758 00000054 T RecursiveLock_Lock
0010c7ac 00000054 T RecursiveLock_Unlock
0010c800 00000044 T LightEvent_Init
0010c844 000000b8 T LightEvent_Clear
0010c8fc 000000dc T LightEvent_Signal
0010c9d8 00000050 T LightEvent_TryWait
0010ca28 000000ac T LightEvent_Wait
0010cad4 000001fc T threadCreate
0010ccd0 00000038 T threadFree
0010cd08 00000024 T threadJoin
0010cd2c 00000030 T threadGetCurrent
0010cd5c 00000040 T threadExit
0010cd9c 00000020 t _thread_begin
0010cdbc 00000090 t mappableFindAddressWithin
0010ce4c 00000028 T mappableInit
0010ce74 0000007c T mappableAlloc
0010cef0 00000004 T mappableFree
0010cef4 00000078 T ptmSysmInit
0010cf6c 0000003c T ptmSysmExit
0010cfa8 00000034 T PTMSYSM_ConfigureNew3DSCPU
0010cfdc 0000000c T srvPmGetSessionHandle
0010cfe8 00000060 T rbtree_node_next
0010d048 00000054 T decode_utf16
0010d09c 00000140 T decode_utf8
0010d1dc 00000054 T encode_utf16
0010d230 000000e0 T encode_utf8
0010d310 00000030 W __appExit
0010d340 00000030 W __appInit
0010d370 00000090 W __libctru_exit
0010d400 00000024 t error_cmp
0010d424 00000050 t archive_translate_error
0010d474 000000c0 t archive_seek
0010d534 00000078 t _archiveInit.part.0
0010d5ac 00000110 t archiveFindDevice.part.0
0010d6bc 00000298 t archive_utf16path
0010d954 00000098 t _archiveUnmountDeviceStruct.part.0
0010d9ec 00000178 t _archiveMountDevice
0010db64 000000f8 t archive_diropen
0010dc5c 000000ac t archive_fstat
0010dd08 00000074 t archive_fsync
0010dd7c 00000074 t archive_close
0010ddf0 00000078 t archive_dirclose
0010de68 000000ec t sdmc_statvfs
0010df54 000000f8 t archive_chdir
0010e04c 0000008c t archive_ftruncate
0010e0d8 000000bc t archive_read
0010e194 000000a8 t archive_unlink
0010e23c 000000c0 t archive_rmdir
0010e2fc 000000d8 t archive_mkdir
0010e3d4 000001a0 t archive_stat
0010e574 00000164 t archive_dirnext
0010e6d8 0000013c t archive_write
0010e818 00000254 t archive_open
0010ea6c 00000270 t archive_rename
0010ecdc 000001c8 T archiveMountSdmc
0010eea4 00000054 T archiveUnmountAll
0010eef8 00000130 T __udivmoddi4
0010f028 000000e4 T strncat
0010f10c 00000034 T ftell
0010f140 00000128 T memcpy
0010f268 0000008c T strlen
0010f2f4 00000334 T _fread_r
0010f628 00000038 T fread
0010f660 00000078 T bsearch
0010f6d8 00000134 T _fopen_r
0010f80c 00000028 T fopen
0010f834 00000028 T memalign
0010f85c 000000a0 T snprintf
0010f8fc 00000034 T printf
0010f930 000001ec t _strtoul_l.isra.0
0010fb1c 0000003c T strtoul
0010fb58 00000140 T strchr
0010fc98 000000d8 T memcmp
0010fd70 0000016c T _memalign_r
0010fedc 0000000c T __errno
0010fee8 00000164 T __smakebuf_r
0011004c 00000090 T __swhatbuf_r
001100dc 000000e4 T memset
001101c0 0000022c T __sflush_r
001103ec 000000c4 T _fflush_r
001104b0 000001c4 T _ftello_r
00110674 0000082c T _malloc_r
00110ea0 00000114 T _malloc_trim_r
00110fb4 00000314 T _free_r
001112c8 00000294 T setvbuf
0011155c 0000001c t stdio_exit_handler
00111578 0000005c t cleanup_stdio
001115d4 00000154 t global_stdio_init.part.0
00111728 00000138 T __sfp
00111860 0000005c T __sinit
001118bc 0000000c T __sfp_lock_acquire
001118c8 0000000c T __sfp_lock_release
001118d4 00000084 T __libc_init_array
00111958 000000d4 T strncpy
00111a2c 0000001c T _fseek_r
00111a48 00000034 T fseek
00111a7c 00000040 T malloc
00111abc 00000020 T free
00111adc 000000e0 T _puts_r
00111bbc 00000020 T puts
00111bdc 00000044 T __sread
00111c20 00000068 T __swrite
00111c88 00000040 T __sseek
00111cc8 00000008 T __sclose
00111cd0 0000000c T __malloc_lock
00111cdc 0000000c T __malloc_unlock
00111ce8 00000588 T _fseeko_r
00112270 00000148 T _fclose_r
001123b8 00000020 T fclose
001123d8 00000048 T time
00112420 00000004 W __call_exitprocs
00112424 00000030 T exit
00112454 000005e0 t get_arg
00112a38 0000345c T _svfprintf_r
00115e94 000000b8 T __sflags
00115f4c 0000003c T __libc_fini_array
00115f88 0000003c T strnlen
00115fc4 0000002c T rewind
00115ff0 000000d8 T strncmp
001160c8 00000038 t lflush
00116100 000001a8 T __srefill_r
001162a8 00000088 T frexp
00116330 00000070 T _fwalk_sglue
001163a0 000005e0 t get_arg
00116980 00003554 T _vfprintf_r
00119ed4 000000b4 t __sbprintf
00119f88 000000a0 T _wcrtomb_r
0011a028 000000a4 T __ssprint_r
0011a0cc 000004a4 T __sfvwrite_r
0011a570 00000024 T __locale_mb_cur_max
0011a594 00000030 T __sprint_r
0011a5c4 000001c0 t quorem
0011a788 00001420 T _dtoa_r
0011bba8 000000e8 T memchr
0011bc90 00000028 T _wcsrtombs_r
0011bcb8 00000140 T __swsetup_r
0011bdf8 00000024 T _localeconv_r
0011be1c 000001a8 T memmove
0011bfc4 000004f0 T _realloc_r
0011c4b4 0000012c T __ssputs_r
0011c5e0 000000f8 T __utf8_wctomb
0011c6d8 0000015c T _wcsnrtombs_l
0011c834 00000064 T _wcsnrtombs_r
0011c898 0000005c T __assert_func
0011c8f4 00000088 T _Balloc
0011c97c 0000001c T _Bfree
0011c998 000000f4 T __multadd
0011ca8c 00000080 T __hi0bits
0011cb0c 000000f0 T __lo0bits
0011cbfc 000000a4 T __i2b
0011cca0 00000230 T __multiply
0011ced0 00000130 T __pow5mult
0011d000 00000138 T __lshift
0011d138 00000058 T __mcmp
0011d190 00000218 T __mdiff
0011d3a8 00000120 T __d2b
0011d4c8 00000340 T __utf8_mbtowc
0011d808 0000003c T fiprintf
0011d844 00000014 T abort
0011d858 000000d8 T _calloc_r
0011d930 000005e0 t get_arg
0011df10 000022f8 T _vfiprintf_r
00120208 000000b4 t __sbprintf
001202bc 0000009c T _raise_r
00120358 00000020 T raise
00120378 00000020 T _exit
00120398 00000140 T chdir
001204d8 000001c8 T _concatenate_path
001206a0 0000009c T _fstat_r
0012073c 00000014 T _getpid_r
00120750 0000002c T __getreent
0012077c 00000030 T _gettimeofday_r
001207ac 000000a0 T __release_handle
0012084c 000000b0 T __alloc_handle
001208fc 00000058 T __get_handle
00120954 00000110 T _close_r
00120a64 00000008 t null_write
00120a6c 00000018 T setDefaultDevice
00120a84 00000098 T FindDevice
00120b1c 00000024 T RemoveDevice
00120b40 00000088 T AddDevice
00120bc8 00000020 T GetDeviceOpTab
00120be8 00000008 T _isatty_r
00120bf0 00000014 T _kill_r
00120c04 00000094 T _lseek_r
00120c98 000000c0 T _open_r
00120d58 00000094 T _read_r
00120dec 00000078 W _sbrk_r
00120e64 0000001c T __libc_lock_acquire
00120e80 0000001c T __libc_lock_release
00120e9c 0000001c T __libc_lock_acquire_recursive
00120eb8 0000001c T __libc_lock_release_recursive
00120ed4 00000094 T _write_r
00120f68 00000048 T strrchr
00120fb0 T _fini
001213f8 r .LC2
0012177c 00000080 r dotab_stdout
001217fc 00000018 r grayScale
00121814 00000006 r colorCube
0012181c 00000030 r colorTable
0012184c 00000080 r romFS_devoptab
001218cc 00000011 r dsp_filename.0
001218fc 00000008 r morton_y.2
00121904 00000008 r morton_x.3
0012190c 00000008 r s_sleepWakeEvents.4
00121914 0000000c r serviceNameTable.5
00121920 00000014 r swkbdFeatures
00121934 R default_font_bin
00122134 R default_font_bin_end
00122134 00000030 r error_table
00122164 00000080 r archive_devoptab
0012230c 00000010 r zeroes.0
0012231c 00000010 r blanks.1
0012232c 00000101 R _ctype_
00122518 00000010 r zeroes.0
00122528 00000010 r blanks.1
00122538 0000006c R __action_table
001225a4 0000006c R __state_table
00122610 00000100 R __chclass
00122718 0000000c r p05.0
00122728 00000028 R __mprec_bigtens
00122750 000000c8 R __mprec_tens
00122904 00000010 r zeroes.0
00122914 00000010 r blanks.1
00122924 00000080 R dotab_stdnull
001229a4 R __tdata_align
001229a8 r __EH_FRAME_BEGIN__
001229a8 R __exidx_end
001229a8 R __exidx_start
00123000 00000004 D idx
00123004 00000200 D meme_messages
00123204 00000001 d firstConsoleInit.0
00123208 00000004 D currentConsole
0012320c 00000048 D defaultConsole
00123254 00000004 d aptChainloadDeliverArgSize
00123258 00000004 d kCount
0012325c 00000004 d kInterval
00123260 00000004 d kDelay
00123264 W __stacksize__
00123268 00000004 D _impure_ptr
00123270 00000200 D _impure_data
00123470 00000004 D __malloc_sbrk_base
00123474 00000004 D __malloc_trim_threshold
00123478 00000408 D __malloc_av_
00123880 0000000c D __sglue
0012388c 00000254 D __global_locale
00123ae0 00000400 d _current_working_directory
00123ee0 00001000 d handles
00124ee0 0000000c d __stderr_handle
00124eec 0000000c d __stdout_handle
00124ef8 0000000c d __stdin_handle
00124f04 0000008c D devoptab_list
00124f90 00000004 d defaultDevice
00124f9c d _GLOBAL_OFFSET_TABLE_
00124fa8 d __frame_dummy_init_array_entry
00124fa8 D __init_array_start
00124fa8 B __preinit_array_end
00124fa8 B __preinit_array_start
00124fa8 D __tdata_lma
00124fa8 D __tdata_lma_end
00124fac d __do_global_dtors_aux_fini_array_entry
00124fac D __fini_array_start
00124fac D __init_array_end
00124fb0 D __bss_start__
00124fb0 D __fini_array_end
00124fb0 00000018 b waveBuf
00124fc8 00000014 B audios
00124fdc 00000014 B audioSizes
00124ff0 00000080 b text.1
00125070 00000400 b swkbd.0
00125470 b completed.1
00125474 b object.0
00125490 00000008 b sLinearPool
00125498 0000000c b sAddrMap
001254a4 00000064 b escapeSeq
00125508 00000048 B currentCopy
00125550 00000004 b screenAlloc
00125554 00000004 b screenFree
00125558 00000002 b gfxIsDoubleBuf
0012555c 00000002 b gfxCurBuf
0012555e 00000001 b gfxIsVram
0012555f 00000001 b gfxTopMode
00125560 00000002 b gfxFramebufferFormats
00125564 00000004 b gfxBottomFramebufferMaxSize
00125568 00000004 b gfxTopFramebufferMaxSize
00125570 00000008 b gfxBottomFramebuffers
00125578 00000008 b gfxTopFramebuffers
00125580 00000004 b romfs_mount_list
00125584 00000004 V __romfs_path
00125588 00000004 b ndspRefCount
0012558c 00000048 b ndspMaster
001255d4 00000004 b ndspThread
001255d8 00000001 b ndspThreadRun
001255dc 00001080 b dspVar5Backup
0012665c 00000004 b ndspMutex
00126660 00000008 b sleepEvent
00126668 00000004 b dspSem
0012666c 00000004 b irqEvent
00126670 00000008 b ndspHookCookie
00126678 00000001 b componentFree
0012667a 00000002 b componentDataMask
0012667c 00000002 b componentProgMask
00126680 00000004 b componentSize
00126684 00000004 b componentBin
00126688 00000004 b frameCount
0012668c 00000004 b droppedFrames
00126690 00000001 b bCancelReceived
00126691 00000001 b bSleeping
00126692 00000001 b bEnteringSleep
00126693 00000001 b bDspReady
00126694 00000080 B ndspVars
00126714 00000002 B ndspBufferId
00126716 00000002 B ndspBufferCurId
00126718 00000002 B ndspFrameId
00126720 00000c60 b ndspChn
00127380 00000001 b flagValue.0
00127381 00000001 b flagInit.1
00127384 00000004 b serviceName.6
00127388 00000001 b aptChainloadFlags
00127389 00000001 b aptChainloadMediatype
0012738c 00000020 b aptChainloadHmac
001273ac 00000300 b aptChainloadDeliverArg
001276b0 00000008 b aptChainloadTid
001276b8 00001000 b aptParameters
001286b8 00000004 b aptFlags
001286bc 00000001 b aptHomeButtonState
001286c0 00000004 b aptMessageFuncData
001286c4 00000004 b aptMessageFunc
001286c8 0000000c b aptFirstHook
001286d4 00000001 b aptEventHandlerThreadQuit
001286d8 00000004 b aptEventHandlerThread
001286dc 00000008 b aptSleepEvent
001286e4 00000008 b aptReceiveEvent
001286ec 00000008 b aptEvents
001286f4 00000004 b aptLockHandle
001286f8 00000004 b aptRefCount
001286fc 00000004 b cfguRefCount
00128700 00000004 b cfguHandle
00128704 00000002 b dspSavedCompDataMask
00128706 00000002 b dspSavedCompProgMask
00128708 00000004 b dspSavedCompSize
0012870c 00000004 b dspSavedCompBin
00128710 00000001 b dspSleeping
00128711 00000001 b dspComponentLoaded
00128714 00000008 b dspFirstHook
0012871c 00000004 b dspRefCount
00128720 00000004 b dspHandle
00128728 00000080 b fsExemptArchives
001287a8 00000004 b fsuRefCount
001287ac 00000004 b fsuHandle
001287b0 00000007 b gspEventCbOneShot
001287b8 0000001c b gspEventCbData
001287d4 0000001c b gspEventCb
001287f0 00000038 b gspEvents
00128828 00000004 b gspLastEvent
0012882c 00000001 b gspRunEvents
00128830 00000004 b gspEventThread
00128834 00000004 b gspEvent
00128838 00000001 b gspGpuRight
00128839 00000001 b gspThreadId
0012883c 00000004 b gspSharedMem
00128840 00000004 b gspSharedMemHandle
00128844 00000004 b gspRefCount
00128848 00000004 b gspGpuHandle
0012884c 00000001 b usingIrrst
00128850 00000004 b hidRefCount
00128854 00000006 b gRate
0012885c 00000006 b aVec
00128864 00000004 b cPos
00128868 00000004 b tPos
0012886c 00000004 b kRepeat
00128870 00000004 b kUp
00128874 00000004 b kDown
00128878 00000004 b kHeld
0012887c 00000004 b kOld
00128880 00000004 B hidSharedMem
00128884 00000014 B hidEvents
00128898 00000004 B hidMemHandle
0012889c 00000004 B hidHandle
001288a0 00000004 b irrstRefCount
001288a4 00000004 b csPos
001288a8 00000004 b kHeld
001288ac 00000004 B irrstSharedMem
001288b0 00000004 B irrstEvent
001288b4 00000004 B irrstMemHandle
001288b8 00000004 B irrstHandle
001288bc 00000004 b swkbdSharedMemHandle
001288c0 00000004 b swkbdSharedMem
001288c4 00000004 V __ctru_linear_heap_size
001288c8 00000004 V __ctru_heap_size
001288cc 00000004 B __ctru_linear_heap
001288d0 00000004 B __ctru_heap
001288d4 00000004 B __system_retAddr
001288d8 00000004 B __system_argv
001288dc 00000004 B __system_argc
001288e0 b saved_stack
001288e8 00000008 b sVramPoolB
001288f0 00000008 b sVramPoolA
001288f8 0000000c b sAddrMap
00128904 00000004 B __3dslink_host
00128908 00000001 V __ctru_speedup
0012890c 00000004 b srvRefCount
00128910 00000004 b srvHandle
00128914 00000004 b arbiter
00128918 00000004 b currentAddr
0012891c 00000004 b maxAddr
00128920 00000004 b minAddr
00128924 00000004 b ptmSysmRefCount
00128928 00000004 b ptmSysmHandle
0012892c 00000004 b srvPmHandle
00128930 000005c0 b archive_devices
00128ef0 00000004 b archive_device_cwd
00128ef4 00000001 b archive_initialized
00128ef8 00000028 B __malloc_current_mallinfo
00128f20 00000004 B __malloc_max_total_mem
00128f24 00000004 B __malloc_max_sbrked_mem
00128f28 00000004 B __malloc_top_pad
00128f2c 0000000c b __sfp_recursive_mutex
00128f38 00000168 B __sf
001290a0 00000004 B __stdio_exit_handler
001290a4 0000000c b __malloc_recursive_mutex
001290b0 00000400 b temp_cwd
001294b0 00000004 b __hndl_lock
001294b4 00000004 B fake_heap_start
001294b8 00000004 B fake_heap_end
001294bc 00000004 b heap_start.0
001294c0 B __tls_start
0012a0c8 B __bss_end__
0012a0c8 A __end__
0012a0c8 B __tls_end
