         w __deregister_frame_info
         w __register_frame_info
         w userAppExit
         w userAppInit
00000000 b _TLS_MODULE_BASE_
00000000 00000802 B __ctru_dev_utf16_buf
00000000 A __sync_synchronize
00000000 a shift
00000000 a shift
00000804 00000401 B __ctru_dev_path_buf
00100000 A __start__
00100000 T _start
00100008 T __service_ptr
0010000c T __apt_appid
00100010 T __heap_size
00100014 T __linear_heap_size
00100018 T __system_arglist
0010001c T __system_runflags
00100020 t startup
00100058 t ClearMem
0010006c t ClrLoop
00100094 T _init
001000ac t .udivsi3_skip_div0_test
001000ac T __aeabi_uidiv
001000ac 000001ec T __udivsi3
00100298 00000020 T __aeabi_uidivmod
001002b8 T __aeabi_idiv
001002b8 00000220 T __divsi3
001002c0 t .divsi3_skip_div0_test
001004d8 00000020 T __aeabi_idivmod
001004f8 00000004 W __aeabi_idiv0
001004f8 00000004 W __aeabi_ldiv0
001004fc T __aeabi_ldivmod
001005d0 T __aeabi_uldivmod
00100628 00000390 T strcmp
001009b0 t __do_global_dtors_aux
00100a00 t frame_dummy
00100a2c 00000534 T main
00100f60 00000024 t addrMapNodeComparator(rbtree_node const*, rbtree_node const*)
00100f84 00000004 t addrMapNodeDestructor(rbtree_node*)
00100f88 0000012c T linearMemAlign
001010b4 00000008 T linearAlloc
001010bc 0000005c T linearFree
00101118 00000088 T MemPool::CoalesceRight(MemBlock*)
001011a0 00000178 T MemPool::Allocate(MemChunk&, unsigned long, int)
00101318 00000118 T MemPool::Deallocate(MemChunk const&)
00101430 00000030 T MemPool::GetFreeSpace()
00101460 000001c8 T consoleDrawChar
00101628 00000170 T consolePrintChar
00101798 00000cc8 T con_write
00102460 000000fc t newRow
0010255c 00000180 T consoleInit
001026dc 000000b8 T consoleClear
00102794 000000cc t gfxPresentFramebuffer
00102860 0000001c T gfxIsWide
0010287c 000000f8 T gfxSetScreenFormat
00102974 00000010 T gfxSetDoubleBuffering
00102984 000000d8 T gfxInit
00102a5c 00000010 T gfxInitDefault
00102a6c 000000b8 T gfxExit
00102b24 000000a0 T gfxGetFramebuffer
00102bc4 00000100 T gfxFlushBuffers
00102cc4 00000050 T gfxSwapBuffers
00102d14 00000050 T gfxSwapBuffersGpu
00102d64 00000008 t romfs_close
00102d6c 000000ac t romfs_seek
00102e18 00000024 t romfs_dirreset
00102e3c 000000c0 t fill_dir
00102efc 000002ac t romfs_dirnext
001031a8 00000074 t romfs_free
0010321c 000000d0 t searchForFile.constprop.0
001032ec 000000d4 t searchForDir.constprop.0
001033c0 000001c0 t navigateToDir.constprop.0
00103580 00000114 t romfs_open
00103694 0000004c t romfs_chdir
001036e0 00000068 t romfs_diropen
00103748 00000178 t romfs_stat
001038c0 00000008 t romfs_dirclose
001038c8 0000007c t romfs_fstat
00103944 000000d0 t romfs_read
00103a14 00000294 T romfsMountFromFile
00103ca8 00000098 T romfsMountFromCurrentProcess
00103d40 00000258 T romfsMountSelf
00103f98 000000a0 T romfsUnmount
00104038 00000158 t ndspUpdateMaster
00104190 00000108 t ndspFinalize
00104298 0000025c t ndspInitialize.part.0
001044f4 00000108 t ndspHookCallback
00104600 00000318 t ndspThreadMain
00104918 000003f0 T ndspInit
00104d08 000000d8 T ndspExit
00104de0 00000034 T ndspSetOutputMode
00104e14 000000e0 T ndspChnReset
00104ef4 00000018 T ndspChnSetFormat
00104f0c 00000050 T ndspChnSetInterp
00104f5c 00000060 T ndspChnSetRate
00104fbc 00000080 T ndspChnSetMix
0010503c 000000b0 T ndspChnWaveBufClear
001050ec 000000c8 T ndspChnWaveBufAdd
001051b4 00000040 T ndspiInitChn
001051f4 0000002c T ndspiDirtyChn
00105220 0000043c T ndspiUpdateChn
0010565c 00000180 T ndspiReadChnState
001057dc 00000180 t aptConvertScreenForCapture
0010595c 00000138 T aptSendCommand
00105a98 00000044 t aptExitProcess
00105adc 00000394 T aptExit
00105e70 000000d8 T aptHandleSleep
00105f48 00000084 T APT_SleepIfShellClosed
00105fcc 00000078 T aptSetSleepAllowed
00106044 00000084 T APT_UnlockTransition
001060c8 00000470 t aptEventHandler
00106538 000000bc T APT_ReceiveParameter
001065f4 000000b0 t aptReceiveParameter.constprop.0
001066a8 00000294 t aptScreenTransfer
0010693c 000002d0 t aptWaitForWakeUp.isra.0
00106c0c 000000f4 T aptJumpToHomeMenu
00106d00 00000058 T aptMainLoop
00106d58 00000240 T aptInit
00106f98 00000090 T APT_CheckNew3DS
00107028 000000a8 T cfguInit
001070d0 0000003c T cfguExit
0010710c 0000004c T CFGU_GetConfigInfoBlk2
00107158 000000a4 t DSP_LoadComponent.part.0
001071fc 000000fc T dspInit
001072f8 0000008c T dspExit
00107384 00000024 T dspHook
001073a8 00000030 T dspUnhook
001073d8 000000b4 T aptDspSleep
0010748c 000000b4 T aptDspWakeup
00107540 00000044 T aptDspCancel
00107584 00000050 T DSP_FlushDataCache
001075d4 00000034 T DSP_SetSemaphore
00107608 00000034 T DSP_SetSemaphoreMask
0010763c 00000038 T DSP_GetSemaphoreHandle
00107674 0000003c T DSP_LoadComponent
001076b0 00000044 T DSP_RegisterInterruptEvents
001076f4 00000078 T DSP_ReadPipeIfPossible
0010776c 0000004c T DSP_WriteProcessPipe
001077b8 00000044 T DSP_ConvertProcessAddressFromDspDram
001077fc 00000044 T DSP_RecvData
00107840 00000050 T DSP_RecvDataIsReady
00107890 00000104 T fsInit
00107994 0000003c T fsExit
001079d0 00000068 T fsExemptFromSession
00107a38 00000050 T fsUnexemptFromSession
00107a88 000000cc T FSUSER_OpenFile
00107b54 000000cc T FSUSER_OpenFileDirectly
00107c20 000000b8 T FSUSER_DeleteFile
00107cd8 000000f4 T FSUSER_RenameFile
00107dcc 000000b8 T FSUSER_DeleteDirectory
00107e84 000000d0 T FSUSER_CreateFile
00107f54 000000c0 T FSUSER_CreateDirectory
00108014 000000f4 T FSUSER_RenameDirectory
00108108 000000b4 T FSUSER_OpenDirectory
001081bc 00000090 T FSUSER_OpenArchive
0010824c 0000008c T FSUSER_CloseArchive
001082d8 00000074 T FSUSER_GetSdmcArchiveResource
0010834c 00000064 T FSUSER_IsSdmcWritable
001083b0 00000064 T FSFILE_Read
00108414 0000006c T FSFILE_Write
00108480 00000044 T FSFILE_GetSize
001084c4 00000028 T FSFILE_SetSize
001084ec 0000003c T FSFILE_Close
00108528 00000024 T FSFILE_Flush
0010854c 00000060 T FSDIR_Read
001085ac 0000003c T FSDIR_Close
001085e8 00000c70 t gspHardwareInit
00109258 00000288 T gspInit
001094e0 00000104 T gspExit
001095e4 00000010 T gspHasGpuRight
001095f4 000000a4 T gspPresentBuffer
00109698 00000050 T gspWaitForEvent
001096e8 00000004 W gxCmdQueueInterrupt
001096ec 00000154 t gspEventThreadMain
00109840 00000050 T GSPGPU_FlushDataCache
00109890 00000034 T GSPGPU_SetLcdForceBlack
001098c4 00000084 T GSPGPU_AcquireRight
00109948 00000064 T GSPGPU_ReleaseRight
001099ac 0000007c T GSPGPU_ImportDisplayCaptureInfo
00109a28 0000002c T GSPGPU_SaveVramSysArea
00109a54 0000002c T GSPGPU_RestoreVramSysArea
00109a80 00000024 W hidShouldUseIrrst
00109aa4 000001cc T hidInit
00109c70 000000e8 T hidExit
00109d58 000002a0 T hidScanInput
00109ff8 00000010 T hidKeysDown
0010a008 000001a4 T irrstInit
0010a1ac 000000dc T irrstExit
0010a288 000000b4 T irrstScanInput
0010a33c 00000024 T irrstKeysHeld
0010a360 00000074 T rbtree_find
0010a3d4 00000010 T rbtree_init
0010a3e4 00000198 t do_insert
0010a57c 00000008 T rbtree_insert
0010a584 00000310 T rbtree_remove
0010a894 00000090 T rbtree_rotate
0010a924 000000e8 T utf16_to_utf8
0010aa0c 000000c0 T utf8_to_utf16
0010aad0 000001e8 W __system_allocateHeaps
0010acb8 00000038 W __libctru_init
0010acf0 0000016c W __system_initArgv
0010ae5c 00000030 T __syscall_getreent
0010ae8c 00000064 T __syscall_gettod_r
0010aef0 00000004 T __syscall_lock_acquire
0010aef4 00000004 T __syscall_lock_release
0010aef8 00000004 T __syscall_lock_acquire_recursive
0010aefc 00000004 T __syscall_lock_release_recursive
0010af00 00000004 T __syscall_exit
0010af04 00000054 T initThreadVars
0010af58 00000080 T __system_initSyscalls
0010afd8 T svcControlMemory
0010aff8 T svcQueryMemory
0010b028 T svcExitProcess
0010b030 T svcCreateThread
0010b050 T svcExitThread
0010b058 T svcSleepThread
0010b060 T svcReleaseMutex
0010b068 T svcCreateEvent
0010b07c T svcSignalEvent
0010b084 T svcClearEvent
0010b08c T svcMapMemoryBlock
0010b094 T svcUnmapMemoryBlock
0010b09c T svcCreateAddressArbiter
0010b0b0 T svcArbitrateAddressNoTimeout
0010b0b8 T svcCloseHandle
0010b0c0 T svcWaitSynchronization
0010b0c8 T svcWaitSynchronizationN
0010b0f0 T svcDuplicateHandle
0010b104 T svcGetSystemTick
0010b10c T svcConnectToPort
0010b120 T svcSendSyncRequest
0010b128 T svcGetResourceLimit
0010b13c T svcGetResourceLimitLimitValues
0010b144 T svcGetResourceLimitCurrentValues
0010b14c T svcBreak
0010b154 T __aeabi_read_tp
0010b160 W initSystem
0010b1b0 W __ctru_exit
0010b1c4 00000024 t addrMapNodeComparator(rbtree_node const*, rbtree_node const*)
0010b1e8 00000004 t addrMapNodeDestructor(rbtree_node*)
0010b1ec 00000248 T vramMemAlignAt
0010b434 0000000c T vramAlloc
0010b440 00000094 T vramFree
0010b4d4 0000008c W envGetHandle
0010b560 00000050 W envDestroyHandles
0010b5b0 00000074 T osConvertVirtToPhys
0010b624 00000054 T osGetTimeRef
0010b678 000000ec T osGetTime
0010b764 00000034 T __ctru_speedup_config
0010b798 00000164 T srvInit
0010b8fc 00000064 T srvExit
0010b960 00000060 T srvEnableNotification
0010b9c0 000000a0 T srvGetServiceHandleDirect
0010ba60 00000048 T srvGetServiceHandle
0010baa8 00000034 T srvSubscribe
0010badc 00000060 T srvReceiveNotification
0010bb3c 00000038 T srvPublishToSubscriber
0010bb74 0000000c T __sync_init
0010bb80 00000018 T __sync_fini
0010bb98 00000028 T syncArbitrateAddress
0010bbc0 0000001c T LightLock_Init
0010bbdc 000000ac T LightLock_Lock
0010bc88 00000040 T LightLock_Unlock
0010bcc8 00000054 T RecursiveLock_Lock
0010bd1c 00000054 T RecursiveLock_Unlock
0010bd70 00000044 T LightEvent_Init
0010bdb4 000000b8 T LightEvent_Clear
0010be6c 000000dc T LightEvent_Signal
0010bf48 00000050 T LightEvent_TryWait
0010bf98 000000ac T LightEvent_Wait
0010c044 000001fc T threadCreate
0010c240 00000038 T threadFree
0010c278 00000024 T threadJoin
0010c29c 00000030 T threadGetCurrent
0010c2cc 00000040 T threadExit
0010c30c 00000020 t _thread_begin
0010c32c 00000090 t mappableFindAddressWithin
0010c3bc 00000028 T mappableInit
0010c3e4 0000007c T mappableAlloc
0010c460 00000004 T mappableFree
0010c464 00000078 T ptmSysmInit
0010c4dc 0000003c T ptmSysmExit
0010c518 00000034 T PTMSYSM_ConfigureNew3DSCPU
0010c54c 0000000c T srvPmGetSessionHandle
0010c558 00000060 T rbtree_node_next
0010c5b8 00000054 T decode_utf16
0010c60c 00000140 T decode_utf8
0010c74c 00000054 T encode_utf16
0010c7a0 000000e0 T encode_utf8
0010c880 00000030 W __appExit
0010c8b0 00000030 W __appInit
0010c8e0 00000090 W __libctru_exit
0010c970 00000024 t error_cmp
0010c994 00000050 t archive_translate_error
0010c9e4 000000c0 t archive_seek
0010caa4 00000078 t _archiveInit.part.0
0010cb1c 00000110 t archiveFindDevice.part.0
0010cc2c 00000298 t archive_utf16path
0010cec4 00000098 t _archiveUnmountDeviceStruct.part.0
0010cf5c 00000178 t _archiveMountDevice
0010d0d4 000000f8 t archive_diropen
0010d1cc 000000ac t archive_fstat
0010d278 00000074 t archive_fsync
0010d2ec 00000074 t archive_close
0010d360 00000078 t archive_dirclose
0010d3d8 000000ec t sdmc_statvfs
0010d4c4 000000f8 t archive_chdir
0010d5bc 0000008c t archive_ftruncate
0010d648 000000bc t archive_read
0010d704 000000a8 t archive_unlink
0010d7ac 000000c0 t archive_rmdir
0010d86c 000000d8 t archive_mkdir
0010d944 000001a0 t archive_stat
0010dae4 00000164 t archive_dirnext
0010dc48 0000013c t archive_write
0010dd88 00000254 t archive_open
0010dfdc 00000270 t archive_rename
0010e24c 000001c8 T archiveMountSdmc
0010e414 00000054 T archiveUnmountAll
0010e468 00000130 T __udivmoddi4
0010e598 000000e4 T strncat
0010e67c 00000034 T ftell
0010e6b0 00000128 T memcpy
0010e7d8 0000008c T strlen
0010e864 00000334 T _fread_r
0010eb98 00000038 T fread
0010ebd0 00000078 T bsearch
0010ec48 00000134 T _fopen_r
0010ed7c 00000028 T fopen
0010eda4 00000028 T memalign
0010edcc 000000a0 T snprintf
0010ee6c 00000034 T printf
0010eea0 000001ec t _strtoul_l.isra.0
0010f08c 0000003c T strtoul
0010f0c8 00000140 T strchr
0010f208 000000d8 T memcmp
0010f2e0 0000016c T _memalign_r
0010f44c 0000000c T __errno
0010f458 00000164 T __smakebuf_r
0010f5bc 00000090 T __swhatbuf_r
0010f64c 000000e4 T memset
0010f730 0000022c T __sflush_r
0010f95c 000000c4 T _fflush_r
0010fa20 000001c4 T _ftello_r
0010fbe4 0000082c T _malloc_r
00110410 00000114 T _malloc_trim_r
00110524 00000314 T _free_r
00110838 00000294 T setvbuf
00110acc 0000001c t stdio_exit_handler
00110ae8 0000005c t cleanup_stdio
00110b44 00000154 t global_stdio_init.part.0
00110c98 00000138 T __sfp
00110dd0 0000005c T __sinit
00110e2c 0000000c T __sfp_lock_acquire
00110e38 0000000c T __sfp_lock_release
00110e44 00000084 T __libc_init_array
00110ec8 000000d4 T strncpy
00110f9c 0000001c T _fseek_r
00110fb8 00000034 T fseek
00110fec 00000040 T malloc
0011102c 00000020 T free
0011104c 000000e0 T _puts_r
0011112c 00000020 T puts
0011114c 00000044 T __sread
00111190 00000068 T __swrite
001111f8 00000040 T __sseek
00111238 00000008 T __sclose
00111240 0000000c T __malloc_lock
0011124c 0000000c T __malloc_unlock
00111258 00000588 T _fseeko_r
001117e0 00000148 T _fclose_r
00111928 00000020 T fclose
00111948 00000048 T time
00111990 00000004 W __call_exitprocs
00111994 00000030 T exit
001119c4 000005e0 t get_arg
00111fa8 0000345c T _svfprintf_r
00115404 000000b8 T __sflags
001154bc 0000003c T __libc_fini_array
001154f8 0000003c T strnlen
00115534 0000002c T rewind
00115560 000000d8 T strncmp
00115638 00000038 t lflush
00115670 000001a8 T __srefill_r
00115818 00000088 T frexp
001158a0 00000070 T _fwalk_sglue
00115910 000005e0 t get_arg
00115ef0 00003554 T _vfprintf_r
00119444 000000b4 t __sbprintf
001194f8 000000a0 T _wcrtomb_r
00119598 000000a4 T __ssprint_r
0011963c 000004a4 T __sfvwrite_r
00119ae0 00000024 T __locale_mb_cur_max
00119b04 00000030 T __sprint_r
00119b34 000001c0 t quorem
00119cf8 00001420 T _dtoa_r
0011b118 000000e8 T memchr
0011b200 00000028 T _wcsrtombs_r
0011b228 00000140 T __swsetup_r
0011b368 00000024 T _localeconv_r
0011b38c 000001a8 T memmove
0011b534 000004f0 T _realloc_r
0011ba24 0000012c T __ssputs_r
0011bb50 000000f8 T __utf8_wctomb
0011bc48 0000015c T _wcsnrtombs_l
0011bda4 00000064 T _wcsnrtombs_r
0011be08 0000005c T __assert_func
0011be64 00000088 T _Balloc
0011beec 0000001c T _Bfree
0011bf08 000000f4 T __multadd
0011bffc 00000080 T __hi0bits
0011c07c 000000f0 T __lo0bits
0011c16c 000000a4 T __i2b
0011c210 00000230 T __multiply
0011c440 00000130 T __pow5mult
0011c570 00000138 T __lshift
0011c6a8 00000058 T __mcmp
0011c700 00000218 T __mdiff
0011c918 00000120 T __d2b
0011ca38 00000340 T __utf8_mbtowc
0011cd78 0000003c T fiprintf
0011cdb4 00000014 T abort
0011cdc8 000000d8 T _calloc_r
0011cea0 000005e0 t get_arg
0011d480 000022f8 T _vfiprintf_r
0011f778 000000b4 t __sbprintf
0011f82c 0000009c T _raise_r
0011f8c8 00000020 T raise
0011f8e8 00000020 T _exit
0011f908 00000140 T chdir
0011fa48 000001c8 T _concatenate_path
0011fc10 0000009c T _fstat_r
0011fcac 00000014 T _getpid_r
0011fcc0 0000002c T __getreent
0011fcec 00000030 T _gettimeofday_r
0011fd1c 000000a0 T __release_handle
0011fdbc 000000b0 T __alloc_handle
0011fe6c 00000058 T __get_handle
0011fec4 00000110 T _close_r
0011ffd4 00000008 t null_write
0011ffdc 00000018 T setDefaultDevice
0011fff4 00000098 T FindDevice
0012008c 00000024 T RemoveDevice
001200b0 00000088 T AddDevice
00120138 00000020 T GetDeviceOpTab
00120158 00000008 T _isatty_r
00120160 00000014 T _kill_r
00120174 00000094 T _lseek_r
00120208 000000c0 T _open_r
001202c8 00000094 T _read_r
0012035c 00000078 W _sbrk_r
001203d4 0000001c T __libc_lock_acquire
001203f0 0000001c T __libc_lock_release
0012040c 0000001c T __libc_lock_acquire_recursive
00120428 0000001c T __libc_lock_release_recursive
00120444 00000094 T _write_r
001204d8 00000048 T strrchr
00120520 T _fini
00121030 R meme1_raw_bin
00159430 R meme1_raw_bin_end
00159430 R meme2_raw_bin
00191830 R meme2_raw_bin_end
00191830 R meme3_raw_bin
001c9c30 R meme3_raw_bin_end
001c9c30 R meme4_raw_bin
00202030 R meme4_raw_bin_end
00202344 r .LC2
002026c8 00000080 r dotab_stdout
00202748 00000018 r grayScale
00202760 00000006 r colorCube
00202768 00000030 r colorTable
00202798 00000080 r romFS_devoptab
00202818 00000011 r dsp_filename.0
00202848 00000008 r morton_y.2
00202850 00000008 r morton_x.3
00202858 00000008 r s_sleepWakeEvents.4
00202860 0000000c r serviceNameTable.5
0020286c R default_font_bin
0020306c R default_font_bin_end
0020306c 00000030 r error_table
0020309c 00000080 r archive_devoptab
00203244 00000010 r zeroes.0
00203254 00000010 r blanks.1
00203264 00000101 R _ctype_
00203450 00000010 r zeroes.0
00203460 00000010 r blanks.1
00203470 0000006c R __action_table
002034dc 0000006c R __state_table
00203548 00000100 R __chclass
00203650 0000000c r p05.0
00203660 00000028 R __mprec_bigtens
00203688 000000c8 R __mprec_tens
0020383c 00000010 r zeroes.0
0020384c 00000010 r blanks.1
0020385c 00000080 R dotab_stdnull
002038dc R __tdata_align
002038e0 r __EH_FRAME_BEGIN__
002038e0 R __exidx_end
002038e0 R __exidx_start
00204000 00000004 D idx
00204004 00000010 D meme_sizes
00204014 00000010 D memes
00204024 00000010 D meme_messages
00204034 00000001 d firstConsoleInit.0
00204038 00000004 D currentConsole
0020403c 00000048 D defaultConsole
00204084 00000004 d aptChainloadDeliverArgSize
00204088 00000004 d kCount
0020408c 00000004 d kInterval
00204090 00000004 d kDelay
00204094 W __stacksize__
00204098 00000004 D _impure_ptr
002040a0 00000200 D _impure_data
002042a0 00000004 D __malloc_sbrk_base
002042a4 00000004 D __malloc_trim_threshold
002042a8 00000408 D __malloc_av_
002046b0 0000000c D __sglue
002046bc 00000254 D __global_locale
00204910 00000400 d _current_working_directory
00204d10 00001000 d handles
00205d10 0000000c d __stderr_handle
00205d1c 0000000c d __stdout_handle
00205d28 0000000c d __stdin_handle
00205d34 0000008c D devoptab_list
00205dc0 00000004 d defaultDevice
00205dcc d _GLOBAL_OFFSET_TABLE_
00205dd8 d __frame_dummy_init_array_entry
00205dd8 D __init_array_start
00205dd8 B __preinit_array_end
00205dd8 B __preinit_array_start
00205dd8 D __tdata_lma
00205dd8 D __tdata_lma_end
00205ddc d __do_global_dtors_aux_fini_array_entry
00205ddc D __fini_array_start
00205ddc D __init_array_end
00205de0 D __bss_start__
00205de0 D __fini_array_end
00205de0 00000014 B audioSizes
00205df4 00000014 B audios
00205e08 b completed.1
00205e0c b object.0
00205e28 00000008 b sLinearPool
00205e30 0000000c b sAddrMap
00205e3c 00000064 b escapeSeq
00205ea0 00000048 B currentCopy
00205ee8 00000004 b screenAlloc
00205eec 00000004 b screenFree
00205ef0 00000002 b gfxIsDoubleBuf
00205ef4 00000002 b gfxCurBuf
00205ef6 00000001 b gfxIsVram
00205ef7 00000001 b gfxTopMode
00205ef8 00000002 b gfxFramebufferFormats
00205efc 00000004 b gfxBottomFramebufferMaxSize
00205f00 00000004 b gfxTopFramebufferMaxSize
00205f08 00000008 b gfxBottomFramebuffers
00205f10 00000008 b gfxTopFramebuffers
00205f18 00000004 b romfs_mount_list
00205f1c 00000004 V __romfs_path
00205f20 00000004 b ndspRefCount
00205f24 00000048 b ndspMaster
00205f6c 00000004 b ndspThread
00205f70 00000001 b ndspThreadRun
00205f74 00001080 b dspVar5Backup
00206ff4 00000004 b ndspMutex
00206ff8 00000008 b sleepEvent
00207000 00000004 b dspSem
00207004 00000004 b irqEvent
00207008 00000008 b ndspHookCookie
00207010 00000001 b componentFree
00207012 00000002 b componentDataMask
00207014 00000002 b componentProgMask
00207018 00000004 b componentSize
0020701c 00000004 b componentBin
00207020 00000004 b frameCount
00207024 00000004 b droppedFrames
00207028 00000001 b bCancelReceived
00207029 00000001 b bSleeping
0020702a 00000001 b bEnteringSleep
0020702b 00000001 b bDspReady
0020702c 00000080 B ndspVars
002070ac 00000002 B ndspBufferId
002070ae 00000002 B ndspBufferCurId
002070b0 00000002 B ndspFrameId
002070b8 00000c60 b ndspChn
00207d18 00000001 b flagValue.0
00207d19 00000001 b flagInit.1
00207d1c 00000004 b serviceName.6
00207d20 00000001 b aptChainloadFlags
00207d21 00000001 b aptChainloadMediatype
00207d24 00000020 b aptChainloadHmac
00207d44 00000300 b aptChainloadDeliverArg
00208048 00000008 b aptChainloadTid
00208050 00001000 b aptParameters
00209050 00000004 b aptFlags
00209054 00000001 b aptHomeButtonState
00209058 00000004 b aptMessageFuncData
0020905c 00000004 b aptMessageFunc
00209060 0000000c b aptFirstHook
0020906c 00000001 b aptEventHandlerThreadQuit
00209070 00000004 b aptEventHandlerThread
00209074 00000008 b aptSleepEvent
0020907c 00000008 b aptReceiveEvent
00209084 00000008 b aptEvents
0020908c 00000004 b aptLockHandle
00209090 00000004 b aptRefCount
00209094 00000004 b cfguRefCount
00209098 00000004 b cfguHandle
0020909c 00000002 b dspSavedCompDataMask
0020909e 00000002 b dspSavedCompProgMask
002090a0 00000004 b dspSavedCompSize
002090a4 00000004 b dspSavedCompBin
002090a8 00000001 b dspSleeping
002090a9 00000001 b dspComponentLoaded
002090ac 00000008 b dspFirstHook
002090b4 00000004 b dspRefCount
002090b8 00000004 b dspHandle
002090c0 00000080 b fsExemptArchives
00209140 00000004 b fsuRefCount
00209144 00000004 b fsuHandle
00209148 00000007 b gspEventCbOneShot
00209150 0000001c b gspEventCbData
0020916c 0000001c b gspEventCb
00209188 00000038 b gspEvents
002091c0 00000004 b gspLastEvent
002091c4 00000001 b gspRunEvents
002091c8 00000004 b gspEventThread
002091cc 00000004 b gspEvent
002091d0 00000001 b gspGpuRight
002091d1 00000001 b gspThreadId
002091d4 00000004 b gspSharedMem
002091d8 00000004 b gspSharedMemHandle
002091dc 00000004 b gspRefCount
002091e0 00000004 b gspGpuHandle
002091e4 00000001 b usingIrrst
002091e8 00000004 b hidRefCount
002091ec 00000006 b gRate
002091f4 00000006 b aVec
002091fc 00000004 b cPos
00209200 00000004 b tPos
00209204 00000004 b kRepeat
00209208 00000004 b kUp
0020920c 00000004 b kDown
00209210 00000004 b kHeld
00209214 00000004 b kOld
00209218 00000004 B hidSharedMem
0020921c 00000014 B hidEvents
00209230 00000004 B hidMemHandle
00209234 00000004 B hidHandle
00209238 00000004 b irrstRefCount
0020923c 00000004 b csPos
00209240 00000004 b kHeld
00209244 00000004 B irrstSharedMem
00209248 00000004 B irrstEvent
0020924c 00000004 B irrstMemHandle
00209250 00000004 B irrstHandle
00209254 00000004 V __ctru_linear_heap_size
00209258 00000004 V __ctru_heap_size
0020925c 00000004 B __ctru_linear_heap
00209260 00000004 B __ctru_heap
00209264 00000004 B __system_retAddr
00209268 00000004 B __system_argv
0020926c 00000004 B __system_argc
00209270 b saved_stack
00209278 00000008 b sVramPoolB
00209280 00000008 b sVramPoolA
00209288 0000000c b sAddrMap
00209294 00000004 B __3dslink_host
00209298 00000001 V __ctru_speedup
0020929c 00000004 b srvRefCount
002092a0 00000004 b srvHandle
002092a4 00000004 b arbiter
002092a8 00000004 b currentAddr
002092ac 00000004 b maxAddr
002092b0 00000004 b minAddr
002092b4 00000004 b ptmSysmRefCount
002092b8 00000004 b ptmSysmHandle
002092bc 00000004 b srvPmHandle
002092c0 000005c0 b archive_devices
00209880 00000004 b archive_device_cwd
00209884 00000001 b archive_initialized
00209888 00000028 B __malloc_current_mallinfo
002098b0 00000004 B __malloc_max_total_mem
002098b4 00000004 B __malloc_max_sbrked_mem
002098b8 00000004 B __malloc_top_pad
002098bc 0000000c b __sfp_recursive_mutex
002098c8 00000168 B __sf
00209a30 00000004 B __stdio_exit_handler
00209a34 0000000c b __malloc_recursive_mutex
00209a40 00000400 b temp_cwd
00209e40 00000004 b __hndl_lock
00209e44 00000004 B fake_heap_start
00209e48 00000004 B fake_heap_end
00209e4c 00000004 b heap_start.0
00209e50 B __tls_start
0020aa58 B __bss_end__
0020aa58 A __end__
0020aa58 B __tls_end
