Archive member included to satisfy reference by file (symbol)

/opt/devkitpro/libctru/lib/libctru.a(linear.o)
                              main.o (linearAlloc)
/opt/devkitpro/libctru/lib/libctru.a(mem_pool.o)
                              /opt/devkitpro/libctru/lib/libctru.a(linear.o) (MemPool::Allocate(MemChunk&, unsigned long, int))
/opt/devkitpro/libctru/lib/libctru.a(console.o)
                              main.o (consoleInit)
/opt/devkitpro/libctru/lib/libctru.a(gfx.o)
                              /opt/devkitpro/libctru/lib/libctru.a(console.o) (gfxIsWide)
/opt/devkitpro/libctru/lib/libctru.a(romfs_dev.o)
                              main.o (romfsMountSelf)
/opt/devkitpro/libctru/lib/libctru.a(ndsp.o)
                              main.o (ndspInit)
/opt/devkitpro/libctru/lib/libctru.a(ndsp-channel.o)
                              main.o (ndspChnReset)
/opt/devkitpro/libctru/lib/libctru.a(apt.o)
                              main.o (aptMainLoop)
/opt/devkitpro/libctru/lib/libctru.a(cfgu.o)
                              /opt/devkitpro/libctru/lib/libctru.a(ndsp.o) (cfguInit)
/opt/devkitpro/libctru/lib/libctru.a(dsp.o)
                              /opt/devkitpro/libctru/lib/libctru.a(ndsp.o) (dspInit)
/opt/devkitpro/libctru/lib/libctru.a(fs.o)
                              /opt/devkitpro/libctru/lib/libctru.a(romfs_dev.o) (FSUSER_OpenFileDirectly)
/opt/devkitpro/libctru/lib/libctru.a(gspgpu.o)
                              /opt/devkitpro/libctru/lib/libctru.a(gfx.o) (gspInit)
/opt/devkitpro/libctru/lib/libctru.a(hid.o)
                              main.o (hidScanInput)
/opt/devkitpro/libctru/lib/libctru.a(irrst.o)
                              /opt/devkitpro/libctru/lib/libctru.a(hid.o) (irrstInit)
/opt/devkitpro/libctru/lib/libctru.a(rbtree_find.o)
                              /opt/devkitpro/libctru/lib/libctru.a(linear.o) (rbtree_find)
/opt/devkitpro/libctru/lib/libctru.a(rbtree_init.o)
                              /opt/devkitpro/libctru/lib/libctru.a(linear.o) (rbtree_init)
/opt/devkitpro/libctru/lib/libctru.a(rbtree_insert.o)
                              /opt/devkitpro/libctru/lib/libctru.a(linear.o) (rbtree_insert)
/opt/devkitpro/libctru/lib/libctru.a(rbtree_remove.o)
                              /opt/devkitpro/libctru/lib/libctru.a(linear.o) (rbtree_remove)
/opt/devkitpro/libctru/lib/libctru.a(rbtree_rotate.o)
                              /opt/devkitpro/libctru/lib/libctru.a(rbtree_insert.o) (rbtree_rotate)
/opt/devkitpro/libctru/lib/libctru.a(utf16_to_utf8.o)
                              /opt/devkitpro/libctru/lib/libctru.a(romfs_dev.o) (utf16_to_utf8)
/opt/devkitpro/libctru/lib/libctru.a(utf8_to_utf16.o)
                              /opt/devkitpro/libctru/lib/libctru.a(romfs_dev.o) (utf8_to_utf16)
/opt/devkitpro/libctru/lib/libctru.a(allocateHeaps.o)
                              /opt/devkitpro/libctru/lib/libctru.a(linear.o) (__ctru_linear_heap_size)
/opt/devkitpro/libctru/lib/libctru.a(ctru_init.o)
                              /opt/devkitpro/libctru/lib/libctru.a(apt.o) (__system_retAddr)
/opt/devkitpro/libctru/lib/libctru.a(initArgv.o)
                              /opt/devkitpro/libctru/lib/libctru.a(ctru_init.o) (__system_initArgv)
/opt/devkitpro/libctru/lib/libctru.a(syscalls.o)
                              /opt/devkitpro/libctru/lib/libctru.a(ctru_init.o) (__system_initSyscalls)
/opt/devkitpro/libctru/lib/libctru.a(svc.o)
                              /opt/devkitpro/libctru/lib/libctru.a(allocateHeaps.o) (svcControlMemory)
/opt/devkitpro/libctru/lib/libctru.a(readtp.o)
                              /opt/devkitpro/libctru/lib/libctru.a(romfs_dev.o) (__aeabi_read_tp)
/opt/devkitpro/libctru/lib/libctru.a(stack_adjust.o)
                              /opt/devkitpro/devkitARM/lib/gcc/arm-none-eabi/16.1.0/../../../../arm-none-eabi/lib/armv6k/fpu/3dsx_crt0.o (initSystem)
/opt/devkitpro/libctru/lib/libctru.a(default_font.bin.o)
                              /opt/devkitpro/libctru/lib/libctru.a(console.o) (default_font_bin)
/opt/devkitpro/libctru/lib/libctru.a(vram.o)
                              /opt/devkitpro/libctru/lib/libctru.a(gfx.o) (vramAlloc)
/opt/devkitpro/libctru/lib/libctru.a(3dslink.o)
                              /opt/devkitpro/libctru/lib/libctru.a(initArgv.o) (__3dslink_host)
/opt/devkitpro/libctru/lib/libctru.a(env.o)
                              /opt/devkitpro/libctru/lib/libctru.a(ndsp.o) (envGetHandle)
/opt/devkitpro/libctru/lib/libctru.a(os.o)
                              /opt/devkitpro/libctru/lib/libctru.a(ndsp-channel.o) (osConvertVirtToPhys)
/opt/devkitpro/libctru/lib/libctru.a(path_buf.o)
                              /opt/devkitpro/libctru/lib/libctru.a(romfs_dev.o) (__ctru_dev_utf16_buf)
/opt/devkitpro/libctru/lib/libctru.a(srv.o)
                              /opt/devkitpro/libctru/lib/libctru.a(apt.o) (srvInit)
/opt/devkitpro/libctru/lib/libctru.a(synchronization.o)
[...]
Memory Configuration

Name             Origin             Length             Attributes
*default*        0x00000000         0xffffffff

Linker script and memory map

                0x00000000                        __sync_synchronize = __sync_synchronize_dmb
                0x00100000                        PROVIDE (__start__ = 0x100000)
                0x00100000                        . = __start__

.text           0x00100000    0x1c3e4
 *(.crt0)
 .crt0          0x00100000       0x94 /opt/devkitpro/devkitARM/lib/gcc/arm-none-eabi/16.1.0/../../../../arm-none-eabi/lib/armv6k/fpu/3dsx_crt0.o
                0x00100000                _start
                0x00100008                __service_ptr
                0x0010000c                __apt_appid
                0x00100010                __heap_size
                0x00100014                __linear_heap_size
                0x00100018                __system_arglist
                0x0010001c                __system_runflags
 *(.init)
 .init          0x00100094        0xc /opt/devkitpro/devkitARM/lib/gcc/arm-none-eabi/16.1.0/armv6k/fpu/crti.o
                0x00100094                _init
 .init          0x001000a0        0xc /opt/devkitpro/devkitARM/lib/gcc/arm-none-eabi/16.1.0/armv6k/fpu/crtn.o
                0x001000ac                        . = ALIGN (0x4)
 *(.text)
 .text          0x001000ac      0x20c /opt/devkitpro/devkitARM/lib/gcc/arm-none-eabi/16.1.0/armv6k/fpu/libgcc.a(_udivsi3.o)
                0x001000ac                __udivsi3
                0x001000ac                __aeabi_uidiv
                0x00100298                __aeabi_uidivmod
 .text          0x001002b8      0x240 /opt/devkitpro/devkitARM/lib/gcc/arm-none-eabi/16.1.0/armv6k/fpu/libgcc.a(_divsi3.o)
                0x001002b8                __aeabi_idiv
                0x001002b8                __divsi3
                0x001004d8                __aeabi_idivmod
 .text          0x001004f8        0x4 /opt/devkitpro/devkitARM/lib/gcc/arm-none-eabi/16.1.0/armv6k/fpu/libgcc.a(_dvmd_tls.o)
                0x001004f8                __aeabi_ldiv0
                0x001004f8                __aeabi_idiv0
 .text          0x001004fc       0xd4 /opt/devkitpro/devkitARM/lib/gcc/arm-none-eabi/16.1.0/armv6k/fpu/libgcc.a(_aeabi_ldivmod.o)
                0x001004fc                __aeabi_ldivmod
 .text          0x001005d0       0x3c /opt/devkitpro/devkitARM/lib/gcc/arm-none-eabi/16.1.0/armv6k/fpu/libgcc.a(_aeabi_uldivmod.o)
                0x001005d0                __aeabi_uldivmod
 *fill*         0x0010060c       0x14 
 .text          0x00100620      0x390 /opt/devkitpro/devkitARM/lib/gcc/arm-none-eabi/16.1.0/../../../../arm-none-eabi/lib/armv6k/fpu/libg.a(libc_a-strcmp.o)
                0x00100628                strcmp
 *(.text.*)
 .text.__do_global_dtors_aux
                0x001009b0       0x50 /opt/devkitpro/devkitARM/lib/gcc/arm-none-eabi/16.1.0/armv6k/fpu/crtbegin.o
 .text.frame_dummy
                0x00100a00       0x2c /opt/devkitpro/devkitARM/lib/gcc/arm-none-eabi/16.1.0/armv6k/fpu/crtbegin.o
 .text.startup.main
                0x00100a2c      0x244 main.o
                0x00100a2c                main
 .text._ZL21addrMapNodeComparatorPK11rbtree_nodeS1_
                0x00100c70       0x24 /opt/devkitpro/libctru/lib/libctru.a(linear.o)
 .text._ZL21addrMapNodeDestructorP11rbtree_node
                0x00100c94        0x4 /opt/devkitpro/libctru/lib/libctru.a(linear.o)
 .text.linearMemAlign
                0x00100c98      0x12c /opt/devkitpro/libctru/lib/libctru.a(linear.o)
                0x00100c98                linearMemAlign
 .text.linearAlloc
                0x00100dc4        0x8 /opt/devkitpro/libctru/lib/libctru.a(linear.o)
                0x00100dc4                linearAlloc
 .text.linearFree
                0x00100dcc       0x5c /opt/devkitpro/libctru/lib/libctru.a(linear.o)
                0x00100dcc                linearFree
 .text._ZN7MemPool13CoalesceRightEP8MemBlock
                0x00100e28       0x88 /opt/devkitpro/libctru/lib/libctru.a(mem_pool.o)
                0x00100e28                MemPool::CoalesceRight(MemBlock*)
 .text._ZN7MemPool8AllocateER8MemChunkmi
                0x00100eb0      0x178 /opt/devkitpro/libctru/lib/libctru.a(mem_pool.o)
                0x00100eb0                MemPool::Allocate(MemChunk&, unsigned long, int)
 .text._ZN7MemPool10DeallocateERK8MemChunk
                0x00101028      0x118 /opt/devkitpro/libctru/lib/libctru.a(mem_pool.o)
                0x00101028                MemPool::Deallocate(MemChunk const&)
 .text._ZN7MemPool12GetFreeSpaceEv
                0x00101140       0x30 /opt/devkitpro/libctru/lib/libctru.a(mem_pool.o)
                0x00101140                MemPool::GetFreeSpace()
 .text.consoleDrawChar
                0x00101170      0x1c8 /opt/devkitpro/libctru/lib/libctru.a(console.o)
                0x00101170                consoleDrawChar
 .text.consolePrintChar
                0x00101338      0x170 /opt/devkitpro/libctru/lib/libctru.a(console.o)
                0x00101338                consolePrintChar
 .text.con_write
                0x001014a8      0xcc8 /opt/devkitpro/libctru/lib/libctru.a(console.o)
                0x001014a8                con_write
 .text.newRow   0x00102170       0xfc /opt/devkitpro/libctru/lib/libctru.a(console.o)
 .text.consoleInit
                0x0010226c      0x180 /opt/devkitpro/libctru/lib/libctru.a(console.o)
                0x0010226c                consoleInit
 .text.gfxPresentFramebuffer
                0x001023ec       0xcc /opt/devkitpro/libctru/lib/libctru.a(gfx.o)
 .text.gfxIsWide
                0x001024b8       0x1c /opt/devkitpro/libctru/lib/libctru.a(gfx.o)
                0x001024b8                gfxIsWide
 .text.gfxSetScreenFormat
                0x001024d4       0xf8 /opt/devkitpro/libctru/lib/libctru.a(gfx.o)
                0x001024d4                gfxSetScreenFormat
 .text.gfxSetDoubleBuffering
                0x001025cc       0x10 /opt/devkitpro/libctru/lib/libctru.a(gfx.o)
                0x001025cc                gfxSetDoubleBuffering
 .text.gfxInit  0x001025dc       0xd8 /opt/devkitpro/libctru/lib/libctru.a(gfx.o)
                0x001025dc                gfxInit
 .text.gfxInitDefault
                0x001026b4       0x10 /opt/devkitpro/libctru/lib/libctru.a(gfx.o)
                0x001026b4                gfxInitDefault
 .text.gfxExit  0x001026c4       0xb8 /opt/devkitpro/libctru/lib/libctru.a(gfx.o)
                0x001026c4                gfxExit
 .text.gfxGetFramebuffer
                0x0010277c       0xa0 /opt/devkitpro/libctru/lib/libctru.a(gfx.o)
                0x0010277c                gfxGetFramebuffer
 .text.gfxFlushBuffers
                0x0010281c      0x100 /opt/devkitpro/libctru/lib/libctru.a(gfx.o)
                0x0010281c                gfxFlushBuffers
 .text.gfxSwapBuffers
                0x0010291c       0x50 /opt/devkitpro/libctru/lib/libctru.a(gfx.o)
                0x0010291c                gfxSwapBuffers
 .text.gfxSwapBuffersGpu
                0x0010296c       0x50 /opt/devkitpro/libctru/lib/libctru.a(gfx.o)
                0x0010296c                gfxSwapBuffersGpu
 .text.romfs_close
                0x001029bc        0x8 /opt/devkitpro/libctru/lib/libctru.a(romfs_dev.o)
 .text.romfs_seek
                0x001029c4       0xac /opt/devkitpro/libctru/lib/libctru.a(romfs_dev.o)
 .text.romfs_dirreset
                0x00102a70       0x24 /opt/devkitpro/libctru/lib/libctru.a(romfs_dev.o)
 .text.fill_dir
                0x00102a94       0xc0 /opt/devkitpro/libctru/lib/libctru.a(romfs_dev.o)
 .text.romfs_dirnext
                0x00102b54      0x2ac /opt/devkitpro/libctru/lib/libctru.a(romfs_dev.o)
 .text.romfs_free
                0x00102e00       0x74 /opt/devkitpro/libctru/lib/libctru.a(romfs_dev.o)
 .text.searchForFile.constprop.0
                0x00102e74       0xd0 /opt/devkitpro/libctru/lib/libctru.a(romfs_dev.o)
 .text.searchForDir.constprop.0
                0x00102f44       0xd4 /opt/devkitpro/libctru/lib/libctru.a(romfs_dev.o)
 .text.navigateToDir.constprop.0
                0x00103018      0x1c0 /opt/devkitpro/libctru/lib/libctru.a(romfs_dev.o)
 .text.romfs_open
                0x001031d8      0x114 /opt/devkitpro/libctru/lib/libctru.a(romfs_dev.o)
 .text.romfs_chdir
                0x001032ec       0x4c /opt/devkitpro/libctru/lib/libctru.a(romfs_dev.o)
 .text.romfs_diropen
                0x00103338       0x68 /opt/devkitpro/libctru/lib/libctru.a(romfs_dev.o)
 .text.romfs_stat
                0x001033a0      0x178 /opt/devkitpro/libctru/lib/libctru.a(romfs_dev.o)
 .text.romfs_dirclose
                0x00103518        0x8 /opt/devkitpro/libctru/lib/libctru.a(romfs_dev.o)
 .text.romfs_fstat
                0x00103520       0x7c /opt/devkitpro/libctru/lib/libctru.a(romfs_dev.o)
 .text.romfs_read
                0x0010359c       0xd0 /opt/devkitpro/libctru/lib/libctru.a(romfs_dev.o)
 .text.romfsMountFromFile
                0x0010366c      0x294 /opt/devkitpro/libctru/lib/libctru.a(romfs_dev.o)
                0x0010366c                romfsMountFromFile
 .text.romfsMountFromCurrentProcess
                0x00103900       0x98 /opt/devkitpro/libctru/lib/libctru.a(romfs_dev.o)
                0x00103900                romfsMountFromCurrentProcess
 .text.romfsMountSelf
                0x00103998      0x258 /opt/devkitpro/libctru/lib/libctru.a(romfs_dev.o)
                0x00103998                romfsMountSelf
 .text.romfsUnmount
                0x00103bf0       0xa0 /opt/devkitpro/libctru/lib/libctru.a(romfs_dev.o)
                0x00103bf0                romfsUnmount
 .text.ndspUpdateMaster
                0x00103c90      0x158 /opt/devkitpro/libctru/lib/libctru.a(ndsp.o)
 .text.ndspFinalize
                0x00103de8      0x108 /opt/devkitpro/libctru/lib/libctru.a(ndsp.o)
 .text.ndspInitialize.part.0
                0x00103ef0      0x25c /opt/devkitpro/libctru/lib/libctru.a(ndsp.o)
 .text.ndspHookCallback
                0x0010414c      0x108 /opt/devkitpro/libctru/lib/libctru.a(ndsp.o)
 *fill*         0x00104254        0x4 
 .text.ndspThreadMain
                0x00104258      0x318 /opt/devkitpro/libctru/lib/libctru.a(ndsp.o)
 .text.ndspInit
                0x00104570      0x3f0 /opt/devkitpro/libctru/lib/libctru.a(ndsp.o)
                0x00104570                ndspInit
 .text.ndspExit
                0x00104960       0xd8 /opt/devkitpro/libctru/lib/libctru.a(ndsp.o)
                0x00104960                ndspExit
 .text.ndspSetOutputMode
                0x00104a38       0x34 /opt/devkitpro/libctru/lib/libctru.a(ndsp.o)
                0x00104a38                ndspSetOutputMode
 .text.ndspChnReset
                0x00104a6c       0xe0 /opt/devkitpro/libctru/lib/libctru.a(ndsp-channel.o)
                0x00104a6c                ndspChnReset
 .text.ndspChnSetFormat
                0x00104b4c       0x18 /opt/devkitpro/libctru/lib/libctru.a(ndsp-channel.o)
                0x00104b4c                ndspChnSetFormat
 .text.ndspChnSetInterp
                0x00104b64       0x50 /opt/devkitpro/libctru/lib/libctru.a(ndsp-channel.o)
                0x00104b64                ndspChnSetInterp
 .text.ndspChnSetRate
                0x00104bb4       0x60 /opt/devkitpro/libctru/lib/libctru.a(ndsp-channel.o)
                0x00104bb4                ndspChnSetRate
 .text.ndspChnSetMix
                0x00104c14       0x80 /opt/devkitpro/libctru/lib/libctru.a(ndsp-channel.o)
                0x00104c14                ndspChnSetMix
 .text.ndspChnWaveBufClear
                0x00104c94       0xb0 /opt/devkitpro/libctru/lib/libctru.a(ndsp-channel.o)
                0x00104c94                ndspChnWaveBufClear
 .text.ndspChnWaveBufAdd
                0x00104d44       0xc8 /opt/devkitpro/libctru/lib/libctru.a(ndsp-channel.o)
                0x00104d44                ndspChnWaveBufAdd
 .text.ndspiInitChn
                0x00104e0c       0x40 /opt/devkitpro/libctru/lib/libctru.a(ndsp-channel.o)
                0x00104e0c                ndspiInitChn
 .text.ndspiDirtyChn
                0x00104e4c       0x2c /opt/devkitpro/libctru/lib/libctru.a(ndsp-channel.o)
                0x00104e4c                ndspiDirtyChn
 .text.ndspiUpdateChn
                0x00104e78      0x43c /opt/devkitpro/libctru/lib/libctru.a(ndsp-channel.o)
                0x00104e78                ndspiUpdateChn
 .text.ndspiReadChnState
                0x001052b4      0x180 /opt/devkitpro/libctru/lib/libctru.a(ndsp-channel.o)
                0x001052b4                ndspiReadChnState
 .text.aptConvertScreenForCapture
                0x00105434      0x180 /opt/devkitpro/libctru/lib/libctru.a(apt.o)
 .text.aptSendCommand
                0x001055b4      0x138 /opt/devkitpro/libctru/lib/libctru.a(apt.o)
                0x001055b4                aptSendCommand
 *fill*         0x001056ec        0x4 
 .text.aptExitProcess
                0x001056f0       0x44 /opt/devkitpro/libctru/lib/libctru.a(apt.o)
 .text.aptExit  0x00105734      0x394 /opt/devkitpro/libctru/lib/libctru.a(apt.o)
                0x00105734                aptExit
 .text.aptHandleSleep
                0x00105ac8       0xd8 /opt/devkitpro/libctru/lib/libctru.a(apt.o)
                0x00105ac8                aptHandleSleep
 .text.APT_SleepIfShellClosed
                0x00105ba0       0x84 /opt/devkitpro/libctru/lib/libctru.a(apt.o)
                0x00105ba0                APT_SleepIfShellClosed
 .text.aptSetSleepAllowed
                0x00105c24       0x78 /opt/devkitpro/libctru/lib/libctru.a(apt.o)
                0x00105c24                aptSetSleepAllowed
 .text.APT_UnlockTransition
                0x00105c9c       0x84 /opt/devkitpro/libctru/lib/libctru.a(apt.o)
                0x00105c9c                APT_UnlockTransition
 .text.aptEventHandler
                0x00105d20      0x470 /opt/devkitpro/libctru/lib/libctru.a(apt.o)
 .text.APT_ReceiveParameter
                0x00106190       0xbc /opt/devkitpro/libctru/lib/libctru.a(apt.o)
                0x00106190                APT_ReceiveParameter
 .text.aptReceiveParameter.constprop.0
                0x0010624c       0xb0 /opt/devkitpro/libctru/lib/libctru.a(apt.o)
 *fill*         0x001062fc        0x4 
 .text.aptScreenTransfer
                0x00106300      0x294 /opt/devkitpro/libctru/lib/libctru.a(apt.o)
 .text.aptWaitForWakeUp.isra.0
                0x00106594      0x2d0 /opt/devkitpro/libctru/lib/libctru.a(apt.o)
 .text.aptJumpToHomeMenu
                0x00106864       0xf4 /opt/devkitpro/libctru/lib/libctru.a(apt.o)
                0x00106864                aptJumpToHomeMenu
 .text.aptMainLoop
                0x00106958       0x58 /opt/devkitpro/libctru/lib/libctru.a(apt.o)
                0x00106958                aptMainLoop
 .text.aptInit  0x001069b0      0x240 /opt/devkitpro/libctru/lib/libctru.a(apt.o)
                0x001069b0                aptInit
 .text.APT_CheckNew3DS
                0x00106bf0       0x90 /opt/devkitpro/libctru/lib/libctru.a(apt.o)
                0x00106bf0                APT_CheckNew3DS
 .text.cfguInit
                0x00106c80       0xa8 /opt/devkitpro/libctru/lib/libctru.a(cfgu.o)
                0x00106c80                cfguInit
 .text.cfguExit
                0x00106d28       0x3c /opt/devkitpro/libctru/lib/libctru.a(cfgu.o)
                0x00106d28                cfguExit
 .text.CFGU_GetConfigInfoBlk2
                0x00106d64       0x4c /opt/devkitpro/libctru/lib/libctru.a(cfgu.o)
                0x00106d64                CFGU_GetConfigInfoBlk2
 .text.DSP_LoadComponent.part.0
                0x00106db0       0xa4 /opt/devkitpro/libctru/lib/libctru.a(dsp.o)
 .text.dspInit  0x00106e54       0xfc /opt/devkitpro/libctru/lib/libctru.a(dsp.o)
                0x00106e54                dspInit
 .text.dspExit  0x00106f50       0x8c /opt/devkitpro/libctru/lib/libctru.a(dsp.o)
                0x00106f50                dspExit
 .text.dspHook  0x00106fdc       0x24 /opt/devkitpro/libctru/lib/libctru.a(dsp.o)
                0x00106fdc                dspHook
 .text.dspUnhook
                0x00107000       0x30 /opt/devkitpro/libctru/lib/libctru.a(dsp.o)
                0x00107000                dspUnhook
 .text.aptDspSleep
                0x00107030       0xb4 /opt/devkitpro/libctru/lib/libctru.a(dsp.o)
                0x00107030                aptDspSleep
 .text.aptDspWakeup
                0x001070e4       0xb4 /opt/devkitpro/libctru/lib/libctru.a(dsp.o)
                0x001070e4                aptDspWakeup
 .text.aptDspCancel
                0x00107198       0x44 /opt/devkitpro/libctru/lib/libctru.a(dsp.o)
                0x00107198                aptDspCancel
 .text.DSP_FlushDataCache
                0x001071dc       0x50 /opt/devkitpro/libctru/lib/libctru.a(dsp.o)
                0x001071dc                DSP_FlushDataCache
 .text.DSP_SetSemaphore
                0x0010722c       0x34 /opt/devkitpro/libctru/lib/libctru.a(dsp.o)
                0x0010722c                DSP_SetSemaphore
 .text.DSP_SetSemaphoreMask
                0x00107260       0x34 /opt/devkitpro/libctru/lib/libctru.a(dsp.o)
                0x00107260                DSP_SetSemaphoreMask
 .text.DSP_GetSemaphoreHandle
                0x00107294       0x38 /opt/devkitpro/libctru/lib/libctru.a(dsp.o)
                0x00107294                DSP_GetSemaphoreHandle
 .text.DSP_LoadComponent
                0x001072cc       0x3c /opt/devkitpro/libctru/lib/libctru.a(dsp.o)
                0x001072cc                DSP_LoadComponent
 .text.DSP_RegisterInterruptEvents
                0x00107308       0x44 /opt/devkitpro/libctru/lib/libctru.a(dsp.o)
                0x00107308                DSP_RegisterInterruptEvents
 .text.DSP_ReadPipeIfPossible
                0x0010734c       0x78 /opt/devkitpro/libctru/lib/libctru.a(dsp.o)
                0x0010734c                DSP_ReadPipeIfPossible
 .text.DSP_WriteProcessPipe
                0x001073c4       0x4c /opt/devkitpro/libctru/lib/libctru.a(dsp.o)
                0x001073c4                DSP_WriteProcessPipe
 .text.DSP_ConvertProcessAddressFromDspDram
                0x00107410       0x44 /opt/devkitpro/libctru/lib/libctru.a(dsp.o)
                0x00107410                DSP_ConvertProcessAddressFromDspDram
 .text.DSP_RecvData
                0x00107454       0x44 /opt/devkitpro/libctru/lib/libctru.a(dsp.o)
                0x00107454                DSP_RecvData
 .text.DSP_RecvDataIsReady
                0x00107498       0x50 /opt/devkitpro/libctru/lib/libctru.a(dsp.o)
                0x00107498                DSP_RecvDataIsReady
 .text.fsInit   0x001074e8      0x104 /opt/devkitpro/libctru/lib/libctru.a(fs.o)
                0x001074e8                fsInit
 .text.fsExit   0x001075ec       0x3c /opt/devkitpro/libctru/lib/libctru.a(fs.o)
                0x001075ec                fsExit
 .text.fsExemptFromSession
                0x00107628       0x68 /opt/devkitpro/libctru/lib/libctru.a(fs.o)
                0x00107628                fsExemptFromSession
 .text.fsUnexemptFromSession
                0x00107690       0x50 /opt/devkitpro/libctru/lib/libctru.a(fs.o)
                0x00107690                fsUnexemptFromSession
 .text.FSUSER_OpenFile
                0x001076e0       0xcc /opt/devkitpro/libctru/lib/libctru.a(fs.o)
                0x001076e0                FSUSER_OpenFile
 .text.FSUSER_OpenFileDirectly
                0x001077ac       0xcc /opt/devkitpro/libctru/lib/libctru.a(fs.o)
                0x001077ac                FSUSER_OpenFileDirectly
 .text.FSUSER_DeleteFile
                0x00107878       0xb8 /opt/devkitpro/libctru/lib/libctru.a(fs.o)
                0x00107878                FSUSER_DeleteFile
 .text.FSUSER_RenameFile
                0x00107930       0xf4 /opt/devkitpro/libctru/lib/libctru.a(fs.o)
                0x00107930                FSUSER_RenameFile
 .text.FSUSER_DeleteDirectory
                0x00107a24       0xb8 /opt/devkitpro/libctru/lib/libctru.a(fs.o)
                0x00107a24                FSUSER_DeleteDirectory
 .text.FSUSER_CreateFile
                0x00107adc       0xd0 /opt/devkitpro/libctru/lib/libctru.a(fs.o)
                0x00107adc                FSUSER_CreateFile
 .text.FSUSER_CreateDirectory
                0x00107bac       0xc0 /opt/devkitpro/libctru/lib/libctru.a(fs.o)
                0x00107bac                FSUSER_CreateDirectory
 .text.FSUSER_RenameDirectory
                0x00107c6c       0xf4 /opt/devkitpro/libctru/lib/libctru.a(fs.o)
                0x00107c6c                FSUSER_RenameDirectory
 .text.FSUSER_OpenDirectory
                0x00107d60       0xb4 /opt/devkitpro/libctru/lib/libctru.a(fs.o)
                0x00107d60                FSUSER_OpenDirectory
 .text.FSUSER_OpenArchive
                0x00107e14       0x90 /opt/devkitpro/libctru/lib/libctru.a(fs.o)
                0x00107e14                FSUSER_OpenArchive
 .text.FSUSER_CloseArchive
                0x00107ea4       0x8c /opt/devkitpro/libctru/lib/libctru.a(fs.o)
                0x00107ea4                FSUSER_CloseArchive
 .text.FSUSER_GetSdmcArchiveResource
                0x00107f30       0x74 /opt/devkitpro/libctru/lib/libctru.a(fs.o)
                0x00107f30                FSUSER_GetSdmcArchiveResource
 .text.FSUSER_IsSdmcWritable
                0x00107fa4       0x64 /opt/devkitpro/libctru/lib/libctru.a(fs.o)
                0x00107fa4                FSUSER_IsSdmcWritable
 .text.FSFILE_Read
                0x00108008       0x64 /opt/devkitpro/libctru/lib/libctru.a(fs.o)
                0x00108008                FSFILE_Read
 .text.FSFILE_Write
                0x0010806c       0x6c /opt/devkitpro/libctru/lib/libctru.a(fs.o)
                0x0010806c                FSFILE_Write
 .text.FSFILE_GetSize
                0x001080d8       0x44 /opt/devkitpro/libctru/lib/libctru.a(fs.o)
                0x001080d8                FSFILE_GetSize
 .text.FSFILE_SetSize
                0x0010811c       0x28 /opt/devkitpro/libctru/lib/libctru.a(fs.o)
                0x0010811c                FSFILE_SetSize
 .text.FSFILE_Close
                0x00108144       0x3c /opt/devkitpro/libctru/lib/libctru.a(fs.o)
                0x00108144                FSFILE_Close
 .text.FSFILE_Flush
                0x00108180       0x24 /opt/devkitpro/libctru/lib/libctru.a(fs.o)
                0x00108180                FSFILE_Flush
 .text.FSDIR_Read
                0x001081a4       0x60 /opt/devkitpro/libctru/lib/libctru.a(fs.o)
                0x001081a4                FSDIR_Read
 .text.FSDIR_Close
                0x00108204       0x3c /opt/devkitpro/libctru/lib/libctru.a(fs.o)
                0x00108204                FSDIR_Close
 .text.gspHardwareInit
                0x00108240      0xc70 /opt/devkitpro/libctru/lib/libctru.a(gspgpu.o)
 .text.gspInit  0x00108eb0      0x288 /opt/devkitpro/libctru/lib/libctru.a(gspgpu.o)
                0x00108eb0                gspInit
 .text.gspExit  0x00109138      0x104 /opt/devkitpro/libctru/lib/libctru.a(gspgpu.o)
                0x00109138                gspExit
 .text.gspHasGpuRight
                0x0010923c       0x10 /opt/devkitpro/libctru/lib/libctru.a(gspgpu.o)
                0x0010923c                gspHasGpuRight
 .text.gspPresentBuffer
                0x0010924c       0xa4 /opt/devkitpro/libctru/lib/libctru.a(gspgpu.o)
                0x0010924c                gspPresentBuffer
 .text.gspWaitForEvent
                0x001092f0       0x50 /opt/devkitpro/libctru/lib/libctru.a(gspgpu.o)
                0x001092f0                gspWaitForEvent
 .text.gxCmdQueueInterrupt
                0x00109340        0x4 /opt/devkitpro/libctru/lib/libctru.a(gspgpu.o)
                0x00109340                gxCmdQueueInterrupt
 .text.gspEventThreadMain
                0x00109344      0x154 /opt/devkitpro/libctru/lib/libctru.a(gspgpu.o)
 .text.GSPGPU_FlushDataCache
                0x00109498       0x50 /opt/devkitpro/libctru/lib/libctru.a(gspgpu.o)
                0x00109498                GSPGPU_FlushDataCache
 .text.GSPGPU_SetLcdForceBlack
                0x001094e8       0x34 /opt/devkitpro/libctru/lib/libctru.a(gspgpu.o)
                0x001094e8                GSPGPU_SetLcdForceBlack
 .text.GSPGPU_AcquireRight
                0x0010951c       0x84 /opt/devkitpro/libctru/lib/libctru.a(gspgpu.o)
                0x0010951c                GSPGPU_AcquireRight
 .text.GSPGPU_ReleaseRight
                0x001095a0       0x64 /opt/devkitpro/libctru/lib/libctru.a(gspgpu.o)
                0x001095a0                GSPGPU_ReleaseRight
 .text.GSPGPU_ImportDisplayCaptureInfo
                0x00109604       0x7c /opt/devkitpro/libctru/lib/libctru.a(gspgpu.o)
                0x00109604                GSPGPU_ImportDisplayCaptureInfo
 .text.GSPGPU_SaveVramSysArea
                0x00109680       0x2c /opt/devkitpro/libctru/lib/libctru.a(gspgpu.o)
                0x00109680                GSPGPU_SaveVramSysArea
 .text.GSPGPU_RestoreVramSysArea
                0x001096ac       0x2c /opt/devkitpro/libctru/lib/libctru.a(gspgpu.o)
                0x001096ac                GSPGPU_RestoreVramSysArea
 .text.hidShouldUseIrrst
                0x001096d8       0x24 /opt/devkitpro/libctru/lib/libctru.a(hid.o)
                0x001096d8                hidShouldUseIrrst
 .text.hidInit  0x001096fc      0x1cc /opt/devkitpro/libctru/lib/libctru.a(hid.o)
                0x001096fc                hidInit
 .text.hidExit  0x001098c8       0xe8 /opt/devkitpro/libctru/lib/libctru.a(hid.o)
                0x001098c8                hidExit
 .text.hidScanInput
                0x001099b0      0x2a0 /opt/devkitpro/libctru/lib/libctru.a(hid.o)
                0x001099b0                hidScanInput
 .text.hidKeysDown
                0x00109c50       0x10 /opt/devkitpro/libctru/lib/libctru.a(hid.o)
                0x00109c50                hidKeysDown
 .text.irrstInit
                0x00109c60      0x1a4 /opt/devkitpro/libctru/lib/libctru.a(irrst.o)
                0x00109c60                irrstInit
 .text.irrstExit
                0x00109e04       0xdc /opt/devkitpro/libctru/lib/libctru.a(irrst.o)
                0x00109e04                irrstExit
 .text.irrstScanInput
                0x00109ee0       0xb4 /opt/devkitpro/libctru/lib/libctru.a(irrst.o)
                0x00109ee0                irrstScanInput
 .text.irrstKeysHeld
                0x00109f94       0x24 /opt/devkitpro/libctru/lib/libctru.a(irrst.o)
                0x00109f94                irrstKeysHeld
 .text.rbtree_find
                0x00109fb8       0x74 /opt/devkitpro/libctru/lib/libctru.a(rbtree_find.o)
                0x00109fb8                rbtree_find
 .text.rbtree_init
                0x0010a02c       0x10 /opt/devkitpro/libctru/lib/libctru.a(rbtree_init.o)
                0x0010a02c                rbtree_init
 .text.do_insert
                0x0010a03c      0x198 /opt/devkitpro/libctru/lib/libctru.a(rbtree_insert.o)
 .text.rbtree_insert
                0x0010a1d4        0x8 /opt/devkitpro/libctru/lib/libctru.a(rbtree_insert.o)
                0x0010a1d4                rbtree_insert
 .text.rbtree_remove
                0x0010a1dc      0x310 /opt/devkitpro/libctru/lib/libctru.a(rbtree_remove.o)
                0x0010a1dc                rbtree_remove
 .text.rbtree_rotate
                0x0010a4ec       0x90 /opt/devkitpro/libctru/lib/libctru.a(rbtree_rotate.o)
                0x0010a4ec                rbtree_rotate
 .text.utf16_to_utf8
                0x0010a57c       0xe8 /opt/devkitpro/libctru/lib/libctru.a(utf16_to_utf8.o)
                0x0010a57c                utf16_to_utf8
 .text.utf8_to_utf16
                0x0010a664       0xc0 /opt/devkitpro/libctru/lib/libctru.a(utf8_to_utf16.o)
                0x0010a664                utf8_to_utf16
 *fill*         0x0010a724        0x4 
 .text.__system_allocateHeaps
                0x0010a728      0x1e8 /opt/devkitpro/libctru/lib/libctru.a(allocateHeaps.o)
                0x0010a728                __system_allocateHeaps
 .text.__libctru_init
                0x0010a910       0x38 /opt/devkitpro/libctru/lib/libctru.a(ctru_init.o)
                0x0010a910                __libctru_init
 .text.__system_initArgv
                0x0010a948      0x16c /opt/devkitpro/libctru/lib/libctru.a(initArgv.o)
                0x0010a948                __system_initArgv
 .text.__syscall_getreent
                0x0010aab4       0x30 /opt/devkitpro/libctru/lib/libctru.a(syscalls.o)
                0x0010aab4                __syscall_getreent
 .text.__syscall_gettod_r
                0x0010aae4       0x64 /opt/devkitpro/libctru/lib/libctru.a(syscalls.o)
                0x0010aae4                __syscall_gettod_r
 .text.__syscall_lock_acquire
                0x0010ab48        0x4 /opt/devkitpro/libctru/lib/libctru.a(syscalls.o)
                0x0010ab48                __syscall_lock_acquire
 .text.__syscall_lock_release
                0x0010ab4c        0x4 /opt/devkitpro/libctru/lib/libctru.a(syscalls.o)
                0x0010ab4c                __syscall_lock_release
 .text.__syscall_lock_acquire_recursive
                0x0010ab50        0x4 /opt/devkitpro/libctru/lib/libctru.a(syscalls.o)
                0x0010ab50                __syscall_lock_acquire_recursive
 .text.__syscall_lock_release_recursive
                0x0010ab54        0x4 /opt/devkitpro/libctru/lib/libctru.a(syscalls.o)
                0x0010ab54                __syscall_lock_release_recursive
 .text.__syscall_exit
                0x0010ab58        0x4 /opt/devkitpro/libctru/lib/libctru.a(syscalls.o)
                0x0010ab58                __syscall_exit
 .text.initThreadVars
                0x0010ab5c       0x54 /opt/devkitpro/libctru/lib/libctru.a(syscalls.o)
                0x0010ab5c                initThreadVars
 .text.__system_initSyscalls
                0x0010abb0       0x80 /opt/devkitpro/libctru/lib/libctru.a(syscalls.o)
                0x0010abb0                __system_initSyscalls
 .text.svcControlMemory
                0x0010ac30       0x20 /opt/devkitpro/libctru/lib/libctru.a(svc.o)
                0x0010ac30                svcControlMemory
 .text.svcQueryMemory
                0x0010ac50       0x30 /opt/devkitpro/libctru/lib/libctru.a(svc.o)
                0x0010ac50                svcQueryMemory
 .text.svcExitProcess
                0x0010ac80        0x8 /opt/devkitpro/libctru/lib/libctru.a(svc.o)
                0x0010ac80                svcExitProcess
 .text.svcCreateThread
                0x0010ac88       0x20 /opt/devkitpro/libctru/lib/libctru.a(svc.o)
                0x0010ac88                svcCreateThread
 .text.svcExitThread
                0x0010aca8        0x8 /opt/devkitpro/libctru/lib/libctru.a(svc.o)
                0x0010aca8                svcExitThread
 .text.svcSleepThread
                0x0010acb0        0x8 /opt/devkitpro/libctru/lib/libctru.a(svc.o)
                0x0010acb0                svcSleepThread
 .text.svcReleaseMutex
                0x0010acb8        0x8 /opt/devkitpro/libctru/lib/libctru.a(svc.o)
                0x0010acb8                svcReleaseMutex
 .text.svcCreateEvent
                0x0010acc0       0x14 /opt/devkitpro/libctru/lib/libctru.a(svc.o)
                0x0010acc0                svcCreateEvent
 .text.svcSignalEvent
                0x0010acd4        0x8 /opt/devkitpro/libctru/lib/libctru.a(svc.o)
                0x0010acd4                svcSignalEvent
 .text.svcClearEvent
                0x0010acdc        0x8 /opt/devkitpro/libctru/lib/libctru.a(svc.o)
                0x0010acdc                svcClearEvent
 .text.svcMapMemoryBlock
                0x0010ace4        0x8 /opt/devkitpro/libctru/lib/libctru.a(svc.o)
                0x0010ace4                svcMapMemoryBlock
 .text.svcUnmapMemoryBlock
                0x0010acec        0x8 /opt/devkitpro/libctru/lib/libctru.a(svc.o)
                0x0010acec                svcUnmapMemoryBlock
 .text.svcCreateAddressArbiter
                0x0010acf4       0x14 /opt/devkitpro/libctru/lib/libctru.a(svc.o)
                0x0010acf4                svcCreateAddressArbiter
 .text.svcArbitrateAddressNoTimeout
                0x0010ad08        0x8 /opt/devkitpro/libctru/lib/libctru.a(svc.o)
                0x0010ad08                svcArbitrateAddressNoTimeout
 .text.svcCloseHandle
                0x0010ad10        0x8 /opt/devkitpro/libctru/lib/libctru.a(svc.o)
                0x0010ad10                svcCloseHandle
 .text.svcWaitSynchronization
                0x0010ad18        0x8 /opt/devkitpro/libctru/lib/libctru.a(svc.o)
                0x0010ad18                svcWaitSynchronization
 .text.svcWaitSynchronizationN
                0x0010ad20       0x28 /opt/devkitpro/libctru/lib/libctru.a(svc.o)
                0x0010ad20                svcWaitSynchronizationN
 .text.svcDuplicateHandle
                0x0010ad48       0x14 /opt/devkitpro/libctru/lib/libctru.a(svc.o)
                0x0010ad48                svcDuplicateHandle
 .text.svcGetSystemTick
                0x0010ad5c        0x8 /opt/devkitpro/libctru/lib/libctru.a(svc.o)
                0x0010ad5c                svcGetSystemTick
 .text.svcConnectToPort
                0x0010ad64       0x14 /opt/devkitpro/libctru/lib/libctru.a(svc.o)
                0x0010ad64                svcConnectToPort
 .text.svcSendSyncRequest
                0x0010ad78        0x8 /opt/devkitpro/libctru/lib/libctru.a(svc.o)
                0x0010ad78                svcSendSyncRequest
 .text.svcGetResourceLimit
                0x0010ad80       0x14 /opt/devkitpro/libctru/lib/libctru.a(svc.o)
                0x0010ad80                svcGetResourceLimit
 .text.svcGetResourceLimitLimitValues
                0x0010ad94        0x8 /opt/devkitpro/libctru/lib/libctru.a(svc.o)
                0x0010ad94                svcGetResourceLimitLimitValues
 .text.svcGetResourceLimitCurrentValues
                0x0010ad9c        0x8 /opt/devkitpro/libctru/lib/libctru.a(svc.o)
                0x0010ad9c                svcGetResourceLimitCurrentValues
 .text.svcBreak
                0x0010ada4        0x8 /opt/devkitpro/libctru/lib/libctru.a(svc.o)
                0x0010ada4                svcBreak
 .text.__aeabi_read_tp
                0x0010adac        0xc /opt/devkitpro/libctru/lib/libctru.a(readtp.o)
                0x0010adac                __aeabi_read_tp
 .text.initSystem
                0x0010adb8       0x50 /opt/devkitpro/libctru/lib/libctru.a(stack_adjust.o)
                0x0010adb8                initSystem
 .text.__ctru_exit
                0x0010ae08       0x14 /opt/devkitpro/libctru/lib/libctru.a(stack_adjust.o)
                0x0010ae08                __ctru_exit
 .text._ZL21addrMapNodeComparatorPK11rbtree_nodeS1_
                0x0010ae1c       0x24 /opt/devkitpro/libctru/lib/libctru.a(vram.o)
 .text._ZL21addrMapNodeDestructorP11rbtree_node
                0x0010ae40        0x4 /opt/devkitpro/libctru/lib/libctru.a(vram.o)
 .text.vramMemAlignAt
                0x0010ae44      0x248 /opt/devkitpro/libctru/lib/libctru.a(vram.o)
                0x0010ae44                vramMemAlignAt
 .text.vramAlloc
                0x0010b08c        0xc /opt/devkitpro/libctru/lib/libctru.a(vram.o)
                0x0010b08c                vramAlloc
 .text.vramFree
                0x0010b098       0x94 /opt/devkitpro/libctru/lib/libctru.a(vram.o)
                0x0010b098                vramFree
 .text.envGetHandle
                0x0010b12c       0x8c /opt/devkitpro/libctru/lib/libctru.a(env.o)
                0x0010b12c                envGetHandle
 .text.envDestroyHandles
                0x0010b1b8       0x50 /opt/devkitpro/libctru/lib/libctru.a(env.o)
                0x0010b1b8                envDestroyHandles
 .text.osConvertVirtToPhys
                0x0010b208       0x74 /opt/devkitpro/libctru/lib/libctru.a(os.o)
                0x0010b208                osConvertVirtToPhys
 .text.osGetTimeRef
                0x0010b27c       0x54 /opt/devkitpro/libctru/lib/libctru.a(os.o)
                0x0010b27c                osGetTimeRef
 .text.osGetTime
                0x0010b2d0       0xec /opt/devkitpro/libctru/lib/libctru.a(os.o)
                0x0010b2d0                osGetTime
 .text.__ctru_speedup_config
                0x0010b3bc       0x34 /opt/devkitpro/libctru/lib/libctru.a(os.o)
                0x0010b3bc                __ctru_speedup_config
 .text.srvInit  0x0010b3f0      0x164 /opt/devkitpro/libctru/lib/libctru.a(srv.o)
                0x0010b3f0                srvInit
 .text.srvExit  0x0010b554       0x64 /opt/devkitpro/libctru/lib/libctru.a(srv.o)
                0x0010b554                srvExit
 .text.srvEnableNotification
                0x0010b5b8       0x60 /opt/devkitpro/libctru/lib/libctru.a(srv.o)
                0x0010b5b8                srvEnableNotification
 .text.srvGetServiceHandleDirect
                0x0010b618       0xa0 /opt/devkitpro/libctru/lib/libctru.a(srv.o)
                0x0010b618                srvGetServiceHandleDirect
 .text.srvGetServiceHandle
                0x0010b6b8       0x48 /opt/devkitpro/libctru/lib/libctru.a(srv.o)
                0x0010b6b8                srvGetServiceHandle
 .text.srvSubscribe
                0x0010b700       0x34 /opt/devkitpro/libctru/lib/libctru.a(srv.o)
                0x0010b700                srvSubscribe
 .text.srvReceiveNotification
                0x0010b734       0x60 /opt/devkitpro/libctru/lib/libctru.a(srv.o)
                0x0010b734                srvReceiveNotification
 .text.srvPublishToSubscriber
                0x0010b794       0x38 /opt/devkitpro/libctru/lib/libctru.a(srv.o)
                0x0010b794                srvPublishToSubscriber
 .text.__sync_init
                0x0010b7cc        0xc /opt/devkitpro/libctru/lib/libctru.a(synchronization.o)
                0x0010b7cc                __sync_init
 .text.__sync_fini
                0x0010b7d8       0x18 /opt/devkitpro/libctru/lib/libctru.a(synchronization.o)
                0x0010b7d8                __sync_fini
 .text.syncArbitrateAddress
                0x0010b7f0       0x28 /opt/devkitpro/libctru/lib/libctru.a(synchronization.o)
                0x0010b7f0                syncArbitrateAddress
 .text.LightLock_Init
                0x0010b818       0x1c /opt/devkitpro/libctru/lib/libctru.a(synchronization.o)
                0x0010b818                LightLock_Init
 .text.LightLock_Lock
                0x0010b834       0xac /opt/devkitpro/libctru/lib/libctru.a(synchronization.o)
                0x0010b834                LightLock_Lock
 .text.LightLock_Unlock
                0x0010b8e0       0x40 /opt/devkitpro/libctru/lib/libctru.a(synchronization.o)
                0x0010b8e0                LightLock_Unlock
 .text.RecursiveLock_Lock
                0x0010b920       0x54 /opt/devkitpro/libctru/lib/libctru.a(synchronization.o)
                0x0010b920                RecursiveLock_Lock
 .text.RecursiveLock_Unlock
                0x0010b974       0x54 /opt/devkitpro/libctru/lib/libctru.a(synchronization.o)
                0x0010b974                RecursiveLock_Unlock
 .text.LightEvent_Init
                0x0010b9c8       0x44 /opt/devkitpro/libctru/lib/libctru.a(synchronization.o)
                0x0010b9c8                LightEvent_Init
 .text.LightEvent_Clear
                0x0010ba0c       0xb8 /opt/devkitpro/libctru/lib/libctru.a(synchronization.o)
                0x0010ba0c                LightEvent_Clear
 .text.LightEvent_Signal
                0x0010bac4       0xdc /opt/devkitpro/libctru/lib/libctru.a(synchronization.o)
                0x0010bac4                LightEvent_Signal
 .text.LightEvent_TryWait
                0x0010bba0       0x50 /opt/devkitpro/libctru/lib/libctru.a(synchronization.o)
                0x0010bba0                LightEvent_TryWait
 .text.LightEvent_Wait
                0x0010bbf0       0xac /opt/devkitpro/libctru/lib/libctru.a(synchronization.o)
                0x0010bbf0                LightEvent_Wait
 .text.threadCreate
                0x0010bc9c      0x1fc /opt/devkitpro/libctru/lib/libctru.a(thread.o)
                0x0010bc9c                threadCreate
 .text.threadFree
                0x0010be98       0x38 /opt/devkitpro/libctru/lib/libctru.a(thread.o)
                0x0010be98                threadFree
 .text.threadJoin
                0x0010bed0       0x24 /opt/devkitpro/libctru/lib/libctru.a(thread.o)
                0x0010bed0                threadJoin
 .text.threadGetCurrent
                0x0010bef4       0x30 /opt/devkitpro/libctru/lib/libctru.a(thread.o)
                0x0010bef4                threadGetCurrent
 .text.threadExit
                0x0010bf24       0x40 /opt/devkitpro/libctru/lib/libctru.a(thread.o)
                0x0010bf24                threadExit
 .text._thread_begin
                0x0010bf64       0x20 /opt/devkitpro/libctru/lib/libctru.a(thread.o)
 .text.mappableFindAddressWithin
                0x0010bf84       0x90 /opt/devkitpro/libctru/lib/libctru.a(mappable.o)
 .text.mappableInit
                0x0010c014       0x28 /opt/devkitpro/libctru/lib/libctru.a(mappable.o)
                0x0010c014                mappableInit
 .text.mappableAlloc
                0x0010c03c       0x7c /opt/devkitpro/libctru/lib/libctru.a(mappable.o)
                0x0010c03c                mappableAlloc
 .text.mappableFree
                0x0010c0b8        0x4 /opt/devkitpro/libctru/lib/libctru.a(mappable.o)
                0x0010c0b8                mappableFree
 .text.ptmSysmInit
                0x0010c0bc       0x78 /opt/devkitpro/libctru/lib/libctru.a(ptmsysm.o)
                0x0010c0bc                ptmSysmInit
 .text.ptmSysmExit
                0x0010c134       0x3c /opt/devkitpro/libctru/lib/libctru.a(ptmsysm.o)
                0x0010c134                ptmSysmExit
 .text.PTMSYSM_ConfigureNew3DSCPU
                0x0010c170       0x34 /opt/devkitpro/libctru/lib/libctru.a(ptmsysm.o)
                0x0010c170                PTMSYSM_ConfigureNew3DSCPU
 .text.srvPmGetSessionHandle
                0x0010c1a4        0xc /opt/devkitpro/libctru/lib/libctru.a(srvpm.o)
                0x0010c1a4                srvPmGetSessionHandle
 .text.rbtree_node_next
                0x0010c1b0       0x60 /opt/devkitpro/libctru/lib/libctru.a(rbtree_iterator.o)
                0x0010c1b0                rbtree_node_next
 .text.decode_utf16
                0x0010c210       0x54 /opt/devkitpro/libctru/lib/libctru.a(decode_utf16.o)
                0x0010c210                decode_utf16
 .text.decode_utf8
                0x0010c264      0x140 /opt/devkitpro/libctru/lib/libctru.a(decode_utf8.o)
                0x0010c264                decode_utf8
 .text.encode_utf16
                0x0010c3a4       0x54 /opt/devkitpro/libctru/lib/libctru.a(encode_utf16.o)
                0x0010c3a4                encode_utf16
 .text.encode_utf8
                0x0010c3f8       0xe0 /opt/devkitpro/libctru/lib/libctru.a(encode_utf8.o)
                0x0010c3f8                encode_utf8
 .text.__appExit
                0x0010c4d8       0x30 /opt/devkitpro/libctru/lib/libctru.a(appExit.o)
                0x0010c4d8                __appExit
 .text.__appInit
                0x0010c508       0x30 /opt/devkitpro/libctru/lib/libctru.a(appInit.o)
                0x0010c508                __appInit
 .text.__libctru_exit
                0x0010c538       0x90 /opt/devkitpro/libctru/lib/libctru.a(ctru_exit.o)
                0x0010c538                __libctru_exit
 .text.error_cmp
                0x0010c5c8       0x24 /opt/devkitpro/libctru/lib/libctru.a(archive_dev.o)
 .text.archive_translate_error
                0x0010c5ec       0x50 /opt/devkitpro/libctru/lib/libctru.a(archive_dev.o)
 .text.archive_seek
                0x0010c63c       0xc0 /opt/devkitpro/libctru/lib/libctru.a(archive_dev.o)
 .text._archiveInit.part.0
                0x0010c6fc       0x78 /opt/devkitpro/libctru/lib/libctru.a(archive_dev.o)
 .text.archiveFindDevice.part.0
                0x0010c774      0x110 /opt/devkitpro/libctru/lib/libctru.a(archive_dev.o)
 .text.archive_utf16path
                0x0010c884      0x298 /opt/devkitpro/libctru/lib/libctru.a(archive_dev.o)
 .text._archiveUnmountDeviceStruct.part.0
                0x0010cb1c       0x98 /opt/devkitpro/libctru/lib/libctru.a(archive_dev.o)
 .text._archiveMountDevice
                0x0010cbb4      0x178 /opt/devkitpro/libctru/lib/libctru.a(archive_dev.o)
 .text.archive_diropen
                0x0010cd2c       0xf8 /opt/devkitpro/libctru/lib/libctru.a(archive_dev.o)
 .text.archive_fstat
                0x0010ce24       0xac /opt/devkitpro/libctru/lib/libctru.a(archive_dev.o)
 .text.archive_fsync
                0x0010ced0       0x74 /opt/devkitpro/libctru/lib/libctru.a(archive_dev.o)
 .text.archive_close
                0x0010cf44       0x74 /opt/devkitpro/libctru/lib/libctru.a(archive_dev.o)
 .text.archive_dirclose
                0x0010cfb8       0x78 /opt/devkitpro/libctru/lib/libctru.a(archive_dev.o)
 .text.sdmc_statvfs
                0x0010d030       0xec /opt/devkitpro/libctru/lib/libctru.a(archive_dev.o)
 .text.archive_chdir
                0x0010d11c       0xf8 /opt/devkitpro/libctru/lib/libctru.a(archive_dev.o)
 .text.archive_ftruncate
                0x0010d214       0x8c /opt/devkitpro/libctru/lib/libctru.a(archive_dev.o)
 .text.archive_read
                0x0010d2a0       0xbc /opt/devkitpro/libctru/lib/libctru.a(archive_dev.o)
 .text.archive_unlink
                0x0010d35c       0xa8 /opt/devkitpro/libctru/lib/libctru.a(archive_dev.o)
 .text.archive_rmdir
                0x0010d404       0xc0 /opt/devkitpro/libctru/lib/libctru.a(archive_dev.o)
 .text.archive_mkdir
                0x0010d4c4       0xd8 /opt/devkitpro/libctru/lib/libctru.a(archive_dev.o)
 .text.archive_stat
                0x0010d59c      0x1a0 /opt/devkitpro/libctru/lib/libctru.a(archive_dev.o)
 .text.archive_dirnext
                0x0010d73c      0x164 /opt/devkitpro/libctru/lib/libctru.a(archive_dev.o)
 .text.archive_write
                0x0010d8a0      0x13c /opt/devkitpro/libctru/lib/libctru.a(archive_dev.o)
 *fill*         0x0010d9dc        0x4 
 .text.archive_open
                0x0010d9e0      0x254 /opt/devkitpro/libctru/lib/libctru.a(archive_dev.o)
 .text.archive_rename
                0x0010dc34      0x270 /opt/devkitpro/libctru/lib/libctru.a(archive_dev.o)
 .text.archiveMountSdmc
                0x0010dea4      0x1c8 /opt/devkitpro/libctru/lib/libctru.a(archive_dev.o)
                0x0010dea4                archiveMountSdmc
 .text.archiveUnmountAll
                0x0010e06c       0x54 /opt/devkitpro/libctru/lib/libctru.a(archive_dev.o)
                0x0010e06c                archiveUnmountAll
 .text.__udivmoddi4
                0x0010e0c0      0x130 /opt/devkitpro/devkitARM/lib/gcc/arm-none-eabi/16.1.0/armv6k/fpu/libgcc.a(_udivmoddi4.o)
                0x0010e0c0                __udivmoddi4
 .text.strncat  0x0010e1f0       0xe4 /opt/devkitpro/devkitARM/lib/gcc/arm-none-eabi/16.1.0/../../../../arm-none-eabi/lib/armv6k/fpu/libg.a(libc_a-strncat.o)
                0x0010e1f0                strncat
 .text.ftell    0x0010e2d4       0x34 /opt/devkitpro/devkitARM/lib/gcc/arm-none-eabi/16.1.0/../../../../arm-none-eabi/lib/armv6k/fpu/libg.a(libc_a-ftell.o)
                0x0010e2d4                ftell
 .text.memcpy   0x0010e308      0x128 /opt/devkitpro/devkitARM/lib/gcc/arm-none-eabi/16.1.0/../../../../arm-none-eabi/lib/armv6k/fpu/libg.a(libc_a-memcpy-stub.o)
                0x0010e308                memcpy
 .text.strlen   0x0010e430       0x8c /opt/devkitpro/devkitARM/lib/gcc/arm-none-eabi/16.1.0/../../../../arm-none-eabi/lib/armv6k/fpu/libg.a(libc_a-strlen.o)
                0x0010e430                strlen
 .text._fread_r
                0x0010e4bc      0x334 /opt/devkitpro/devkitARM/lib/gcc/arm-none-eabi/16.1.0/../../../../arm-none-eabi/lib/armv6k/fpu/libg.a(libc_a-fread.o)
                0x0010e4bc                _fread_r
 .text.fread    0x0010e7f0       0x38 /opt/devkitpro/devkitARM/lib/gcc/arm-none-eabi/16.1.0/../../../../arm-none-eabi/lib/armv6k/fpu/libg.a(libc_a-fread.o)
                0x0010e7f0                fread
 .text.bsearch  0x0010e828       0x78 /opt/devkitpro/devkitARM/lib/gcc/arm-none-eabi/16.1.0/../../../../arm-none-eabi/lib/armv6k/fpu/libg.a(libc_a-bsearch.o)
                0x0010e828                bsearch
 .text._fopen_r
                0x0010e8a0      0x134 /opt/devkitpro/devkitARM/lib/gcc/arm-none-eabi/16.1.0/../../../../arm-none-eabi/lib/armv6k/fpu/libg.a(libc_a-fopen.o)
                0x0010e8a0                _fopen_r
 .text.fopen    0x0010e9d4       0x28 /opt/devkitpro/devkitARM/lib/gcc/arm-none-eabi/16.1.0/../../../../arm-none-eabi/lib/armv6k/fpu/libg.a(libc_a-fopen.o)
                0x0010e9d4                fopen
 .text.memalign
                0x0010e9fc       0x28 /opt/devkitpro/devkitARM/lib/gcc/arm-none-eabi/16.1.0/../../../../arm-none-eabi/lib/armv6k/fpu/libg.a(libc_a-malign.o)
                0x0010e9fc                memalign
 .text.printf   0x0010ea24       0x34 /opt/devkitpro/devkitARM/lib/gcc/arm-none-eabi/16.1.0/../../../../arm-none-eabi/lib/armv6k/fpu/libg.a(libc_a-printf.o)
                0x0010ea24                printf
 .text._strtoul_l.isra.0
                0x0010ea58      0x1ec /opt/devkitpro/devkitARM/lib/gcc/arm-none-eabi/16.1.0/../../../../arm-none-eabi/lib/armv6k/fpu/libg.a(libc_a-strtoul.o)
 .text.strtoul  0x0010ec44       0x3c /opt/devkitpro/devkitARM/lib/gcc/arm-none-eabi/16.1.0/../../../../arm-none-eabi/lib/armv6k/fpu/libg.a(libc_a-strtoul.o)
                0x0010ec44                strtoul
 .text.strchr   0x0010ec80      0x140 /opt/devkitpro/devkitARM/lib/gcc/arm-none-eabi/16.1.0/../../../../arm-none-eabi/lib/armv6k/fpu/libg.a(libc_a-strchr.o)
                0x0010ec80                strchr
 .text.memcmp   0x0010edc0       0xd8 /opt/devkitpro/devkitARM/lib/gcc/arm-none-eabi/16.1.0/../../../../arm-none-eabi/lib/armv6k/fpu/libg.a(libc_a-memcmp.o)
                0x0010edc0                memcmp
 .text._memalign_r
                0x0010ee98      0x16c /opt/devkitpro/devkitARM/lib/gcc/arm-none-eabi/16.1.0/../../../../arm-none-eabi/lib/armv6k/fpu/libg.a(libc_a-malignr.o)
                0x0010ee98                _memalign_r
 .text.__errno  0x0010f004        0xc /opt/devkitpro/devkitARM/lib/gcc/arm-none-eabi/16.1.0/../../../../arm-none-eabi/lib/armv6k/fpu/libg.a(libc_a-errno.o)
                0x0010f004                __errno
 .text.__smakebuf_r
                0x0010f010      0x164 /opt/devkitpro/devkitARM/lib/gcc/arm-none-eabi/16.1.0/../../../../arm-none-eabi/lib/armv6k/fpu/libg.a(libc_a-makebuf.o)
                0x0010f010                __smakebuf_r
 .text.__swhatbuf_r
                0x0010f174       0x90 /opt/devkitpro/devkitARM/lib/gcc/arm-none-eabi/16.1.0/../../../../arm-none-eabi/lib/armv6k/fpu/libg.a(libc_a-makebuf.o)
                0x0010f174                __swhatbuf_r
 .text.memset   0x0010f204       0xe4 /opt/devkitpro/devkitARM/lib/gcc/arm-none-eabi/16.1.0/../../../../arm-none-eabi/lib/armv6k/fpu/libg.a(libc_a-memset.o)
                0x0010f204                memset
 .text.__sflush_r
                0x0010f2e8      0x22c /opt/devkitpro/devkitARM/lib/gcc/arm-none-eabi/16.1.0/../../../../arm-none-eabi/lib/armv6k/fpu/libg.a(libc_a-fflush.o)
                0x0010f2e8                __sflush_r
 .text._fflush_r
                0x0010f514       0xc4 /opt/devkitpro/devkitARM/lib/gcc/arm-none-eabi/16.1.0/../../../../arm-none-eabi/lib/armv6k/fpu/libg.a(libc_a-fflush.o)
                0x0010f514                _fflush_r
 .text._ftello_r
                0x0010f5d8      0x1c4 /opt/devkitpro/devkitARM/lib/gcc/arm-none-eabi/16.1.0/../../../../arm-none-eabi/lib/armv6k/fpu/libg.a(libc_a-ftello.o)
                0x0010f5d8                _ftello_r
 .text._malloc_r
                0x0010f79c      0x82c /opt/devkitpro/devkitARM/lib/gcc/arm-none-eabi/16.1.0/../../../../arm-none-eabi/lib/armv6k/fpu/libg.a(libc_a-mallocr.o)
                0x0010f79c                _malloc_r
 .text._malloc_trim_r
                0x0010ffc8      0x114 /opt/devkitpro/devkitARM/lib/gcc/arm-none-eabi/16.1.0/../../../../arm-none-eabi/lib/armv6k/fpu/libg.a(libc_a-freer.o)
                0x0010ffc8                _malloc_trim_r
 .text._free_r  0x001100dc      0x314 /opt/devkitpro/devkitARM/lib/gcc/arm-none-eabi/16.1.0/../../../../arm-none-eabi/lib/armv6k/fpu/libg.a(libc_a-freer.o)
                0x001100dc                _free_r
 .text.setvbuf  0x001103f0      0x294 /opt/devkitpro/devkitARM/lib/gcc/arm-none-eabi/16.1.0/../../../../arm-none-eabi/lib/armv6k/fpu/libg.a(libc_a-setvbuf.o)
                0x001103f0                setvbuf
 .text.stdio_exit_handler
                0x00110684       0x1c /opt/devkitpro/devkitARM/lib/gcc/arm-none-eabi/16.1.0/../../../../arm-none-eabi/lib/armv6k/fpu/libg.a(libc_a-findfp.o)
 .text.cleanup_stdio
                0x001106a0       0x5c /opt/devkitpro/devkitARM/lib/gcc/arm-none-eabi/16.1.0/../../../../arm-none-eabi/lib/armv6k/fpu/libg.a(libc_a-findfp.o)
 .text.global_stdio_init.part.0
                0x001106fc      0x154 /opt/devkitpro/devkitARM/lib/gcc/arm-none-eabi/16.1.0/../../../../arm-none-eabi/lib/armv6k/fpu/libg.a(libc_a-findfp.o)
 .text.__sfp    0x00110850      0x138 /opt/devkitpro/devkitARM/lib/gcc/arm-none-eabi/16.1.0/../../../../arm-none-eabi/lib/armv6k/fpu/libg.a(libc_a-findfp.o)
                0x00110850                __sfp
 .text.__sinit  0x00110988       0x5c /opt/devkitpro/devkitARM/lib/gcc/arm-none-eabi/16.1.0/../../../../arm-none-eabi/lib/armv6k/fpu/libg.a(libc_a-findfp.o)
                0x00110988                __sinit
 .text.__sfp_lock_acquire
                0x001109e4        0xc /opt/devkitpro/devkitARM/lib/gcc/arm-none-eabi/16.1.0/../../../../arm-none-eabi/lib/armv6k/fpu/libg.a(libc_a-findfp.o)
                0x001109e4                __sfp_lock_acquire
 .text.__sfp_lock_release
                0x001109f0        0xc /opt/devkitpro/devkitARM/lib/gcc/arm-none-eabi/16.1.0/../../../../arm-none-eabi/lib/armv6k/fpu/libg.a(libc_a-findfp.o)
                0x001109f0                __sfp_lock_release
 .text.__libc_init_array
                0x001109fc       0x84 /opt/devkitpro/devkitARM/lib/gcc/arm-none-eabi/16.1.0/../../../../arm-none-eabi/lib/armv6k/fpu/libg.a(libc_a-init.o)
                0x001109fc                __libc_init_array
 .text.strncpy  0x00110a80       0xd4 /opt/devkitpro/devkitARM/lib/gcc/arm-none-eabi/16.1.0/../../../../arm-none-eabi/lib/armv6k/fpu/libg.a(libc_a-strncpy.o)
                0x00110a80                strncpy
 .text._fseek_r
                0x00110b54       0x1c /opt/devkitpro/devkitARM/lib/gcc/arm-none-eabi/16.1.0/../../../../arm-none-eabi/lib/armv6k/fpu/libg.a(libc_a-fseek.o)
                0x00110b54                _fseek_r
 .text.fseek    0x00110b70       0x34 /opt/devkitpro/devkitARM/lib/gcc/arm-none-eabi/16.1.0/../../../../arm-none-eabi/lib/armv6k/fpu/libg.a(libc_a-fseek.o)
                0x00110b70                fseek
 .text.malloc   0x00110ba4       0x40 /opt/devkitpro/devkitARM/lib/gcc/arm-none-eabi/16.1.0/../../../../arm-none-eabi/lib/armv6k/fpu/libg.a(libc_a-malloc.o)
                0x00110ba4                malloc
 .text.free     0x00110be4       0x20 /opt/devkitpro/devkitARM/lib/gcc/arm-none-eabi/16.1.0/../../../../arm-none-eabi/lib/armv6k/fpu/libg.a(libc_a-malloc.o)
                0x00110be4                free
 .text.__sread  0x00110c04       0x44 /opt/devkitpro/devkitARM/lib/gcc/arm-none-eabi/16.1.0/../../../../arm-none-eabi/lib/armv6k/fpu/libg.a(libc_a-stdio.o)
                0x00110c04                __sread
 .text.__swrite
                0x00110c48       0x68 /opt/devkitpro/devkitARM/lib/gcc/arm-none-eabi/16.1.0/../../../../arm-none-eabi/lib/armv6k/fpu/libg.a(libc_a-stdio.o)
                0x00110c48                __swrite
 .text.__sseek  0x00110cb0       0x40 /opt/devkitpro/devkitARM/lib/gcc/arm-none-eabi/16.1.0/../../../../arm-none-eabi/lib/armv6k/fpu/libg.a(libc_a-stdio.o)
                0x00110cb0                __sseek
 .text.__sclose
                0x00110cf0        0x8 /opt/devkitpro/devkitARM/lib/gcc/arm-none-eabi/16.1.0/../../../../arm-none-eabi/lib/armv6k/fpu/libg.a(libc_a-stdio.o)
                0x00110cf0                __sclose
 .text.__malloc_lock
                0x00110cf8        0xc /opt/devkitpro/devkitARM/lib/gcc/arm-none-eabi/16.1.0/../../../../arm-none-eabi/lib/armv6k/fpu/libg.a(libc_a-mlock.o)
                0x00110cf8                __malloc_lock
 .text.__malloc_unlock
                0x00110d04        0xc /opt/devkitpro/devkitARM/lib/gcc/arm-none-eabi/16.1.0/../../../../arm-none-eabi/lib/armv6k/fpu/libg.a(libc_a-mlock.o)
                0x00110d04                __malloc_unlock
 .text._fseeko_r
                0x00110d10      0x588 /opt/devkitpro/devkitARM/lib/gcc/arm-none-eabi/16.1.0/../../../../arm-none-eabi/lib/armv6k/fpu/libg.a(libc_a-fseeko.o)
                0x00110d10                _fseeko_r
 .text._fclose_r
                0x00111298      0x148 /opt/devkitpro/devkitARM/lib/gcc/arm-none-eabi/16.1.0/../../../../arm-none-eabi/lib/armv6k/fpu/libg.a(libc_a-fclose.o)
                0x00111298                _fclose_r
 .text.fclose   0x001113e0       0x20 /opt/devkitpro/devkitARM/lib/gcc/arm-none-eabi/16.1.0/../../../../arm-none-eabi/lib/armv6k/fpu/libg.a(libc_a-fclose.o)
                0x001113e0                fclose
 .text.time     0x00111400       0x48 /opt/devkitpro/devkitARM/lib/gcc/arm-none-eabi/16.1.0/../../../../arm-none-eabi/lib/armv6k/fpu/libg.a(libc_a-time.o)
                0x00111400                time
 .text.__call_exitprocs
                0x00111448        0x4 /opt/devkitpro/devkitARM/lib/gcc/arm-none-eabi/16.1.0/../../../../arm-none-eabi/lib/armv6k/fpu/libg.a(libc_a-exit.o)
                0x00111448                __call_exitprocs
 .text.exit     0x0011144c       0x30 /opt/devkitpro/devkitARM/lib/gcc/arm-none-eabi/16.1.0/../../../../arm-none-eabi/lib/armv6k/fpu/libg.a(libc_a-exit.o)
                0x0011144c                exit
 .text.__sflags
                0x0011147c       0xb8 /opt/devkitpro/devkitARM/lib/gcc/arm-none-eabi/16.1.0/../../../../arm-none-eabi/lib/armv6k/fpu/libg.a(libc_a-flags.o)
                0x0011147c                __sflags
 .text.__libc_fini_array
                0x00111534       0x3c /opt/devkitpro/devkitARM/lib/gcc/arm-none-eabi/16.1.0/../../../../arm-none-eabi/lib/armv6k/fpu/libg.a(libc_a-fini.o)
                0x00111534                __libc_fini_array
 .text.strnlen  0x00111570       0x3c /opt/devkitpro/devkitARM/lib/gcc/arm-none-eabi/16.1.0/../../../../arm-none-eabi/lib/armv6k/fpu/libg.a(libc_a-strnlen.o)
                0x00111570                strnlen
 .text.rewind   0x001115ac       0x2c /opt/devkitpro/devkitARM/lib/gcc/arm-none-eabi/16.1.0/../../../../arm-none-eabi/lib/armv6k/fpu/libg.a(libc_a-rewind.o)
                0x001115ac                rewind
 .text.strncmp  0x001115d8       0xd8 /opt/devkitpro/devkitARM/lib/gcc/arm-none-eabi/16.1.0/../../../../arm-none-eabi/lib/armv6k/fpu/libg.a(libc_a-strncmp.o)
                0x001115d8                strncmp
 .text.lflush   0x001116b0       0x38 /opt/devkitpro/devkitARM/lib/gcc/arm-none-eabi/16.1.0/../../../../arm-none-eabi/lib/armv6k/fpu/libg.a(libc_a-refill.o)
 .text.__srefill_r
                0x001116e8      0x1a8 /opt/devkitpro/devkitARM/lib/gcc/arm-none-eabi/16.1.0/../../../../arm-none-eabi/lib/armv6k/fpu/libg.a(libc_a-refill.o)
                0x001116e8                __srefill_r
 .text._fwalk_sglue
                0x00111890       0x70 /opt/devkitpro/devkitARM/lib/gcc/arm-none-eabi/16.1.0/../../../../arm-none-eabi/lib/armv6k/fpu/libg.a(libc_a-fwalk.o)
                0x00111890                _fwalk_sglue
 .text.get_arg  0x00111900      0x5e0 /opt/devkitpro/devkitARM/lib/gcc/arm-none-eabi/16.1.0/../../../../arm-none-eabi/lib/armv6k/fpu/libg.a(libc_a-vfprintf.o)
 .text._vfprintf_r
                0x00111ee0     0x3554 /opt/devkitpro/devkitARM/lib/gcc/arm-none-eabi/16.1.0/../../../../arm-none-eabi/lib/armv6k/fpu/libg.a(libc_a-vfprintf.o)
                0x00111ee0                _vfprintf_r
 .text.__sbprintf
                0x00115434       0xb4 /opt/devkitpro/devkitARM/lib/gcc/arm-none-eabi/16.1.0/../../../../arm-none-eabi/lib/armv6k/fpu/libg.a(libc_a-vfprintf.o)
 .text._wcrtomb_r
                0x001154e8       0xa0 /opt/devkitpro/devkitARM/lib/gcc/arm-none-eabi/16.1.0/../../../../arm-none-eabi/lib/armv6k/fpu/libg.a(libc_a-wcrtomb.o)
                0x001154e8                _wcrtomb_r
 .text.__locale_mb_cur_max
                0x00115588       0x24 /opt/devkitpro/devkitARM/lib/gcc/arm-none-eabi/16.1.0/../../../../arm-none-eabi/lib/armv6k/fpu/libg.a(libc_a-locale.o)
                0x00115588                __locale_mb_cur_max
 .text.__sprint_r
                0x001155ac       0x30 /opt/devkitpro/devkitARM/lib/gcc/arm-none-eabi/16.1.0/../../../../arm-none-eabi/lib/armv6k/fpu/libg.a(libc_a-sprint_r.o)
                0x001155ac                __sprint_r
 .text.quorem   0x001155dc      0x1c0 /opt/devkitpro/devkitARM/lib/gcc/arm-none-eabi/16.1.0/../../../../arm-none-eabi/lib/armv6k/fpu/libg.a(libc_a-dtoa.o)
 *fill*         0x0011579c        0x4 
 .text._dtoa_r  0x001157a0     0x1420 /opt/devkitpro/devkitARM/lib/gcc/arm-none-eabi/16.1.0/../../../../arm-none-eabi/lib/armv6k/fpu/libg.a(libc_a-dtoa.o)
                0x001157a0                _dtoa_r
 .text.memchr   0x00116bc0       0xe8 /opt/devkitpro/devkitARM/lib/gcc/arm-none-eabi/16.1.0/../../../../arm-none-eabi/lib/armv6k/fpu/libg.a(libc_a-memchr-stub.o)
                0x00116bc0                memchr
 .text._wcsrtombs_r
                0x00116ca8       0x28 /opt/devkitpro/devkitARM/lib/gcc/arm-none-eabi/16.1.0/../../../../arm-none-eabi/lib/armv6k/fpu/libg.a(libc_a-wcsrtombs.o)
                0x00116ca8                _wcsrtombs_r
 .text.__swsetup_r
                0x00116cd0      0x140 /opt/devkitpro/devkitARM/lib/gcc/arm-none-eabi/16.1.0/../../../../arm-none-eabi/lib/armv6k/fpu/libg.a(libc_a-wsetup.o)
                0x00116cd0                __swsetup_r
 .text._localeconv_r
                0x00116e10       0x24 /opt/devkitpro/devkitARM/lib/gcc/arm-none-eabi/16.1.0/../../../../arm-none-eabi/lib/armv6k/fpu/libg.a(libc_a-localeconv.o)
                0x00116e10                _localeconv_r
 .text.__utf8_wctomb
                0x00116e34       0xf8 /opt/devkitpro/devkitARM/lib/gcc/arm-none-eabi/16.1.0/../../../../arm-none-eabi/lib/armv6k/fpu/libg.a(libc_a-wctomb_r.o)
                0x00116e34                __utf8_wctomb
 .text._wcsnrtombs_l
                0x00116f2c      0x15c /opt/devkitpro/devkitARM/lib/gcc/arm-none-eabi/16.1.0/../../../../arm-none-eabi/lib/armv6k/fpu/libg.a(libc_a-wcsnrtombs.o)
                0x00116f2c                _wcsnrtombs_l
 .text._wcsnrtombs_r
                0x00117088       0x64 /opt/devkitpro/devkitARM/lib/gcc/arm-none-eabi/16.1.0/../../../../arm-none-eabi/lib/armv6k/fpu/libg.a(libc_a-wcsnrtombs.o)
                0x00117088                _wcsnrtombs_r
 *fill*         0x001170ec        0x4 
 .text.frexp    0x001170f0       0x88 /opt/devkitpro/devkitARM/lib/gcc/arm-none-eabi/16.1.0/../../../../arm-none-eabi/lib/armv6k/fpu/libg.a(libm_a-s_frexp.o)
                0x001170f0                frexp
 .text.__assert_func
                0x00117178       0x5c /opt/devkitpro/devkitARM/lib/gcc/arm-none-eabi/16.1.0/../../../../arm-none-eabi/lib/armv6k/fpu/libg.a(libc_a-assert.o)
                0x00117178                __assert_func
 .text._Balloc  0x001171d4       0x88 /opt/devkitpro/devkitARM/lib/gcc/arm-none-eabi/16.1.0/../../../../arm-none-eabi/lib/armv6k/fpu/libg.a(libc_a-mprec.o)
                0x001171d4                _Balloc
 .text._Bfree   0x0011725c       0x1c /opt/devkitpro/devkitARM/lib/gcc/arm-none-eabi/16.1.0/../../../../arm-none-eabi/lib/armv6k/fpu/libg.a(libc_a-mprec.o)
                0x0011725c                _Bfree
 .text.__multadd
                0x00117278       0xf4 /opt/devkitpro/devkitARM/lib/gcc/arm-none-eabi/16.1.0/../../../../arm-none-eabi/lib/armv6k/fpu/libg.a(libc_a-mprec.o)
                0x00117278                __multadd
 .text.__hi0bits
                0x0011736c       0x80 /opt/devkitpro/devkitARM/lib/gcc/arm-none-eabi/16.1.0/../../../../arm-none-eabi/lib/armv6k/fpu/libg.a(libc_a-mprec.o)
                0x0011736c                __hi0bits
 .text.__lo0bits
                0x001173ec       0xf0 /opt/devkitpro/devkitARM/lib/gcc/arm-none-eabi/16.1.0/../../../../arm-none-eabi/lib/armv6k/fpu/libg.a(libc_a-mprec.o)
                0x001173ec                __lo0bits
 .text.__i2b    0x001174dc       0xa4 /opt/devkitpro/devkitARM/lib/gcc/arm-none-eabi/16.1.0/../../../../arm-none-eabi/lib/armv6k/fpu/libg.a(libc_a-mprec.o)
                0x001174dc                __i2b
 .text.__multiply
                0x00117580      0x230 /opt/devkitpro/devkitARM/lib/gcc/arm-none-eabi/16.1.0/../../../../arm-none-eabi/lib/armv6k/fpu/libg.a(libc_a-mprec.o)
                0x00117580                __multiply
 .text.__pow5mult
                0x001177b0      0x130 /opt/devkitpro/devkitARM/lib/gcc/arm-none-eabi/16.1.0/../../../../arm-none-eabi/lib/armv6k/fpu/libg.a(libc_a-mprec.o)
                0x001177b0                __pow5mult
 .text.__lshift
                0x001178e0      0x138 /opt/devkitpro/devkitARM/lib/gcc/arm-none-eabi/16.1.0/../../../../arm-none-eabi/lib/armv6k/fpu/libg.a(libc_a-mprec.o)
                0x001178e0                __lshift
 .text.__mcmp   0x00117a18       0x58 /opt/devkitpro/devkitARM/lib/gcc/arm-none-eabi/16.1.0/../../../../arm-none-eabi/lib/armv6k/fpu/libg.a(libc_a-mprec.o)
                0x00117a18                __mcmp
 .text.__mdiff  0x00117a70      0x218 /opt/devkitpro/devkitARM/lib/gcc/arm-none-eabi/16.1.0/../../../../arm-none-eabi/lib/armv6k/fpu/libg.a(libc_a-mprec.o)
                0x00117a70                __mdiff
 .text.__d2b    0x00117c88      0x120 /opt/devkitpro/devkitARM/lib/gcc/arm-none-eabi/16.1.0/../../../../arm-none-eabi/lib/armv6k/fpu/libg.a(libc_a-mprec.o)
                0x00117c88                __d2b
 .text.__utf8_mbtowc
                0x00117da8      0x340 /opt/devkitpro/devkitARM/lib/gcc/arm-none-eabi/16.1.0/../../../../arm-none-eabi/lib/armv6k/fpu/libg.a(libc_a-mbtowc_r.o)
                0x00117da8                __utf8_mbtowc
 .text.fiprintf
                0x001180e8       0x3c /opt/devkitpro/devkitARM/lib/gcc/arm-none-eabi/16.1.0/../../../../arm-none-eabi/lib/armv6k/fpu/libg.a(libc_a-fiprintf.o)
                0x001180e8                fiprintf
 .text.__sfvwrite_r
                0x00118124      0x4a4 /opt/devkitpro/devkitARM/lib/gcc/arm-none-eabi/16.1.0/../../../../arm-none-eabi/lib/armv6k/fpu/libg.a(libc_a-fvwrite.o)
                0x00118124                __sfvwrite_r
 .text.abort    0x001185c8       0x14 /opt/devkitpro/devkitARM/lib/gcc/arm-none-eabi/16.1.0/../../../../arm-none-eabi/lib/armv6k/fpu/libg.a(libc_a-abort.o)
                0x001185c8                abort
 .text._calloc_r
                0x001185dc       0xd8 /opt/devkitpro/devkitARM/lib/gcc/arm-none-eabi/16.1.0/../../../../arm-none-eabi/lib/armv6k/fpu/libg.a(libc_a-callocr.o)
                0x001185dc                _calloc_r
 .text.memmove  0x001186b4      0x1a8 /opt/devkitpro/devkitARM/lib/gcc/arm-none-eabi/16.1.0/../../../../arm-none-eabi/lib/armv6k/fpu/libg.a(libc_a-memmove.o)
                0x001186b4                memmove
 .text._realloc_r
                0x0011885c      0x4f0 /opt/devkitpro/devkitARM/lib/gcc/arm-none-eabi/16.1.0/../../../../arm-none-eabi/lib/armv6k/fpu/libg.a(libc_a-reallocr.o)
                0x0011885c                _realloc_r
 .text.get_arg  0x00118d4c      0x5e0 /opt/devkitpro/devkitARM/lib/gcc/arm-none-eabi/16.1.0/../../../../arm-none-eabi/lib/armv6k/fpu/libg.a(libc_a-vfiprintf.o)
 .text._vfiprintf_r
                0x0011932c     0x22f8 /opt/devkitpro/devkitARM/lib/gcc/arm-none-eabi/16.1.0/../../../../arm-none-eabi/lib/armv6k/fpu/libg.a(libc_a-vfiprintf.o)
                0x0011932c                _vfiprintf_r
 .text.__sbprintf
                0x0011b624       0xb4 /opt/devkitpro/devkitARM/lib/gcc/arm-none-eabi/16.1.0/../../../../arm-none-eabi/lib/armv6k/fpu/libg.a(libc_a-vfiprintf.o)
 .text._raise_r
                0x0011b6d8       0x9c /opt/devkitpro/devkitARM/lib/gcc/arm-none-eabi/16.1.0/../../../../arm-none-eabi/lib/armv6k/fpu/libg.a(libc_a-signal.o)
                0x0011b6d8                _raise_r
 .text.raise    0x0011b774       0x20 /opt/devkitpro/devkitARM/lib/gcc/arm-none-eabi/16.1.0/../../../../arm-none-eabi/lib/armv6k/fpu/libg.a(libc_a-signal.o)
                0x0011b774                raise
 .text._exit    0x0011b794       0x20 /opt/devkitpro/devkitARM/lib/gcc/arm-none-eabi/16.1.0/../../../../arm-none-eabi/lib/armv6k/fpu/libsysbase.a(libsysbase_libsysbase_a-_exit.o)
                0x0011b794                _exit
 .text.chdir    0x0011b7b4      0x140 /opt/devkitpro/devkitARM/lib/gcc/arm-none-eabi/16.1.0/../../../../arm-none-eabi/lib/armv6k/fpu/libsysbase.a(libsysbase_libsysbase_a-chdir.o)
                0x0011b7b4                chdir
 .text._concatenate_path
                0x0011b8f4      0x1c8 /opt/devkitpro/devkitARM/lib/gcc/arm-none-eabi/16.1.0/../../../../arm-none-eabi/lib/armv6k/fpu/libsysbase.a(libsysbase_libsysbase_a-concatenate.o)
                0x0011b8f4                _concatenate_path
 .text._fstat_r
                0x0011babc       0x9c /opt/devkitpro/devkitARM/lib/gcc/arm-none-eabi/16.1.0/../../../../arm-none-eabi/lib/armv6k/fpu/libsysbase.a(libsysbase_libsysbase_a-fstat.o)
                0x0011babc                _fstat_r
 .text._getpid_r
                0x0011bb58       0x14 /opt/devkitpro/devkitARM/lib/gcc/arm-none-eabi/16.1.0/../../../../arm-none-eabi/lib/armv6k/fpu/libsysbase.a(libsysbase_libsysbase_a-getpid.o)
                0x0011bb58                _getpid_r
 .text.__getreent
                0x0011bb6c       0x2c /opt/devkitpro/devkitARM/lib/gcc/arm-none-eabi/16.1.0/../../../../arm-none-eabi/lib/armv6k/fpu/libsysbase.a(libsysbase_libsysbase_a-getreent.o)
                0x0011bb6c                __getreent
 .text._gettimeofday_r
                0x0011bb98       0x30 /opt/devkitpro/devkitARM/lib/gcc/arm-none-eabi/16.1.0/../../../../arm-none-eabi/lib/armv6k/fpu/libsysbase.a(libsysbase_libsysbase_a-gettod.o)
                0x0011bb98                _gettimeofday_r
 .text.__release_handle
                0x0011bbc8       0xa0 /opt/devkitpro/devkitARM/lib/gcc/arm-none-eabi/16.1.0/../../../../arm-none-eabi/lib/armv6k/fpu/libsysbase.a(libsysbase_libsysbase_a-handle_manager.o)
                0x0011bbc8                __release_handle
 .text.__alloc_handle
                0x0011bc68       0xb0 /opt/devkitpro/devkitARM/lib/gcc/arm-none-eabi/16.1.0/../../../../arm-none-eabi/lib/armv6k/fpu/libsysbase.a(libsysbase_libsysbase_a-handle_manager.o)
                0x0011bc68                __alloc_handle
 .text.__get_handle
                0x0011bd18       0x58 /opt/devkitpro/devkitARM/lib/gcc/arm-none-eabi/16.1.0/../../../../arm-none-eabi/lib/armv6k/fpu/libsysbase.a(libsysbase_libsysbase_a-handle_manager.o)
                0x0011bd18                __get_handle
 .text._close_r
                0x0011bd70      0x110 /opt/devkitpro/devkitARM/lib/gcc/arm-none-eabi/16.1.0/../../../../arm-none-eabi/lib/armv6k/fpu/libsysbase.a(libsysbase_libsysbase_a-handle_manager.o)
                0x0011bd70                _close_r
 .text.null_write
                0x0011be80        0x8 /opt/devkitpro/devkitARM/lib/gcc/arm-none-eabi/16.1.0/../../../../arm-none-eabi/lib/armv6k/fpu/libsysbase.a(libsysbase_libsysbase_a-iosupport.o)
 .text.setDefaultDevice
                0x0011be88       0x18 /opt/devkitpro/devkitARM/lib/gcc/arm-none-eabi/16.1.0/../../../../arm-none-eabi/lib/armv6k/fpu/libsysbase.a(libsysbase_libsysbase_a-iosupport.o)
                0x0011be88                setDefaultDevice
 .text.FindDevice
                0x0011bea0       0x98 /opt/devkitpro/devkitARM/lib/gcc/arm-none-eabi/16.1.0/../../../../arm-none-eabi/lib/armv6k/fpu/libsysbase.a(libsysbase_libsysbase_a-iosupport.o)
                0x0011bea0                FindDevice
 .text.RemoveDevice
                0x0011bf38       0x24 /opt/devkitpro/devkitARM/lib/gcc/arm-none-eabi/16.1.0/../../../../arm-none-eabi/lib/armv6k/fpu/libsysbase.a(libsysbase_libsysbase_a-iosupport.o)
                0x0011bf38                RemoveDevice
 .text.AddDevice
                0x0011bf5c       0x88 /opt/devkitpro/devkitARM/lib/gcc/arm-none-eabi/16.1.0/../../../../arm-none-eabi/lib/armv6k/fpu/libsysbase.a(libsysbase_libsysbase_a-iosupport.o)
                0x0011bf5c                AddDevice
 .text.GetDeviceOpTab
                0x0011bfe4       0x20 /opt/devkitpro/devkitARM/lib/gcc/arm-none-eabi/16.1.0/../../../../arm-none-eabi/lib/armv6k/fpu/libsysbase.a(libsysbase_libsysbase_a-iosupport.o)
                0x0011bfe4                GetDeviceOpTab
 .text._isatty_r
                0x0011c004        0x8 /opt/devkitpro/devkitARM/lib/gcc/arm-none-eabi/16.1.0/../../../../arm-none-eabi/lib/armv6k/fpu/libsysbase.a(libsysbase_libsysbase_a-isatty.o)
                0x0011c004                _isatty_r
 .text._kill_r  0x0011c00c       0x14 /opt/devkitpro/devkitARM/lib/gcc/arm-none-eabi/16.1.0/../../../../arm-none-eabi/lib/armv6k/fpu/libsysbase.a(libsysbase_libsysbase_a-kill.o)
                0x0011c00c                _kill_r
 .text._lseek_r
                0x0011c020       0x94 /opt/devkitpro/devkitARM/lib/gcc/arm-none-eabi/16.1.0/../../../../arm-none-eabi/lib/armv6k/fpu/libsysbase.a(libsysbase_libsysbase_a-lseek.o)
                0x0011c020                _lseek_r
 .text._open_r  0x0011c0b4       0xc0 /opt/devkitpro/devkitARM/lib/gcc/arm-none-eabi/16.1.0/../../../../arm-none-eabi/lib/armv6k/fpu/libsysbase.a(libsysbase_libsysbase_a-open.o)
                0x0011c0b4                _open_r
 .text._read_r  0x0011c174       0x94 /opt/devkitpro/devkitARM/lib/gcc/arm-none-eabi/16.1.0/../../../../arm-none-eabi/lib/armv6k/fpu/libsysbase.a(libsysbase_libsysbase_a-read.o)
                0x0011c174                _read_r
 .text._sbrk_r  0x0011c208       0x78 /opt/devkitpro/devkitARM/lib/gcc/arm-none-eabi/16.1.0/../../../../arm-none-eabi/lib/armv6k/fpu/libsysbase.a(libsysbase_libsysbase_a-sbrk.o)
                0x0011c208                _sbrk_r
 .text.__libc_lock_acquire
                0x0011c280       0x1c /opt/devkitpro/devkitARM/lib/gcc/arm-none-eabi/16.1.0/../../../../arm-none-eabi/lib/armv6k/fpu/libsysbase.a(libsysbase_libsysbase_a-syscall_support.o)
                0x0011c280                __libc_lock_acquire
 .text.__libc_lock_release
                0x0011c29c       0x1c /opt/devkitpro/devkitARM/lib/gcc/arm-none-eabi/16.1.0/../../../../arm-none-eabi/lib/armv6k/fpu/libsysbase.a(libsysbase_libsysbase_a-syscall_support.o)
                0x0011c29c                __libc_lock_release
 .text.__libc_lock_acquire_recursive
                0x0011c2b8       0x1c /opt/devkitpro/devkitARM/lib/gcc/arm-none-eabi/16.1.0/../../../../arm-none-eabi/lib/armv6k/fpu/libsysbase.a(libsysbase_libsysbase_a-syscall_support.o)
                0x0011c2b8                __libc_lock_acquire_recursive
 .text.__libc_lock_release_recursive
                0x0011c2d4       0x1c /opt/devkitpro/devkitARM/lib/gcc/arm-none-eabi/16.1.0/../../../../arm-none-eabi/lib/armv6k/fpu/libsysbase.a(libsysbase_libsysbase_a-syscall_support.o)
                0x0011c2d4                __libc_lock_release_recursive
 .text._write_r
                0x0011c2f0       0x94 /opt/devkitpro/devkitARM/lib/gcc/arm-none-eabi/16.1.0/../../../../arm-none-eabi/lib/armv6k/fpu/libsysbase.a(libsysbase_libsysbase_a-write.o)
                0x0011c2f0                _write_r
 .text.strrchr  0x0011c384       0x48 /opt/devkitpro/devkitARM/lib/gcc/arm-none-eabi/16.1.0/../../../../arm-none-eabi/lib/armv6k/fpu/libg.a(libc_a-strrchr.o)
                0x0011c384                strrchr
 *(.glue_7)
 .glue_7        0x0011c3cc        0x0 linker stubs
 *(.glue_7t)
 .glue_7t       0x0011c3cc        0x0 linker stubs
 *(.stub)
 *(.gnu.warning)
 *(.gnu.linkonce.t*)
                0x0011c3cc                        . = ALIGN (0x4)
 *(.fini)
 .fini          0x0011c3cc        0xc /opt/devkitpro/devkitARM/lib/gcc/arm-none-eabi/16.1.0/armv6k/fpu/crti.o
                0x0011c3cc                _fini
 .fini          0x0011c3d8        0xc /opt/devkitpro/devkitARM/lib/gcc/arm-none-eabi/16.1.0/armv6k/fpu/crtn.o
                0x0011c3e4                        . = ALIGN (0x4)

.vfp11_veneer   0x0011c3e4        0x0
 .vfp11_veneer  0x0011c3e4        0x0 linker stubs

.v4_bx          0x0011c3e4        0x0
 .v4_bx         0x0011c3e4        0x0 linker stubs

.iplt           0x0011c3e4        0x0
 .iplt          0x0011c3e4        0x0 /opt/devkitpro/devkitARM/lib/gcc/arm-none-eabi/16.1.0/../../../../arm-none-eabi/lib/armv6k/fpu/3dsx_crt0.o
                0x0011d000                        . = ALIGN (0x1000)

.rodata         0x0011d000    0x39a60
 *(.rodata)
 .rodata        0x0011d000        0xc /opt/devkitpro/libctru/lib/libctru.a(romfs_dev.o)
 .rodata        0x0011d00c       0x18 /opt/devkitpro/libctru/lib/libctru.a(ndsp.o)
 .rodata        0x0011d024        0xc /opt/devkitpro/libctru/lib/libctru.a(archive_dev.o)
 *(.roda)
 *(.rodata.*)
 .rodata.meme_raw_bin
                0x0011d030    0x38400 meme_raw.bin.o
                0x0011d030                meme_raw_bin
                0x00155430                meme_raw_bin_end
 .rodata.str1.4
                0x00155430      0x2e1 main.o
                                 0x64 (size before relaxing)
 .rodata.consolePrintChar
                0x00155711        0x6 /opt/devkitpro/libctru/lib/libctru.a(console.o)
 *fill*         0x00155717        0x1 
 .rodata.con_write
                0x00155718      0x23c /opt/devkitpro/libctru/lib/libctru.a(console.o)
 .rodata.str1.4
                0x00155954        0x0 /opt/devkitpro/libctru/lib/libctru.a(console.o)
                                 0x10 (size before relaxing)
 .rodata.dotab_stdout
                0x00155954       0x80 /opt/devkitpro/libctru/lib/libctru.a(console.o)
 .rodata.grayScale
                0x001559d4       0x18 /opt/devkitpro/libctru/lib/libctru.a(console.o)
 .rodata.colorCube
                0x001559ec        0x6 /opt/devkitpro/libctru/lib/libctru.a(console.o)
 *fill*         0x001559f2        0x2 
 .rodata.colorTable
                0x001559f4       0x30 /opt/devkitpro/libctru/lib/libctru.a(console.o)
 .rodata.romfs_dirnext.str1.4
                0x00155a24        0x0 /opt/devkitpro/libctru/lib/libctru.a(romfs_dev.o)
                                  0x7 (size before relaxing)
 .rodata.romfsMountSelf.str1.4
                0x00155a24        0x0 /opt/devkitpro/libctru/lib/libctru.a(romfs_dev.o)
                                 0x19 (size before relaxing)
 .rodata.str1.4
                0x00155a24        0x0 /opt/devkitpro/libctru/lib/libctru.a(romfs_dev.o)
                                  0x1 (size before relaxing)
 .rodata.romFS_devoptab
                0x00155a24       0x80 /opt/devkitpro/libctru/lib/libctru.a(romfs_dev.o)
 .rodata.ndspInit.str1.4
                0x00155aa4        0x0 /opt/devkitpro/libctru/lib/libctru.a(ndsp.o)
                                  0x8 (size before relaxing)
 .rodata.dsp_filename.0
                0x00155aa4       0x11 /opt/devkitpro/libctru/lib/libctru.a(ndsp.o)
 .rodata.str1.4
                0x00155ab5        0x0 /opt/devkitpro/libctru/lib/libctru.a(ndsp.o)
                                  0x1 (size before relaxing)
 .rodata.aptEventHandler
                0x00155ab5        0xb /opt/devkitpro/libctru/lib/libctru.a(apt.o)
 .rodata.aptWaitForWakeUp.isra.0
                0x00155ac0       0x11 /opt/devkitpro/libctru/lib/libctru.a(apt.o)
 *fill*         0x00155ad1        0x3 
 .rodata.morton_y.2
                0x00155ad4        0x8 /opt/devkitpro/libctru/lib/libctru.a(apt.o)
 .rodata.morton_x.3
                0x00155adc        0x8 /opt/devkitpro/libctru/lib/libctru.a(apt.o)
 .rodata.s_sleepWakeEvents.4
                0x00155ae4        0x8 /opt/devkitpro/libctru/lib/libctru.a(apt.o)
 .rodata.str1.4
                0x00155aec        0x0 /opt/devkitpro/libctru/lib/libctru.a(apt.o)
                                 0x16 (size before relaxing)
 .rodata.serviceNameTable.5
                0x00155aec        0xc /opt/devkitpro/libctru/lib/libctru.a(apt.o)
 .rodata.cfguInit.str1.4
                0x00155af8        0x0 /opt/devkitpro/libctru/lib/libctru.a(cfgu.o)
                                 0x16 (size before relaxing)
 .rodata.dspInit.str1.4
                0x00155af8        0x0 /opt/devkitpro/libctru/lib/libctru.a(dsp.o)
                                  0x9 (size before relaxing)
 .rodata.fsInit.str1.4
                0x00155af8        0x0 /opt/devkitpro/libctru/lib/libctru.a(fs.o)
                                  0x8 (size before relaxing)
 .rodata.gspInit.str1.4
                0x00155af8        0x0 /opt/devkitpro/libctru/lib/libctru.a(gspgpu.o)
                                  0x9 (size before relaxing)
 .rodata.hidInit.str1.4
                0x00155af8        0x0 /opt/devkitpro/libctru/lib/libctru.a(hid.o)
                                 0x15 (size before relaxing)
 .rodata.irrstInit.str1.4
                0x00155af8        0x0 /opt/devkitpro/libctru/lib/libctru.a(irrst.o)
                                  0x7 (size before relaxing)
 .rodata.__system_initArgv.str1.4
                0x00155af8        0x0 /opt/devkitpro/libctru/lib/libctru.a(initArgv.o)
                                  0xa (size before relaxing)
 .rodata.default_font_bin
                0x00155af8      0x800 /opt/devkitpro/libctru/lib/libctru.a(default_font.bin.o)
                0x00155af8                default_font_bin
                0x001562f8                default_font_bin_end
 .rodata.srvInit.str1.4
                0x001562f8        0x0 /opt/devkitpro/libctru/lib/libctru.a(srv.o)
                                  0x5 (size before relaxing)
 .rodata.ptmSysmInit.str1.4
                0x001562f8        0x0 /opt/devkitpro/libctru/lib/libctru.a(ptmsysm.o)
                                  0x9 (size before relaxing)
 .rodata.archive_utf16path.str1.4
                0x001562f8        0x0 /opt/devkitpro/libctru/lib/libctru.a(archive_dev.o)
                                  0x2 (size before relaxing)
 .rodata._archiveUnmountDeviceStruct.part.0.str1.4
                0x001562f8        0x0 /opt/devkitpro/libctru/lib/libctru.a(archive_dev.o)
                                  0x2 (size before relaxing)
 .rodata._archiveMountDevice.str1.4
                0x001562f8        0x0 /opt/devkitpro/libctru/lib/libctru.a(archive_dev.o)
                                  0xc (size before relaxing)
 .rodata.archiveMountSdmc.str1.4
                0x001562f8        0x0 /opt/devkitpro/libctru/lib/libctru.a(archive_dev.o)
                                  0x5 (size before relaxing)
 .rodata.error_table
                0x001562f8       0x30 /opt/devkitpro/libctru/lib/libctru.a(archive_dev.o)
 .rodata.str1.4
                0x00156328        0x0 /opt/devkitpro/libctru/lib/libctru.a(archive_dev.o)
                                  0x8 (size before relaxing)
 .rodata.archive_devoptab
                0x00156328       0x80 /opt/devkitpro/libctru/lib/libctru.a(archive_dev.o)
 .rodata._ctype_
                0x001563a8      0x101 /opt/devkitpro/devkitARM/lib/gcc/arm-none-eabi/16.1.0/../../../../arm-none-eabi/lib/armv6k/fpu/libg.a(libc_a-ctype_.o)
                0x001563a8                _ctype_
 *fill*         0x001564a9        0x1 
 .rodata.get_arg
                0x001564aa       0x34 /opt/devkitpro/devkitARM/lib/gcc/arm-none-eabi/16.1.0/../../../../arm-none-eabi/lib/armv6k/fpu/libg.a(libc_a-vfprintf.o)
 .rodata._vfprintf_r.str1.1
                0x001564de       0x3b /opt/devkitpro/devkitARM/lib/gcc/arm-none-eabi/16.1.0/../../../../arm-none-eabi/lib/armv6k/fpu/libg.a(libc_a-vfprintf.o)
 *fill*         0x00156519        0x1 
 .rodata._vfprintf_r
                0x0015651a       0xb6 /opt/devkitpro/devkitARM/lib/gcc/arm-none-eabi/16.1.0/../../../../arm-none-eabi/lib/armv6k/fpu/libg.a(libc_a-vfprintf.o)
 .rodata.zeroes.0
                0x001565d0       0x10 /opt/devkitpro/devkitARM/lib/gcc/arm-none-eabi/16.1.0/../../../../arm-none-eabi/lib/armv6k/fpu/libg.a(libc_a-vfprintf.o)
 .rodata.blanks.1
                0x001565e0       0x10 /opt/devkitpro/devkitARM/lib/gcc/arm-none-eabi/16.1.0/../../../../arm-none-eabi/lib/armv6k/fpu/libg.a(libc_a-vfprintf.o)
 .rodata.__action_table
                0x001565f0       0x6c /opt/devkitpro/devkitARM/lib/gcc/arm-none-eabi/16.1.0/../../../../arm-none-eabi/lib/armv6k/fpu/libg.a(libc_a-svfiprintf.o)
                0x001565f0                __action_table
 .rodata.__state_table
                0x0015665c       0x6c /opt/devkitpro/devkitARM/lib/gcc/arm-none-eabi/16.1.0/../../../../arm-none-eabi/lib/armv6k/fpu/libg.a(libc_a-svfiprintf.o)
                0x0015665c                __state_table
 .rodata.__chclass
                0x001566c8      0x100 /opt/devkitpro/devkitARM/lib/gcc/arm-none-eabi/16.1.0/../../../../arm-none-eabi/lib/armv6k/fpu/libg.a(libc_a-svfiprintf.o)
                0x001566c8                __chclass
 .rodata.str1.4
                0x001567c8        0x0 /opt/devkitpro/devkitARM/lib/gcc/arm-none-eabi/16.1.0/../../../../arm-none-eabi/lib/armv6k/fpu/libg.a(libc_a-locale.o)
                                 0x4c (size before relaxing)
 .rodata._dtoa_r.str1.4
                0x001567c8        0x0 /opt/devkitpro/devkitARM/lib/gcc/arm-none-eabi/16.1.0/../../../../arm-none-eabi/lib/armv6k/fpu/libg.a(libc_a-dtoa.o)
                                 0x9c (size before relaxing)
 .rodata._dtoa_r
                0x001567c8        0x8 /opt/devkitpro/devkitARM/lib/gcc/arm-none-eabi/16.1.0/../../../../arm-none-eabi/lib/armv6k/fpu/libg.a(libc_a-dtoa.o)
 .rodata.__assert_func.str1.4
                0x001567d0        0x0 /opt/devkitpro/devkitARM/lib/gcc/arm-none-eabi/16.1.0/../../../../arm-none-eabi/lib/armv6k/fpu/libg.a(libc_a-assert.o)
                                 0x43 (size before relaxing)
 .rodata.__multadd.str1.4
                0x001567d0        0x0 /opt/devkitpro/devkitARM/lib/gcc/arm-none-eabi/16.1.0/../../../../arm-none-eabi/lib/armv6k/fpu/libg.a(libc_a-mprec.o)
                                 0x89 (size before relaxing)
 .rodata.p05.0  0x001567d0        0xc /opt/devkitpro/devkitARM/lib/gcc/arm-none-eabi/16.1.0/../../../../arm-none-eabi/lib/armv6k/fpu/libg.a(libc_a-mprec.o)
 *fill*         0x001567dc        0x4 
 .rodata.__mprec_bigtens
                0x001567e0       0x28 /opt/devkitpro/devkitARM/lib/gcc/arm-none-eabi/16.1.0/../../../../arm-none-eabi/lib/armv6k/fpu/libg.a(libc_a-mprec.o)
                0x001567e0                __mprec_bigtens
 .rodata.__mprec_tens
                0x00156808       0xc8 /opt/devkitpro/devkitARM/lib/gcc/arm-none-eabi/16.1.0/../../../../arm-none-eabi/lib/armv6k/fpu/libg.a(libc_a-mprec.o)
                0x00156808                __mprec_tens
 .rodata.get_arg
                0x001568d0       0x34 /opt/devkitpro/devkitARM/lib/gcc/arm-none-eabi/16.1.0/../../../../arm-none-eabi/lib/armv6k/fpu/libg.a(libc_a-vfiprintf.o)
 .rodata._vfiprintf_r.str1.1
                0x00156904        0x0 /opt/devkitpro/devkitARM/lib/gcc/arm-none-eabi/16.1.0/../../../../arm-none-eabi/lib/armv6k/fpu/libg.a(libc_a-vfiprintf.o)
                                 0x29 (size before relaxing)
 .rodata._vfiprintf_r
                0x00156904       0xb6 /opt/devkitpro/devkitARM/lib/gcc/arm-none-eabi/16.1.0/../../../../arm-none-eabi/lib/armv6k/fpu/libg.a(libc_a-vfiprintf.o)
 *fill*         0x001569ba        0x2 
 .rodata.zeroes.0
                0x001569bc       0x10 /opt/devkitpro/devkitARM/lib/gcc/arm-none-eabi/16.1.0/../../../../arm-none-eabi/lib/armv6k/fpu/libg.a(libc_a-vfiprintf.o)
 .rodata.blanks.1
                0x001569cc       0x10 /opt/devkitpro/devkitARM/lib/gcc/arm-none-eabi/16.1.0/../../../../arm-none-eabi/lib/armv6k/fpu/libg.a(libc_a-vfiprintf.o)
 .rodata.str1.4
                0x001569dc        0x0 /opt/devkitpro/devkitARM/lib/gcc/arm-none-eabi/16.1.0/../../../../arm-none-eabi/lib/armv6k/fpu/libsysbase.a(libsysbase_libsysbase_a-iosupport.o)
                                  0x8 (size before relaxing)
 .rodata.dotab_stdnull
                0x001569dc       0x80 /opt/devkitpro/devkitARM/lib/gcc/arm-none-eabi/16.1.0/../../../../arm-none-eabi/lib/armv6k/fpu/libsysbase.a(libsysbase_libsysbase_a-iosupport.o)
                0x001569dc                dotab_stdnull
 *all.rodata*(*)
 *(.gnu.linkonce.r*)
                0x00156a5c                        . = ALIGN (0x4)
                0x00156a5c                        __tdata_align = .
                0x00156a5c        0x4 LONG 0x4 ALIGNOF (.tdata)
                0x00156a60                        . = ALIGN (0x4)

.eh_frame       0x00156a60        0x0
 .eh_frame      0x00156a60        0x0 /opt/devkitpro/devkitARM/lib/gcc/arm-none-eabi/16.1.0/armv6k/fpu/crtbegin.o

.rel.dyn        0x00156a60        0x0
 .rel.iplt      0x00156a60        0x0 /opt/devkitpro/devkitARM/lib/gcc/arm-none-eabi/16.1.0/../../../../arm-none-eabi/lib/armv6k/fpu/3dsx_crt0.o
 .rel.got       0x00156a60        0x0 /opt/devkitpro/devkitARM/lib/gcc/arm-none-eabi/16.1.0/../../../../arm-none-eabi/lib/armv6k/fpu/3dsx_crt0.o

.ARM.extab
 *(.ARM.extab* .gnu.linkonce.armextab.*)
                0x00156a60                        __exidx_start = .

.ARM.exidx
 *(.ARM.exidx* .gnu.linkonce.armexidx.*)
                0x00156a60                        __exidx_end = .
                0x00157000                        . = ALIGN (0x1000)

.data           0x00157000     0x1d8c
 *(.data)
 *(.data.*)
 .data.firstConsoleInit.0
                0x00157000        0x1 /opt/devkitpro/libctru/lib/libctru.a(console.o)
 *fill*         0x00157001        0x3 
 .data.currentConsole
                0x00157004        0x4 /opt/devkitpro/libctru/lib/libctru.a(console.o)
                0x00157004                currentConsole
 .data.defaultConsole
                0x00157008       0x48 /opt/devkitpro/libctru/lib/libctru.a(console.o)
                0x00157008                defaultConsole
 .data.aptChainloadDeliverArgSize
                0x00157050        0x4 /opt/devkitpro/libctru/lib/libctru.a(apt.o)
 .data.kCount   0x00157054        0x4 /opt/devkitpro/libctru/lib/libctru.a(hid.o)
 .data.kInterval
                0x00157058        0x4 /opt/devkitpro/libctru/lib/libctru.a(hid.o)
 .data.kDelay   0x0015705c        0x4 /opt/devkitpro/libctru/lib/libctru.a(hid.o)
 .data.__stacksize__
                0x00157060        0x4 /opt/devkitpro/libctru/lib/libctru.a(stack_adjust.o)
                0x00157060                __stacksize__
 .data._impure_ptr
                0x00157064        0x4 /opt/devkitpro/devkitARM/lib/gcc/arm-none-eabi/16.1.0/../../../../arm-none-eabi/lib/armv6k/fpu/libg.a(libc_a-impure.o)
                0x00157064                _impure_ptr
 .data._impure_data
                0x00157068      0x200 /opt/devkitpro/devkitARM/lib/gcc/arm-none-eabi/16.1.0/../../../../arm-none-eabi/lib/armv6k/fpu/libg.a(libc_a-impure.o)
                0x00157068                _impure_data
 .data.__malloc_sbrk_base
                0x00157268        0x4 /opt/devkitpro/devkitARM/lib/gcc/arm-none-eabi/16.1.0/../../../../arm-none-eabi/lib/armv6k/fpu/libg.a(libc_a-mallocr.o)
                0x00157268                __malloc_sbrk_base
 .data.__malloc_trim_threshold
                0x0015726c        0x4 /opt/devkitpro/devkitARM/lib/gcc/arm-none-eabi/16.1.0/../../../../arm-none-eabi/lib/armv6k/fpu/libg.a(libc_a-mallocr.o)
                0x0015726c                __malloc_trim_threshold
 .data.__malloc_av_
                0x00157270      0x408 /opt/devkitpro/devkitARM/lib/gcc/arm-none-eabi/16.1.0/../../../../arm-none-eabi/lib/armv6k/fpu/libg.a(libc_a-mallocr.o)
                0x00157270                __malloc_av_
 .data.__sglue  0x00157678        0xc /opt/devkitpro/devkitARM/lib/gcc/arm-none-eabi/16.1.0/../../../../arm-none-eabi/lib/armv6k/fpu/libg.a(libc_a-findfp.o)
                0x00157678                __sglue
 .data.__global_locale
                0x00157684      0x254 /opt/devkitpro/devkitARM/lib/gcc/arm-none-eabi/16.1.0/../../../../arm-none-eabi/lib/armv6k/fpu/libg.a(libc_a-locale.o)
                0x00157684                __global_locale
 .data._current_working_directory
                0x001578d8      0x400 /opt/devkitpro/devkitARM/lib/gcc/arm-none-eabi/16.1.0/../../../../arm-none-eabi/lib/armv6k/fpu/libsysbase.a(libsysbase_libsysbase_a-chdir.o)
 .data.handles  0x00157cd8     0x1000 /opt/devkitpro/devkitARM/lib/gcc/arm-none-eabi/16.1.0/../../../../arm-none-eabi/lib/armv6k/fpu/libsysbase.a(libsysbase_libsysbase_a-handle_manager.o)
 .data.__stderr_handle
                0x00158cd8        0xc /opt/devkitpro/devkitARM/lib/gcc/arm-none-eabi/16.1.0/../../../../arm-none-eabi/lib/armv6k/fpu/libsysbase.a(libsysbase_libsysbase_a-handle_manager.o)
 .data.__stdout_handle
                0x00158ce4        0xc /opt/devkitpro/devkitARM/lib/gcc/arm-none-eabi/16.1.0/../../../../arm-none-eabi/lib/armv6k/fpu/libsysbase.a(libsysbase_libsysbase_a-handle_manager.o)
 .data.__stdin_handle
                0x00158cf0        0xc /opt/devkitpro/devkitARM/lib/gcc/arm-none-eabi/16.1.0/../../../../arm-none-eabi/lib/armv6k/fpu/libsysbase.a(libsysbase_libsysbase_a-handle_manager.o)
 .data.devoptab_list
                0x00158cfc       0x8c /opt/devkitpro/devkitARM/lib/gcc/arm-none-eabi/16.1.0/../../../../arm-none-eabi/lib/armv6k/fpu/libsysbase.a(libsysbase_libsysbase_a-iosupport.o)
                0x00158cfc                devoptab_list
 .data.defaultDevice
                0x00158d88        0x4 /opt/devkitpro/devkitARM/lib/gcc/arm-none-eabi/16.1.0/../../../../arm-none-eabi/lib/armv6k/fpu/libsysbase.a(libsysbase_libsysbase_a-iosupport.o)
 *(.gnu.linkonce.d*)
                0x00158d8c                        . = ALIGN (0x4)

.igot.plt       0x00158d8c        0x0
 .igot.plt      0x00158d8c        0x0 /opt/devkitpro/devkitARM/lib/gcc/arm-none-eabi/16.1.0/../../../../arm-none-eabi/lib/armv6k/fpu/3dsx_crt0.o

.got            0x00158d8c        0x8
 .got           0x00158d8c        0x8 /opt/devkitpro/devkitARM/lib/gcc/arm-none-eabi/16.1.0/../../../../arm-none-eabi/lib/armv6k/fpu/3dsx_crt0.o

.got.plt        0x00158d94        0xc
 .got.plt       0x00158d94        0xc /opt/devkitpro/devkitARM/lib/gcc/arm-none-eabi/16.1.0/../../../../arm-none-eabi/lib/armv6k/fpu/3dsx_crt0.o
                0x00158d94                _GLOBAL_OFFSET_TABLE_

.tdata          0x00158da0        0x0
                0x00158da0                        __tdata_lma = .
 *(.tdata)
 *(.tdata.*)
 *(.gnu.linkonce.td.*)
                0x00158da0                        . = ALIGN (0x4)
                0x00158da0                        __tdata_lma_end = .

.tbss           0x00158da0      0xc08
 *(.tbss)
 *(.tbss.*)