Archive member included to satisfy reference by file (symbol)

/opt/devkitpro/libctru/lib/libctru.a(linear.o)
                              main.o (linearAlloc)
/opt/devkitpro/libctru/lib/libctru.a(mem_pool.o)
                              /opt/devkitpro/libctru/lib/libctru.a(linear.o) (MemPool::Allocate(MemChunk&, unsigned long, int))
/opt/devkitpro/libctru/lib/libctru.a(console.o)
                              main.o (consoleInit)
/opt/devkitpro/libctru/lib/libctru.a(gfx.o)
                              /opt/devkitpro/libctru/lib/libctru.a(console.o) (gfxIsWide)
/opt/devkitpro/libctru/lib/libctru.a(romfs_dev.o)
                              main.o (romfsMountSelf)
/opt/devkitpro/libctru/lib/libctru.a(ndsp.o)
                              main.o (ndspInit)
/opt/devkitpro/libctru/lib/libctru.a(ndsp-channel.o)
                              main.o (ndspChnReset)
/opt/devkitpro/libctru/lib/libctru.a(apt.o)
                              main.o (aptMainLoop)
/opt/devkitpro/libctru/lib/libctru.a(cfgu.o)
                              /opt/devkitpro/libctru/lib/libctru.a(ndsp.o) (cfguInit)
/opt/devkitpro/libctru/lib/libctru.a(dsp.o)
                              /opt/devkitpro/libctru/lib/libctru.a(ndsp.o) (dspInit)
/opt/devkitpro/libctru/lib/libctru.a(fs.o)
                              /opt/devkitpro/libctru/lib/libctru.a(romfs_dev.o) (FSUSER_OpenFileDirectly)
/opt/devkitpro/libctru/lib/libctru.a(gspgpu.o)
                              /opt/devkitpro/libctru/lib/libctru.a(gfx.o) (gspInit)
/opt/devkitpro/libctru/lib/libctru.a(hid.o)
                              main.o (hidScanInput)
/opt/devkitpro/libctru/lib/libctru.a(irrst.o)
                              /opt/devkitpro/libctru/lib/libctru.a(hid.o) (irrstInit)
/opt/devkitpro/libctru/lib/libctru.a(swkbd.o)
                              main.o (swkbdInit)
/opt/devkitpro/libctru/lib/libctru.a(rbtree_find.o)
                              /opt/devkitpro/libctru/lib/libctru.a(linear.o) (rbtree_find)
/opt/devkitpro/libctru/lib/libctru.a(rbtree_init.o)
                              /opt/devkitpro/libctru/lib/libctru.a(linear.o) (rbtree_init)
/opt/devkitpro/libctru/lib/libctru.a(rbtree_insert.o)
                              /opt/devkitpro/libctru/lib/libctru.a(linear.o) (rbtree_insert)
/opt/devkitpro/libctru/lib/libctru.a(rbtree_remove.o)
                              /opt/devkitpro/libctru/lib/libctru.a(linear.o) (rbtree_remove)
/opt/devkitpro/libctru/lib/libctru.a(rbtree_rotate.o)
                              /opt/devkitpro/libctru/lib/libctru.a(rbtree_insert.o) (rbtree_rotate)
/opt/devkitpro/libctru/lib/libctru.a(utf16_to_utf8.o)
                              /opt/devkitpro/libctru/lib/libctru.a(romfs_dev.o) (utf16_to_utf8)
/opt/devkitpro/libctru/lib/libctru.a(utf8_to_utf16.o)
                              /opt/devkitpro/libctru/lib/libctru.a(romfs_dev.o) (utf8_to_utf16)
/opt/devkitpro/libctru/lib/libctru.a(allocateHeaps.o)
                              /opt/devkitpro/libctru/lib/libctru.a(linear.o) (__ctru_linear_heap_size)
/opt/devkitpro/libctru/lib/libctru.a(ctru_init.o)
                              /opt/devkitpro/libctru/lib/libctru.a(apt.o) (__system_retAddr)
/opt/devkitpro/libctru/lib/libctru.a(initArgv.o)
                              /opt/devkitpro/libctru/lib/libctru.a(ctru_init.o) (__system_initArgv)
/opt/devkitpro/libctru/lib/libctru.a(syscalls.o)
                              /opt/devkitpro/libctru/lib/libctru.a(ctru_init.o) (__system_initSyscalls)
/opt/devkitpro/libctru/lib/libctru.a(svc.o)
                              /opt/devkitpro/libctru/lib/libctru.a(allocateHeaps.o) (svcControlMemory)
/opt/devkitpro/libctru/lib/libctru.a(readtp.o)
                              /opt/devkitpro/libctru/lib/libctru.a(romfs_dev.o) (__aeabi_read_tp)
/opt/devkitpro/libctru/lib/libctru.a(stack_adjust.o)
                              /opt/devkitpro/devkitARM/lib/gcc/arm-none-eabi/16.1.0/../../../../arm-none-eabi/lib/armv6k/fpu/3dsx_crt0.o (initSystem)
/opt/devkitpro/libctru/lib/libctru.a(default_font.bin.o)
                              /opt/devkitpro/libctru/lib/libctru.a(console.o) (default_font_bin)
/opt/devkitpro/libctru/lib/libctru.a(vram.o)
                              /opt/devkitpro/libctru/lib/libctru.a(gfx.o) (vramAlloc)
/opt/devkitpro/libctru/lib/libctru.a(3dslink.o)
                              /opt/devkitpro/libctru/lib/libctru.a(initArgv.o) (__3dslink_host)
/opt/devkitpro/libctru/lib/libctru.a(env.o)
                              /opt/devkitpro/libctru/lib/libctru.a(ndsp.o) (envGetHandle)
/opt/devkitpro/libctru/lib/libctru.a(os.o)
                              /opt/devkitpro/libctru/lib/libctru.a(ndsp-channel.o) (osConvertVirtToPhys)
/opt/devkitpro/libctru/lib/libctru.a(path_buf.o)
                              /opt/devkitpro/libctru/lib/libctru.a(romfs_dev.o) (__ctru_dev_utf16_buf)
/opt/devkitpro/libctru/lib/libctru.a(srv.o)
                              /opt/devkitpro/libctru/lib/libctru.a(apt.o) (srvInit)
[...]
Memory Configuration

Name             Origin             Length             Attributes
*default*        0x00000000         0xffffffff

Linker script and memory map

                0x00000000                        __sync_synchronize = __sync_synchronize_dmb
                0x00100000                        PROVIDE (__start__ = 0x100000)
                0x00100000                        . = __start__

.text           0x00100000    0x20f70
 *(.crt0)
 .crt0          0x00100000       0x94 /opt/devkitpro/devkitARM/lib/gcc/arm-none-eabi/16.1.0/../../../../arm-none-eabi/lib/armv6k/fpu/3dsx_crt0.o
                0x00100000                _start
                0x00100008                __service_ptr
                0x0010000c                __apt_appid
                0x00100010                __heap_size
                0x00100014                __linear_heap_size
                0x00100018                __system_arglist
                0x0010001c                __system_runflags
 *(.init)
 .init          0x00100094        0xc /opt/devkitpro/devkitARM/lib/gcc/arm-none-eabi/16.1.0/armv6k/fpu/crti.o
                0x00100094                _init
 .init          0x001000a0        0xc /opt/devkitpro/devkitARM/lib/gcc/arm-none-eabi/16.1.0/armv6k/fpu/crtn.o
                0x001000ac                        . = ALIGN (0x4)
 *(.text)
 .text          0x001000ac      0x20c /opt/devkitpro/devkitARM/lib/gcc/arm-none-eabi/16.1.0/armv6k/fpu/libgcc.a(_udivsi3.o)
                0x001000ac                __udivsi3
                0x001000ac                __aeabi_uidiv
                0x00100298                __aeabi_uidivmod
 .text          0x001002b8      0x240 /opt/devkitpro/devkitARM/lib/gcc/arm-none-eabi/16.1.0/armv6k/fpu/libgcc.a(_divsi3.o)
                0x001002b8                __aeabi_idiv
                0x001002b8                __divsi3
                0x001004d8                __aeabi_idivmod
 .text          0x001004f8        0x4 /opt/devkitpro/devkitARM/lib/gcc/arm-none-eabi/16.1.0/armv6k/fpu/libgcc.a(_dvmd_tls.o)
                0x001004f8                __aeabi_ldiv0
                0x001004f8                __aeabi_idiv0
 .text          0x001004fc       0xd4 /opt/devkitpro/devkitARM/lib/gcc/arm-none-eabi/16.1.0/armv6k/fpu/libgcc.a(_aeabi_ldivmod.o)
                0x001004fc                __aeabi_ldivmod
 .text          0x001005d0       0x3c /opt/devkitpro/devkitARM/lib/gcc/arm-none-eabi/16.1.0/armv6k/fpu/libgcc.a(_aeabi_uldivmod.o)
                0x001005d0                __aeabi_uldivmod
 *fill*         0x0010060c       0x14 
 .text          0x00100620      0x390 /opt/devkitpro/devkitARM/lib/gcc/arm-none-eabi/16.1.0/../../../../arm-none-eabi/lib/armv6k/fpu/libg.a(libc_a-strcmp.o)
                0x00100628                strcmp
 *(.text.*)
 .text.__do_global_dtors_aux
                0x001009b0       0x50 /opt/devkitpro/devkitARM/lib/gcc/arm-none-eabi/16.1.0/armv6k/fpu/crtbegin.o
 .text.frame_dummy
                0x00100a00       0x2c /opt/devkitpro/devkitARM/lib/gcc/arm-none-eabi/16.1.0/armv6k/fpu/crtbegin.o
 .text.printCenteredText
                0x00100a2c       0x40 main.o
                0x00100a2c                printCenteredText
 .text.startup.main
                0x00100a6c      0x698 main.o
                0x00100a6c                main
 .text._ZL21addrMapNodeComparatorPK11rbtree_nodeS1_
                0x00101104       0x24 /opt/devkitpro/libctru/lib/libctru.a(linear.o)
 .text._ZL21addrMapNodeDestructorP11rbtree_node
                0x00101128        0x4 /opt/devkitpro/libctru/lib/libctru.a(linear.o)
 .text.linearMemAlign
                0x0010112c      0x12c /opt/devkitpro/libctru/lib/libctru.a(linear.o)
                0x0010112c                linearMemAlign
 .text.linearAlloc
                0x00101258        0x8 /opt/devkitpro/libctru/lib/libctru.a(linear.o)
                0x00101258                linearAlloc
 .text.linearFree
                0x00101260       0x5c /opt/devkitpro/libctru/lib/libctru.a(linear.o)
                0x00101260                linearFree
 .text._ZN7MemPool13CoalesceRightEP8MemBlock
                0x001012bc       0x88 /opt/devkitpro/libctru/lib/libctru.a(mem_pool.o)
                0x001012bc                MemPool::CoalesceRight(MemBlock*)
 .text._ZN7MemPool8AllocateER8MemChunkmi
                0x00101344      0x178 /opt/devkitpro/libctru/lib/libctru.a(mem_pool.o)
                0x00101344                MemPool::Allocate(MemChunk&, unsigned long, int)
 .text._ZN7MemPool10DeallocateERK8MemChunk
                0x001014bc      0x118 /opt/devkitpro/libctru/lib/libctru.a(mem_pool.o)
                0x001014bc                MemPool::Deallocate(MemChunk const&)
 .text._ZN7MemPool12GetFreeSpaceEv
                0x001015d4       0x30 /opt/devkitpro/libctru/lib/libctru.a(mem_pool.o)
                0x001015d4                MemPool::GetFreeSpace()
 .text.consoleDrawChar
                0x00101604      0x1c8 /opt/devkitpro/libctru/lib/libctru.a(console.o)
                0x00101604                consoleDrawChar
 .text.consolePrintChar
                0x001017cc      0x170 /opt/devkitpro/libctru/lib/libctru.a(console.o)
                0x001017cc                consolePrintChar
 .text.con_write
                0x0010193c      0xcc8 /opt/devkitpro/libctru/lib/libctru.a(console.o)
                0x0010193c                con_write
 .text.newRow   0x00102604       0xfc /opt/devkitpro/libctru/lib/libctru.a(console.o)
 .text.consoleInit
                0x00102700      0x180 /opt/devkitpro/libctru/lib/libctru.a(console.o)
                0x00102700                consoleInit
 .text.consoleClear
                0x00102880       0xb8 /opt/devkitpro/libctru/lib/libctru.a(console.o)
                0x00102880                consoleClear
 .text.gfxPresentFramebuffer
                0x00102938       0xcc /opt/devkitpro/libctru/lib/libctru.a(gfx.o)
 .text.gfxIsWide
                0x00102a04       0x1c /opt/devkitpro/libctru/lib/libctru.a(gfx.o)
                0x00102a04                gfxIsWide
 .text.gfxSetScreenFormat
                0x00102a20       0xf8 /opt/devkitpro/libctru/lib/libctru.a(gfx.o)
                0x00102a20                gfxSetScreenFormat
 .text.gfxSetDoubleBuffering
                0x00102b18       0x10 /opt/devkitpro/libctru/lib/libctru.a(gfx.o)
                0x00102b18                gfxSetDoubleBuffering
 .text.gfxInit  0x00102b28       0xd8 /opt/devkitpro/libctru/lib/libctru.a(gfx.o)
                0x00102b28                gfxInit
 .text.gfxInitDefault
                0x00102c00       0x10 /opt/devkitpro/libctru/lib/libctru.a(gfx.o)
                0x00102c00                gfxInitDefault
 .text.gfxExit  0x00102c10       0xb8 /opt/devkitpro/libctru/lib/libctru.a(gfx.o)
                0x00102c10                gfxExit
 .text.gfxGetFramebuffer
                0x00102cc8       0xa0 /opt/devkitpro/libctru/lib/libctru.a(gfx.o)
                0x00102cc8                gfxGetFramebuffer
 .text.gfxFlushBuffers
                0x00102d68      0x100 /opt/devkitpro/libctru/lib/libctru.a(gfx.o)
                0x00102d68                gfxFlushBuffers
 .text.gfxSwapBuffers
                0x00102e68       0x50 /opt/devkitpro/libctru/lib/libctru.a(gfx.o)
                0x00102e68                gfxSwapBuffers
 .text.gfxSwapBuffersGpu
                0x00102eb8       0x50 /opt/devkitpro/libctru/lib/libctru.a(gfx.o)
                0x00102eb8                gfxSwapBuffersGpu
 .text.romfs_close
                0x00102f08        0x8 /opt/devkitpro/libctru/lib/libctru.a(romfs_dev.o)
 .text.romfs_seek
                0x00102f10       0xac /opt/devkitpro/libctru/lib/libctru.a(romfs_dev.o)
 .text.romfs_dirreset
                0x00102fbc       0x24 /opt/devkitpro/libctru/lib/libctru.a(romfs_dev.o)
 .text.fill_dir
                0x00102fe0       0xc0 /opt/devkitpro/libctru/lib/libctru.a(romfs_dev.o)
 .text.romfs_dirnext
                0x001030a0      0x2ac /opt/devkitpro/libctru/lib/libctru.a(romfs_dev.o)
 .text.romfs_free
                0x0010334c       0x74 /opt/devkitpro/libctru/lib/libctru.a(romfs_dev.o)
 .text.searchForFile.constprop.0
                0x001033c0       0xd0 /opt/devkitpro/libctru/lib/libctru.a(romfs_dev.o)
 .text.searchForDir.constprop.0
                0x00103490       0xd4 /opt/devkitpro/libctru/lib/libctru.a(romfs_dev.o)
 .text.navigateToDir.constprop.0
                0x00103564      0x1c0 /opt/devkitpro/libctru/lib/libctru.a(romfs_dev.o)
 .text.romfs_open
                0x00103724      0x114 /opt/devkitpro/libctru/lib/libctru.a(romfs_dev.o)
 .text.romfs_chdir
                0x00103838       0x4c /opt/devkitpro/libctru/lib/libctru.a(romfs_dev.o)
 .text.romfs_diropen
                0x00103884       0x68 /opt/devkitpro/libctru/lib/libctru.a(romfs_dev.o)
 .text.romfs_stat
                0x001038ec      0x178 /opt/devkitpro/libctru/lib/libctru.a(romfs_dev.o)
 .text.romfs_dirclose
                0x00103a64        0x8 /opt/devkitpro/libctru/lib/libctru.a(romfs_dev.o)
 *fill*         0x00103a6c        0x4 
 .text.romfs_fstat
                0x00103a70       0x7c /opt/devkitpro/libctru/lib/libctru.a(romfs_dev.o)
 .text.romfs_read
                0x00103aec       0xd0 /opt/devkitpro/libctru/lib/libctru.a(romfs_dev.o)
 .text.romfsMountFromFile
                0x00103bbc      0x294 /opt/devkitpro/libctru/lib/libctru.a(romfs_dev.o)
                0x00103bbc                romfsMountFromFile
 .text.romfsMountFromCurrentProcess
                0x00103e50       0x98 /opt/devkitpro/libctru/lib/libctru.a(romfs_dev.o)
                0x00103e50                romfsMountFromCurrentProcess
 .text.romfsMountSelf
                0x00103ee8      0x258 /opt/devkitpro/libctru/lib/libctru.a(romfs_dev.o)
                0x00103ee8                romfsMountSelf
 .text.romfsUnmount
                0x00104140       0xa0 /opt/devkitpro/libctru/lib/libctru.a(romfs_dev.o)
                0x00104140                romfsUnmount
 .text.ndspUpdateMaster
                0x001041e0      0x158 /opt/devkitpro/libctru/lib/libctru.a(ndsp.o)
 .text.ndspFinalize
                0x00104338      0x108 /opt/devkitpro/libctru/lib/libctru.a(ndsp.o)
 .text.ndspInitialize.part.0
                0x00104440      0x25c /opt/devkitpro/libctru/lib/libctru.a(ndsp.o)
 .text.ndspHookCallback
                0x0010469c      0x108 /opt/devkitpro/libctru/lib/libctru.a(ndsp.o)
 *fill*         0x001047a4        0x4 
 .text.ndspThreadMain
                0x001047a8      0x318 /opt/devkitpro/libctru/lib/libctru.a(ndsp.o)
 .text.ndspInit
                0x00104ac0      0x3f0 /opt/devkitpro/libctru/lib/libctru.a(ndsp.o)
                0x00104ac0                ndspInit
 .text.ndspExit
                0x00104eb0       0xd8 /opt/devkitpro/libctru/lib/libctru.a(ndsp.o)
                0x00104eb0                ndspExit
 .text.ndspSetOutputMode
                0x00104f88       0x34 /opt/devkitpro/libctru/lib/libctru.a(ndsp.o)
                0x00104f88                ndspSetOutputMode
 .text.ndspChnReset
                0x00104fbc       0xe0 /opt/devkitpro/libctru/lib/libctru.a(ndsp-channel.o)
                0x00104fbc                ndspChnReset
 .text.ndspChnSetFormat
                0x0010509c       0x18 /opt/devkitpro/libctru/lib/libctru.a(ndsp-channel.o)
                0x0010509c                ndspChnSetFormat
 .text.ndspChnSetInterp
                0x001050b4       0x50 /opt/devkitpro/libctru/lib/libctru.a(ndsp-channel.o)
                0x001050b4                ndspChnSetInterp
 .text.ndspChnSetRate
                0x00105104       0x60 /opt/devkitpro/libctru/lib/libctru.a(ndsp-channel.o)
                0x00105104                ndspChnSetRate
 .text.ndspChnSetMix
                0x00105164       0x80 /opt/devkitpro/libctru/lib/libctru.a(ndsp-channel.o)
                0x00105164                ndspChnSetMix
 .text.ndspChnWaveBufClear
                0x001051e4       0xb0 /opt/devkitpro/libctru/lib/libctru.a(ndsp-channel.o)
                0x001051e4                ndspChnWaveBufClear
 .text.ndspChnWaveBufAdd
                0x00105294       0xc8 /opt/devkitpro/libctru/lib/libctru.a(ndsp-channel.o)
                0x00105294                ndspChnWaveBufAdd
 .text.ndspiInitChn
                0x0010535c       0x40 /opt/devkitpro/libctru/lib/libctru.a(ndsp-channel.o)
                0x0010535c                ndspiInitChn
 .text.ndspiDirtyChn
                0x0010539c       0x2c /opt/devkitpro/libctru/lib/libctru.a(ndsp-channel.o)
                0x0010539c                ndspiDirtyChn
 .text.ndspiUpdateChn
                0x001053c8      0x43c /opt/devkitpro/libctru/lib/libctru.a(ndsp-channel.o)
                0x001053c8                ndspiUpdateChn
 .text.ndspiReadChnState
                0x00105804      0x180 /opt/devkitpro/libctru/lib/libctru.a(ndsp-channel.o)
                0x00105804                ndspiReadChnState
 .text.aptConvertScreenForCapture
                0x00105984      0x180 /opt/devkitpro/libctru/lib/libctru.a(apt.o)
 .text.aptSendCommand
                0x00105b04      0x138 /opt/devkitpro/libctru/lib/libctru.a(apt.o)
                0x00105b04                aptSendCommand
 *fill*         0x00105c3c        0x4 
 .text.aptExitProcess
                0x00105c40       0x44 /opt/devkitpro/libctru/lib/libctru.a(apt.o)
 .text.aptExit  0x00105c84      0x394 /opt/devkitpro/libctru/lib/libctru.a(apt.o)
                0x00105c84                aptExit
 .text.aptHandleSleep
                0x00106018       0xd8 /opt/devkitpro/libctru/lib/libctru.a(apt.o)
                0x00106018                aptHandleSleep
 .text.aptSetMessageCallback
                0x001060f0       0x1c /opt/devkitpro/libctru/lib/libctru.a(apt.o)
                0x001060f0                aptSetMessageCallback
 .text.APT_SleepIfShellClosed
                0x0010610c       0x84 /opt/devkitpro/libctru/lib/libctru.a(apt.o)
                0x0010610c                APT_SleepIfShellClosed
 .text.aptSetSleepAllowed
                0x00106190       0x78 /opt/devkitpro/libctru/lib/libctru.a(apt.o)
                0x00106190                aptSetSleepAllowed
 .text.APT_UnlockTransition
                0x00106208       0x84 /opt/devkitpro/libctru/lib/libctru.a(apt.o)
                0x00106208                APT_UnlockTransition
 *fill*         0x0010628c        0x4 
 .text.aptEventHandler
                0x00106290      0x470 /opt/devkitpro/libctru/lib/libctru.a(apt.o)
 .text.APT_ReceiveParameter
                0x00106700       0xbc /opt/devkitpro/libctru/lib/libctru.a(apt.o)
                0x00106700                APT_ReceiveParameter
 .text.aptReceiveParameter.constprop.0
                0x001067bc       0xb0 /opt/devkitpro/libctru/lib/libctru.a(apt.o)
 *fill*         0x0010686c        0x4 
 .text.aptScreenTransfer
                0x00106870      0x294 /opt/devkitpro/libctru/lib/libctru.a(apt.o)
 .text.aptWaitForWakeUp.isra.0
                0x00106b04      0x2d0 /opt/devkitpro/libctru/lib/libctru.a(apt.o)
 .text.aptLaunchLibraryApplet
                0x00106dd4      0x114 /opt/devkitpro/libctru/lib/libctru.a(apt.o)
                0x00106dd4                aptLaunchLibraryApplet
 .text.aptJumpToHomeMenu
                0x00106ee8       0xf4 /opt/devkitpro/libctru/lib/libctru.a(apt.o)
                0x00106ee8                aptJumpToHomeMenu
 .text.aptMainLoop
                0x00106fdc       0x58 /opt/devkitpro/libctru/lib/libctru.a(apt.o)
                0x00106fdc                aptMainLoop
 .text.aptInit  0x00107034      0x240 /opt/devkitpro/libctru/lib/libctru.a(apt.o)
                0x00107034                aptInit
 .text.APT_SendParameter
                0x00107274       0x5c /opt/devkitpro/libctru/lib/libctru.a(apt.o)
                0x00107274                APT_SendParameter
 .text.APT_CheckNew3DS
                0x001072d0       0x90 /opt/devkitpro/libctru/lib/libctru.a(apt.o)
                0x001072d0                APT_CheckNew3DS
 .text.cfguInit
                0x00107360       0xa8 /opt/devkitpro/libctru/lib/libctru.a(cfgu.o)
                0x00107360                cfguInit
 .text.cfguExit
                0x00107408       0x3c /opt/devkitpro/libctru/lib/libctru.a(cfgu.o)
                0x00107408                cfguExit
 .text.CFGU_GetConfigInfoBlk2
                0x00107444       0x4c /opt/devkitpro/libctru/lib/libctru.a(cfgu.o)
                0x00107444                CFGU_GetConfigInfoBlk2
 .text.DSP_LoadComponent.part.0
                0x00107490       0xa4 /opt/devkitpro/libctru/lib/libctru.a(dsp.o)
 .text.dspInit  0x00107534       0xfc /opt/devkitpro/libctru/lib/libctru.a(dsp.o)
                0x00107534                dspInit
 .text.dspExit  0x00107630       0x8c /opt/devkitpro/libctru/lib/libctru.a(dsp.o)
                0x00107630                dspExit
 .text.dspHook  0x001076bc       0x24 /opt/devkitpro/libctru/lib/libctru.a(dsp.o)
                0x001076bc                dspHook
 .text.dspUnhook
                0x001076e0       0x30 /opt/devkitpro/libctru/lib/libctru.a(dsp.o)
                0x001076e0                dspUnhook
 .text.aptDspSleep
                0x00107710       0xb4 /opt/devkitpro/libctru/lib/libctru.a(dsp.o)
                0x00107710                aptDspSleep
 .text.aptDspWakeup
                0x001077c4       0xb4 /opt/devkitpro/libctru/lib/libctru.a(dsp.o)
                0x001077c4                aptDspWakeup
 .text.aptDspCancel
                0x00107878       0x44 /opt/devkitpro/libctru/lib/libctru.a(dsp.o)
                0x00107878                aptDspCancel
 .text.DSP_FlushDataCache
                0x001078bc       0x50 /opt/devkitpro/libctru/lib/libctru.a(dsp.o)
                0x001078bc                DSP_FlushDataCache
 .text.DSP_SetSemaphore
                0x0010790c       0x34 /opt/devkitpro/libctru/lib/libctru.a(dsp.o)
                0x0010790c                DSP_SetSemaphore
 .text.DSP_SetSemaphoreMask
                0x00107940       0x34 /opt/devkitpro/libctru/lib/libctru.a(dsp.o)
                0x00107940                DSP_SetSemaphoreMask
 .text.DSP_GetSemaphoreHandle
                0x00107974       0x38 /opt/devkitpro/libctru/lib/libctru.a(dsp.o)
                0x00107974                DSP_GetSemaphoreHandle
 .text.DSP_LoadComponent
                0x001079ac       0x3c /opt/devkitpro/libctru/lib/libctru.a(dsp.o)
                0x001079ac                DSP_LoadComponent
 .text.DSP_RegisterInterruptEvents
                0x001079e8       0x44 /opt/devkitpro/libctru/lib/libctru.a(dsp.o)
                0x001079e8                DSP_RegisterInterruptEvents
 .text.DSP_ReadPipeIfPossible
                0x00107a2c       0x78 /opt/devkitpro/libctru/lib/libctru.a(dsp.o)
                0x00107a2c                DSP_ReadPipeIfPossible
 .text.DSP_WriteProcessPipe
                0x00107aa4       0x4c /opt/devkitpro/libctru/lib/libctru.a(dsp.o)
                0x00107aa4                DSP_WriteProcessPipe
 .text.DSP_ConvertProcessAddressFromDspDram
                0x00107af0       0x44 /opt/devkitpro/libctru/lib/libctru.a(dsp.o)
                0x00107af0                DSP_ConvertProcessAddressFromDspDram
 .text.DSP_RecvData
                0x00107b34       0x44 /opt/devkitpro/libctru/lib/libctru.a(dsp.o)
                0x00107b34                DSP_RecvData
 .text.DSP_RecvDataIsReady
                0x00107b78       0x50 /opt/devkitpro/libctru/lib/libctru.a(dsp.o)
                0x00107b78                DSP_RecvDataIsReady
 .text.fsInit   0x00107bc8      0x104 /opt/devkitpro/libctru/lib/libctru.a(fs.o)
                0x00107bc8                fsInit
 .text.fsExit   0x00107ccc       0x3c /opt/devkitpro/libctru/lib/libctru.a(fs.o)
                0x00107ccc                fsExit
 .text.fsExemptFromSession
                0x00107d08       0x68 /opt/devkitpro/libctru/lib/libctru.a(fs.o)
                0x00107d08                fsExemptFromSession
 .text.fsUnexemptFromSession
                0x00107d70       0x50 /opt/devkitpro/libctru/lib/libctru.a(fs.o)
                0x00107d70                fsUnexemptFromSession
 .text.FSUSER_OpenFile
                0x00107dc0       0xcc /opt/devkitpro/libctru/lib/libctru.a(fs.o)
                0x00107dc0                FSUSER_OpenFile
 .text.FSUSER_OpenFileDirectly
                0x00107e8c       0xcc /opt/devkitpro/libctru/lib/libctru.a(fs.o)
                0x00107e8c                FSUSER_OpenFileDirectly
 .text.FSUSER_DeleteFile
                0x00107f58       0xb8 /opt/devkitpro/libctru/lib/libctru.a(fs.o)
                0x00107f58                FSUSER_DeleteFile
 .text.FSUSER_RenameFile
                0x00108010       0xf4 /opt/devkitpro/libctru/lib/libctru.a(fs.o)
                0x00108010                FSUSER_RenameFile
 .text.FSUSER_DeleteDirectory
                0x00108104       0xb8 /opt/devkitpro/libctru/lib/libctru.a(fs.o)
                0x00108104                FSUSER_DeleteDirectory
 .text.FSUSER_CreateFile
                0x001081bc       0xd0 /opt/devkitpro/libctru/lib/libctru.a(fs.o)
                0x001081bc                FSUSER_CreateFile
 .text.FSUSER_CreateDirectory
                0x0010828c       0xc0 /opt/devkitpro/libctru/lib/libctru.a(fs.o)
                0x0010828c                FSUSER_CreateDirectory
 .text.FSUSER_RenameDirectory
                0x0010834c       0xf4 /opt/devkitpro/libctru/lib/libctru.a(fs.o)
                0x0010834c                FSUSER_RenameDirectory
 .text.FSUSER_OpenDirectory
                0x00108440       0xb4 /opt/devkitpro/libctru/lib/libctru.a(fs.o)
                0x00108440                FSUSER_OpenDirectory
 .text.FSUSER_OpenArchive
                0x001084f4       0x90 /opt/devkitpro/libctru/lib/libctru.a(fs.o)
                0x001084f4                FSUSER_OpenArchive
 .text.FSUSER_CloseArchive
                0x00108584       0x8c /opt/devkitpro/libctru/lib/libctru.a(fs.o)
                0x00108584                FSUSER_CloseArchive
 .text.FSUSER_GetSdmcArchiveResource
                0x00108610       0x74 /opt/devkitpro/libctru/lib/libctru.a(fs.o)
                0x00108610                FSUSER_GetSdmcArchiveResource
 .text.FSUSER_IsSdmcWritable
                0x00108684       0x64 /opt/devkitpro/libctru/lib/libctru.a(fs.o)
                0x00108684                FSUSER_IsSdmcWritable
 .text.FSFILE_Read
                0x001086e8       0x64 /opt/devkitpro/libctru/lib/libctru.a(fs.o)
                0x001086e8                FSFILE_Read
 .text.FSFILE_Write
                0x0010874c       0x6c /opt/devkitpro/libctru/lib/libctru.a(fs.o)
                0x0010874c                FSFILE_Write
 .text.FSFILE_GetSize
                0x001087b8       0x44 /opt/devkitpro/libctru/lib/libctru.a(fs.o)
                0x001087b8                FSFILE_GetSize
 .text.FSFILE_SetSize
                0x001087fc       0x28 /opt/devkitpro/libctru/lib/libctru.a(fs.o)
                0x001087fc                FSFILE_SetSize
 .text.FSFILE_Close
                0x00108824       0x3c /opt/devkitpro/libctru/lib/libctru.a(fs.o)
                0x00108824                FSFILE_Close
 .text.FSFILE_Flush
                0x00108860       0x24 /opt/devkitpro/libctru/lib/libctru.a(fs.o)
                0x00108860                FSFILE_Flush
 .text.FSDIR_Read
                0x00108884       0x60 /opt/devkitpro/libctru/lib/libctru.a(fs.o)
                0x00108884                FSDIR_Read
 .text.FSDIR_Close
                0x001088e4       0x3c /opt/devkitpro/libctru/lib/libctru.a(fs.o)
                0x001088e4                FSDIR_Close
 .text.gspHardwareInit
                0x00108920      0xc70 /opt/devkitpro/libctru/lib/libctru.a(gspgpu.o)
 .text.gspInit  0x00109590      0x288 /opt/devkitpro/libctru/lib/libctru.a(gspgpu.o)
                0x00109590                gspInit
 .text.gspExit  0x00109818      0x104 /opt/devkitpro/libctru/lib/libctru.a(gspgpu.o)
                0x00109818                gspExit
 .text.gspHasGpuRight
                0x0010991c       0x10 /opt/devkitpro/libctru/lib/libctru.a(gspgpu.o)
                0x0010991c                gspHasGpuRight
 .text.gspPresentBuffer
                0x0010992c       0xa4 /opt/devkitpro/libctru/lib/libctru.a(gspgpu.o)
                0x0010992c                gspPresentBuffer
 .text.gspWaitForEvent
                0x001099d0       0x50 /opt/devkitpro/libctru/lib/libctru.a(gspgpu.o)
                0x001099d0                gspWaitForEvent
 .text.gxCmdQueueInterrupt
                0x00109a20        0x4 /opt/devkitpro/libctru/lib/libctru.a(gspgpu.o)
                0x00109a20                gxCmdQueueInterrupt
 .text.gspEventThreadMain
                0x00109a24      0x154 /opt/devkitpro/libctru/lib/libctru.a(gspgpu.o)
 .text.GSPGPU_FlushDataCache
                0x00109b78       0x50 /opt/devkitpro/libctru/lib/libctru.a(gspgpu.o)
                0x00109b78                GSPGPU_FlushDataCache
 .text.GSPGPU_SetLcdForceBlack
                0x00109bc8       0x34 /opt/devkitpro/libctru/lib/libctru.a(gspgpu.o)
                0x00109bc8                GSPGPU_SetLcdForceBlack
 .text.GSPGPU_AcquireRight
                0x00109bfc       0x84 /opt/devkitpro/libctru/lib/libctru.a(gspgpu.o)
                0x00109bfc                GSPGPU_AcquireRight
 .text.GSPGPU_ReleaseRight
                0x00109c80       0x64 /opt/devkitpro/libctru/lib/libctru.a(gspgpu.o)
                0x00109c80                GSPGPU_ReleaseRight
 .text.GSPGPU_ImportDisplayCaptureInfo
                0x00109ce4       0x7c /opt/devkitpro/libctru/lib/libctru.a(gspgpu.o)
                0x00109ce4                GSPGPU_ImportDisplayCaptureInfo
 .text.GSPGPU_SaveVramSysArea
                0x00109d60       0x2c /opt/devkitpro/libctru/lib/libctru.a(gspgpu.o)
                0x00109d60                GSPGPU_SaveVramSysArea
 .text.GSPGPU_RestoreVramSysArea
                0x00109d8c       0x2c /opt/devkitpro/libctru/lib/libctru.a(gspgpu.o)
                0x00109d8c                GSPGPU_RestoreVramSysArea
 .text.hidShouldUseIrrst
                0x00109db8       0x24 /opt/devkitpro/libctru/lib/libctru.a(hid.o)
                0x00109db8                hidShouldUseIrrst
 .text.hidInit  0x00109ddc      0x1cc /opt/devkitpro/libctru/lib/libctru.a(hid.o)
                0x00109ddc                hidInit
 .text.hidExit  0x00109fa8       0xe8 /opt/devkitpro/libctru/lib/libctru.a(hid.o)
                0x00109fa8                hidExit
 .text.hidScanInput
                0x0010a090      0x2a0 /opt/devkitpro/libctru/lib/libctru.a(hid.o)
                0x0010a090                hidScanInput
 .text.hidKeysDown
                0x0010a330       0x10 /opt/devkitpro/libctru/lib/libctru.a(hid.o)
                0x0010a330                hidKeysDown
 .text.irrstInit
                0x0010a340      0x1a4 /opt/devkitpro/libctru/lib/libctru.a(irrst.o)
                0x0010a340                irrstInit
 .text.irrstExit
                0x0010a4e4       0xdc /opt/devkitpro/libctru/lib/libctru.a(irrst.o)
                0x0010a4e4                irrstExit
 .text.irrstScanInput
                0x0010a5c0       0xb4 /opt/devkitpro/libctru/lib/libctru.a(irrst.o)
                0x0010a5c0                irrstScanInput
 .text.irrstKeysHeld
                0x0010a674       0x24 /opt/devkitpro/libctru/lib/libctru.a(irrst.o)
                0x0010a674                irrstKeysHeld
 .text.swkbdMessageCallback
                0x0010a698      0x190 /opt/devkitpro/libctru/lib/libctru.a(swkbd.o)
 .text.swkbdInit
                0x0010a828       0x84 /opt/devkitpro/libctru/lib/libctru.a(swkbd.o)
                0x0010a828                swkbdInit
 .text.swkbdSetFeatures
                0x0010a8ac       0x40 /opt/devkitpro/libctru/lib/libctru.a(swkbd.o)
                0x0010a8ac                swkbdSetFeatures
 .text.swkbdSetHintText
                0x0010a8ec       0x64 /opt/devkitpro/libctru/lib/libctru.a(swkbd.o)
                0x0010a8ec                swkbdSetHintText
 .text.swkbdSetButton
                0x0010a950       0x88 /opt/devkitpro/libctru/lib/libctru.a(swkbd.o)
                0x0010a950                swkbdSetButton
 .text.swkbdInputText
                0x0010a9d8      0x3a8 /opt/devkitpro/libctru/lib/libctru.a(swkbd.o)
                0x0010a9d8                swkbdInputText
 .text.rbtree_find
                0x0010ad80       0x74 /opt/devkitpro/libctru/lib/libctru.a(rbtree_find.o)
                0x0010ad80                rbtree_find
 .text.rbtree_init
                0x0010adf4       0x10 /opt/devkitpro/libctru/lib/libctru.a(rbtree_init.o)
                0x0010adf4                rbtree_init
 .text.do_insert
                0x0010ae04      0x198 /opt/devkitpro/libctru/lib/libctru.a(rbtree_insert.o)
 .text.rbtree_insert
                0x0010af9c        0x8 /opt/devkitpro/libctru/lib/libctru.a(rbtree_insert.o)
                0x0010af9c                rbtree_insert
 .text.rbtree_remove
                0x0010afa4      0x310 /opt/devkitpro/libctru/lib/libctru.a(rbtree_remove.o)
                0x0010afa4                rbtree_remove
 .text.rbtree_rotate
                0x0010b2b4       0x90 /opt/devkitpro/libctru/lib/libctru.a(rbtree_rotate.o)
                0x0010b2b4                rbtree_rotate
 .text.utf16_to_utf8
                0x0010b344       0xe8 /opt/devkitpro/libctru/lib/libctru.a(utf16_to_utf8.o)
                0x0010b344                utf16_to_utf8
 .text.utf8_to_utf16
                0x0010b42c       0xc0 /opt/devkitpro/libctru/lib/libctru.a(utf8_to_utf16.o)
                0x0010b42c                utf8_to_utf16
 *fill*         0x0010b4ec        0x4 
 .text.__system_allocateHeaps
                0x0010b4f0      0x1e8 /opt/devkitpro/libctru/lib/libctru.a(allocateHeaps.o)
                0x0010b4f0                __system_allocateHeaps
 .text.__libctru_init
                0x0010b6d8       0x38 /opt/devkitpro/libctru/lib/libctru.a(ctru_init.o)
                0x0010b6d8                __libctru_init
 .text.__system_initArgv
                0x0010b710      0x16c /opt/devkitpro/libctru/lib/libctru.a(initArgv.o)
                0x0010b710                __system_initArgv
 .text.__syscall_getreent
                0x0010b87c       0x30 /opt/devkitpro/libctru/lib/libctru.a(syscalls.o)
                0x0010b87c                __syscall_getreent
 .text.__syscall_gettod_r
                0x0010b8ac       0x64 /opt/devkitpro/libctru/lib/libctru.a(syscalls.o)
                0x0010b8ac                __syscall_gettod_r
 .text.__syscall_lock_acquire
                0x0010b910        0x4 /opt/devkitpro/libctru/lib/libctru.a(syscalls.o)
                0x0010b910                __syscall_lock_acquire
 .text.__syscall_lock_release
                0x0010b914        0x4 /opt/devkitpro/libctru/lib/libctru.a(syscalls.o)
                0x0010b914                __syscall_lock_release
 .text.__syscall_lock_acquire_recursive
                0x0010b918        0x4 /opt/devkitpro/libctru/lib/libctru.a(syscalls.o)
                0x0010b918                __syscall_lock_acquire_recursive
 .text.__syscall_lock_release_recursive
                0x0010b91c        0x4 /opt/devkitpro/libctru/lib/libctru.a(syscalls.o)
                0x0010b91c                __syscall_lock_release_recursive
 .text.__syscall_exit
                0x0010b920        0x4 /opt/devkitpro/libctru/lib/libctru.a(syscalls.o)
                0x0010b920                __syscall_exit
 .text.initThreadVars
                0x0010b924       0x54 /opt/devkitpro/libctru/lib/libctru.a(syscalls.o)
                0x0010b924                initThreadVars
 .text.__system_initSyscalls
                0x0010b978       0x80 /opt/devkitpro/libctru/lib/libctru.a(syscalls.o)
                0x0010b978                __system_initSyscalls
 .text.svcControlMemory
                0x0010b9f8       0x20 /opt/devkitpro/libctru/lib/libctru.a(svc.o)
                0x0010b9f8                svcControlMemory
 .text.svcQueryMemory
                0x0010ba18       0x30 /opt/devkitpro/libctru/lib/libctru.a(svc.o)
                0x0010ba18                svcQueryMemory
 .text.svcExitProcess
                0x0010ba48        0x8 /opt/devkitpro/libctru/lib/libctru.a(svc.o)
                0x0010ba48                svcExitProcess
 .text.svcCreateThread
                0x0010ba50       0x20 /opt/devkitpro/libctru/lib/libctru.a(svc.o)
                0x0010ba50                svcCreateThread
 .text.svcExitThread
                0x0010ba70        0x8 /opt/devkitpro/libctru/lib/libctru.a(svc.o)
                0x0010ba70                svcExitThread
 .text.svcSleepThread
                0x0010ba78        0x8 /opt/devkitpro/libctru/lib/libctru.a(svc.o)
                0x0010ba78                svcSleepThread
 .text.svcReleaseMutex
                0x0010ba80        0x8 /opt/devkitpro/libctru/lib/libctru.a(svc.o)
                0x0010ba80                svcReleaseMutex
 .text.svcCreateEvent
                0x0010ba88       0x14 /opt/devkitpro/libctru/lib/libctru.a(svc.o)
                0x0010ba88                svcCreateEvent
 .text.svcSignalEvent
                0x0010ba9c        0x8 /opt/devkitpro/libctru/lib/libctru.a(svc.o)
                0x0010ba9c                svcSignalEvent
 .text.svcClearEvent
                0x0010baa4        0x8 /opt/devkitpro/libctru/lib/libctru.a(svc.o)
                0x0010baa4                svcClearEvent
 .text.svcCreateMemoryBlock
                0x0010baac       0x18 /opt/devkitpro/libctru/lib/libctru.a(svc.o)
                0x0010baac                svcCreateMemoryBlock
 .text.svcMapMemoryBlock
                0x0010bac4        0x8 /opt/devkitpro/libctru/lib/libctru.a(svc.o)
                0x0010bac4                svcMapMemoryBlock
 .text.svcUnmapMemoryBlock
                0x0010bacc        0x8 /opt/devkitpro/libctru/lib/libctru.a(svc.o)
                0x0010bacc                svcUnmapMemoryBlock
 .text.svcCreateAddressArbiter
                0x0010bad4       0x14 /opt/devkitpro/libctru/lib/libctru.a(svc.o)
                0x0010bad4                svcCreateAddressArbiter
 .text.svcArbitrateAddressNoTimeout
                0x0010bae8        0x8 /opt/devkitpro/libctru/lib/libctru.a(svc.o)
                0x0010bae8                svcArbitrateAddressNoTimeout
 .text.svcCloseHandle
                0x0010baf0        0x8 /opt/devkitpro/libctru/lib/libctru.a(svc.o)
                0x0010baf0                svcCloseHandle
 .text.svcWaitSynchronization
                0x0010baf8        0x8 /opt/devkitpro/libctru/lib/libctru.a(svc.o)
                0x0010baf8                svcWaitSynchronization
 .text.svcWaitSynchronizationN
                0x0010bb00       0x28 /opt/devkitpro/libctru/lib/libctru.a(svc.o)
                0x0010bb00                svcWaitSynchronizationN
 .text.svcDuplicateHandle
                0x0010bb28       0x14 /opt/devkitpro/libctru/lib/libctru.a(svc.o)
                0x0010bb28                svcDuplicateHandle
 .text.svcGetSystemTick
                0x0010bb3c        0x8 /opt/devkitpro/libctru/lib/libctru.a(svc.o)
                0x0010bb3c                svcGetSystemTick
 .text.svcConnectToPort
                0x0010bb44       0x14 /opt/devkitpro/libctru/lib/libctru.a(svc.o)
                0x0010bb44                svcConnectToPort
 .text.svcSendSyncRequest
                0x0010bb58        0x8 /opt/devkitpro/libctru/lib/libctru.a(svc.o)
                0x0010bb58                svcSendSyncRequest
 .text.svcGetResourceLimit
                0x0010bb60       0x14 /opt/devkitpro/libctru/lib/libctru.a(svc.o)
                0x0010bb60                svcGetResourceLimit
 .text.svcGetResourceLimitLimitValues
                0x0010bb74        0x8 /opt/devkitpro/libctru/lib/libctru.a(svc.o)
                0x0010bb74                svcGetResourceLimitLimitValues
 .text.svcGetResourceLimitCurrentValues
                0x0010bb7c        0x8 /opt/devkitpro/libctru/lib/libctru.a(svc.o)
                0x0010bb7c                svcGetResourceLimitCurrentValues
 .text.svcBreak
                0x0010bb84        0x8 /opt/devkitpro/libctru/lib/libctru.a(svc.o)
                0x0010bb84                svcBreak
 .text.__aeabi_read_tp
                0x0010bb8c        0xc /opt/devkitpro/libctru/lib/libctru.a(readtp.o)
                0x0010bb8c                __aeabi_read_tp
 .text.initSystem
                0x0010bb98       0x50 /opt/devkitpro/libctru/lib/libctru.a(stack_adjust.o)
                0x0010bb98                initSystem
 .text.__ctru_exit
                0x0010bbe8       0x14 /opt/devkitpro/libctru/lib/libctru.a(stack_adjust.o)
                0x0010bbe8                __ctru_exit
 .text._ZL21addrMapNodeComparatorPK11rbtree_nodeS1_
                0x0010bbfc       0x24 /opt/devkitpro/libctru/lib/libctru.a(vram.o)
 .text._ZL21addrMapNodeDestructorP11rbtree_node
                0x0010bc20        0x4 /opt/devkitpro/libctru/lib/libctru.a(vram.o)
 .text.vramMemAlignAt
                0x0010bc24      0x248 /opt/devkitpro/libctru/lib/libctru.a(vram.o)
                0x0010bc24                vramMemAlignAt
 .text.vramAlloc
                0x0010be6c        0xc /opt/devkitpro/libctru/lib/libctru.a(vram.o)
                0x0010be6c                vramAlloc
 .text.vramFree
                0x0010be78       0x94 /opt/devkitpro/libctru/lib/libctru.a(vram.o)
                0x0010be78                vramFree
 .text.envGetHandle
                0x0010bf0c       0x8c /opt/devkitpro/libctru/lib/libctru.a(env.o)
                0x0010bf0c                envGetHandle
 .text.envDestroyHandles
                0x0010bf98       0x50 /opt/devkitpro/libctru/lib/libctru.a(env.o)
                0x0010bf98                envDestroyHandles
 .text.osConvertVirtToPhys
                0x0010bfe8       0x74 /opt/devkitpro/libctru/lib/libctru.a(os.o)
                0x0010bfe8                osConvertVirtToPhys
 .text.osGetTimeRef
                0x0010c05c       0x54 /opt/devkitpro/libctru/lib/libctru.a(os.o)
                0x0010c05c                osGetTimeRef
 .text.osGetTime
                0x0010c0b0       0xec /opt/devkitpro/libctru/lib/libctru.a(os.o)
                0x0010c0b0                osGetTime
 .text.__ctru_speedup_config
                0x0010c19c       0x34 /opt/devkitpro/libctru/lib/libctru.a(os.o)
                0x0010c19c                __ctru_speedup_config
 .text.srvInit  0x0010c1d0      0x164 /opt/devkitpro/libctru/lib/libctru.a(srv.o)
                0x0010c1d0                srvInit
 .text.srvExit  0x0010c334       0x64 /opt/devkitpro/libctru/lib/libctru.a(srv.o)
                0x0010c334                srvExit
 .text.srvEnableNotification
                0x0010c398       0x60 /opt/devkitpro/libctru/lib/libctru.a(srv.o)
                0x0010c398                srvEnableNotification
 .text.srvGetServiceHandleDirect
                0x0010c3f8       0xa0 /opt/devkitpro/libctru/lib/libctru.a(srv.o)
                0x0010c3f8                srvGetServiceHandleDirect
 .text.srvGetServiceHandle
                0x0010c498       0x48 /opt/devkitpro/libctru/lib/libctru.a(srv.o)
                0x0010c498                srvGetServiceHandle
 .text.srvSubscribe
                0x0010c4e0       0x34 /opt/devkitpro/libctru/lib/libctru.a(srv.o)
                0x0010c4e0                srvSubscribe
 .text.srvReceiveNotification
                0x0010c514       0x60 /opt/devkitpro/libctru/lib/libctru.a(srv.o)
                0x0010c514                srvReceiveNotification
 .text.srvPublishToSubscriber
                0x0010c574       0x38 /opt/devkitpro/libctru/lib/libctru.a(srv.o)
                0x0010c574                srvPublishToSubscriber
 .text.__sync_init
                0x0010c5ac        0xc /opt/devkitpro/libctru/lib/libctru.a(synchronization.o)
                0x0010c5ac                __sync_init
 .text.__sync_fini
                0x0010c5b8       0x18 /opt/devkitpro/libctru/lib/libctru.a(synchronization.o)
                0x0010c5b8                __sync_fini
 .text.syncArbitrateAddress
                0x0010c5d0       0x28 /opt/devkitpro/libctru/lib/libctru.a(synchronization.o)
                0x0010c5d0                syncArbitrateAddress
 .text.LightLock_Init
                0x0010c5f8       0x1c /opt/devkitpro/libctru/lib/libctru.a(synchronization.o)
                0x0010c5f8                LightLock_Init
 .text.LightLock_Lock
                0x0010c614       0xac /opt/devkitpro/libctru/lib/libctru.a(synchronization.o)
                0x0010c614                LightLock_Lock
 .text.LightLock_Unlock
                0x0010c6c0       0x40 /opt/devkitpro/libctru/lib/libctru.a(synchronization.o)
                0x0010c6c0                LightLock_Unlock
 .text.RecursiveLock_Lock
                0x0010c700       0x54 /opt/devkitpro/libctru/lib/libctru.a(synchronization.o)
                0x0010c700                RecursiveLock_Lock
 .text.RecursiveLock_Unlock
                0x0010c754       0x54 /opt/devkitpro/libctru/lib/libctru.a(synchronization.o)
                0x0010c754                RecursiveLock_Unlock
 .text.LightEvent_Init
                0x0010c7a8       0x44 /opt/devkitpro/libctru/lib/libctru.a(synchronization.o)
                0x0010c7a8                LightEvent_Init
 .text.LightEvent_Clear
                0x0010c7ec       0xb8 /opt/devkitpro/libctru/lib/libctru.a(synchronization.o)
                0x0010c7ec                LightEvent_Clear
 .text.LightEvent_Signal
                0x0010c8a4       0xdc /opt/devkitpro/libctru/lib/libctru.a(synchronization.o)
                0x0010c8a4                LightEvent_Signal
 .text.LightEvent_TryWait
                0x0010c980       0x50 /opt/devkitpro/libctru/lib/libctru.a(synchronization.o)
                0x0010c980                LightEvent_TryWait
 .text.LightEvent_Wait
                0x0010c9d0       0xac /opt/devkitpro/libctru/lib/libctru.a(synchronization.o)
                0x0010c9d0                LightEvent_Wait
 .text.threadCreate
                0x0010ca7c      0x1fc /opt/devkitpro/libctru/lib/libctru.a(thread.o)
                0x0010ca7c                threadCreate
 .text.threadFree
                0x0010cc78       0x38 /opt/devkitpro/libctru/lib/libctru.a(thread.o)
                0x0010cc78                threadFree
 .text.threadJoin
                0x0010ccb0       0x24 /opt/devkitpro/libctru/lib/libctru.a(thread.o)
                0x0010ccb0                threadJoin
 .text.threadGetCurrent
                0x0010ccd4       0x30 /opt/devkitpro/libctru/lib/libctru.a(thread.o)
                0x0010ccd4                threadGetCurrent
 .text.threadExit
                0x0010cd04       0x40 /opt/devkitpro/libctru/lib/libctru.a(thread.o)
                0x0010cd04                threadExit
 .text._thread_begin
                0x0010cd44       0x20 /opt/devkitpro/libctru/lib/libctru.a(thread.o)
 .text.mappableFindAddressWithin
                0x0010cd64       0x90 /opt/devkitpro/libctru/lib/libctru.a(mappable.o)
 .text.mappableInit
                0x0010cdf4       0x28 /opt/devkitpro/libctru/lib/libctru.a(mappable.o)
                0x0010cdf4                mappableInit
 .text.mappableAlloc
                0x0010ce1c       0x7c /opt/devkitpro/libctru/lib/libctru.a(mappable.o)
                0x0010ce1c                mappableAlloc
 .text.mappableFree
                0x0010ce98        0x4 /opt/devkitpro/libctru/lib/libctru.a(mappable.o)
                0x0010ce98                mappableFree
 .text.ptmSysmInit
                0x0010ce9c       0x78 /opt/devkitpro/libctru/lib/libctru.a(ptmsysm.o)
                0x0010ce9c                ptmSysmInit
 .text.ptmSysmExit
                0x0010cf14       0x3c /opt/devkitpro/libctru/lib/libctru.a(ptmsysm.o)
                0x0010cf14                ptmSysmExit
 .text.PTMSYSM_ConfigureNew3DSCPU
                0x0010cf50       0x34 /opt/devkitpro/libctru/lib/libctru.a(ptmsysm.o)
                0x0010cf50                PTMSYSM_ConfigureNew3DSCPU
 .text.srvPmGetSessionHandle
                0x0010cf84        0xc /opt/devkitpro/libctru/lib/libctru.a(srvpm.o)
                0x0010cf84                srvPmGetSessionHandle
 .text.rbtree_node_next
                0x0010cf90       0x60 /opt/devkitpro/libctru/lib/libctru.a(rbtree_iterator.o)
                0x0010cf90                rbtree_node_next
 .text.decode_utf16
                0x0010cff0       0x54 /opt/devkitpro/libctru/lib/libctru.a(decode_utf16.o)
                0x0010cff0                decode_utf16
 .text.decode_utf8
                0x0010d044      0x140 /opt/devkitpro/libctru/lib/libctru.a(decode_utf8.o)
                0x0010d044                decode_utf8
 .text.encode_utf16
                0x0010d184       0x54 /opt/devkitpro/libctru/lib/libctru.a(encode_utf16.o)
                0x0010d184                encode_utf16
 .text.encode_utf8
                0x0010d1d8       0xe0 /opt/devkitpro/libctru/lib/libctru.a(encode_utf8.o)
                0x0010d1d8                encode_utf8
 .text.__appExit
                0x0010d2b8       0x30 /opt/devkitpro/libctru/lib/libctru.a(appExit.o)
                0x0010d2b8                __appExit
 .text.__appInit
                0x0010d2e8       0x30 /opt/devkitpro/libctru/lib/libctru.a(appInit.o)
                0x0010d2e8                __appInit
 .text.__libctru_exit
                0x0010d318       0x90 /opt/devkitpro/libctru/lib/libctru.a(ctru_exit.o)
                0x0010d318                __libctru_exit
 .text.error_cmp
                0x0010d3a8       0x24 /opt/devkitpro/libctru/lib/libctru.a(archive_dev.o)
 .text.archive_translate_error
                0x0010d3cc       0x50 /opt/devkitpro/libctru/lib/libctru.a(archive_dev.o)
 .text.archive_seek
                0x0010d41c       0xc0 /opt/devkitpro/libctru/lib/libctru.a(archive_dev.o)
 .text._archiveInit.part.0
                0x0010d4dc       0x78 /opt/devkitpro/libctru/lib/libctru.a(archive_dev.o)
 .text.archiveFindDevice.part.0
                0x0010d554      0x110 /opt/devkitpro/libctru/lib/libctru.a(archive_dev.o)
 .text.archive_utf16path
                0x0010d664      0x298 /opt/devkitpro/libctru/lib/libctru.a(archive_dev.o)
 .text._archiveUnmountDeviceStruct.part.0
                0x0010d8fc       0x98 /opt/devkitpro/libctru/lib/libctru.a(archive_dev.o)
 .text._archiveMountDevice
                0x0010d994      0x178 /opt/devkitpro/libctru/lib/libctru.a(archive_dev.o)
 .text.archive_diropen
                0x0010db0c       0xf8 /opt/devkitpro/libctru/lib/libctru.a(archive_dev.o)
 .text.archive_fstat
                0x0010dc04       0xac /opt/devkitpro/libctru/lib/libctru.a(archive_dev.o)
 .text.archive_fsync
                0x0010dcb0       0x74 /opt/devkitpro/libctru/lib/libctru.a(archive_dev.o)
 .text.archive_close
                0x0010dd24       0x74 /opt/devkitpro/libctru/lib/libctru.a(archive_dev.o)
 .text.archive_dirclose
                0x0010dd98       0x78 /opt/devkitpro/libctru/lib/libctru.a(archive_dev.o)
 .text.sdmc_statvfs
                0x0010de10       0xec /opt/devkitpro/libctru/lib/libctru.a(archive_dev.o)
 .text.archive_chdir
                0x0010defc       0xf8 /opt/devkitpro/libctru/lib/libctru.a(archive_dev.o)
 .text.archive_ftruncate
                0x0010dff4       0x8c /opt/devkitpro/libctru/lib/libctru.a(archive_dev.o)
 .text.archive_read
                0x0010e080       0xbc /opt/devkitpro/libctru/lib/libctru.a(archive_dev.o)
 .text.archive_unlink
                0x0010e13c       0xa8 /opt/devkitpro/libctru/lib/libctru.a(archive_dev.o)
 .text.archive_rmdir
                0x0010e1e4       0xc0 /opt/devkitpro/libctru/lib/libctru.a(archive_dev.o)
 .text.archive_mkdir
                0x0010e2a4       0xd8 /opt/devkitpro/libctru/lib/libctru.a(archive_dev.o)
 .text.archive_stat
                0x0010e37c      0x1a0 /opt/devkitpro/libctru/lib/libctru.a(archive_dev.o)
 .text.archive_dirnext
                0x0010e51c      0x164 /opt/devkitpro/libctru/lib/libctru.a(archive_dev.o)
 .text.archive_write
                0x0010e680      0x13c /opt/devkitpro/libctru/lib/libctru.a(archive_dev.o)
 *fill*         0x0010e7bc        0x4 
 .text.archive_open
                0x0010e7c0      0x254 /opt/devkitpro/libctru/lib/libctru.a(archive_dev.o)
 .text.archive_rename
                0x0010ea14      0x270 /opt/devkitpro/libctru/lib/libctru.a(archive_dev.o)
 .text.archiveMountSdmc
                0x0010ec84      0x1c8 /opt/devkitpro/libctru/lib/libctru.a(archive_dev.o)
                0x0010ec84                archiveMountSdmc
 .text.archiveUnmountAll
                0x0010ee4c       0x54 /opt/devkitpro/libctru/lib/libctru.a(archive_dev.o)
                0x0010ee4c                archiveUnmountAll
 .text.__udivmoddi4
                0x0010eea0      0x130 /opt/devkitpro/devkitARM/lib/gcc/arm-none-eabi/16.1.0/armv6k/fpu/libgcc.a(_udivmoddi4.o)
                0x0010eea0                __udivmoddi4
 .text.strncat  0x0010efd0       0xe4 /opt/devkitpro/devkitARM/lib/gcc/arm-none-eabi/16.1.0/../../../../arm-none-eabi/lib/armv6k/fpu/libg.a(libc_a-strncat.o)
                0x0010efd0                strncat
 .text.ftell    0x0010f0b4       0x34 /opt/devkitpro/devkitARM/lib/gcc/arm-none-eabi/16.1.0/../../../../arm-none-eabi/lib/armv6k/fpu/libg.a(libc_a-ftell.o)
                0x0010f0b4                ftell
 .text.memcpy   0x0010f0e8      0x128 /opt/devkitpro/devkitARM/lib/gcc/arm-none-eabi/16.1.0/../../../../arm-none-eabi/lib/armv6k/fpu/libg.a(libc_a-memcpy-stub.o)
                0x0010f0e8                memcpy
 .text.strlen   0x0010f210       0x8c /opt/devkitpro/devkitARM/lib/gcc/arm-none-eabi/16.1.0/../../../../arm-none-eabi/lib/armv6k/fpu/libg.a(libc_a-strlen.o)
                0x0010f210                strlen
 .text._fread_r
                0x0010f29c      0x334 /opt/devkitpro/devkitARM/lib/gcc/arm-none-eabi/16.1.0/../../../../arm-none-eabi/lib/armv6k/fpu/libg.a(libc_a-fread.o)
                0x0010f29c                _fread_r
 .text.fread    0x0010f5d0       0x38 /opt/devkitpro/devkitARM/lib/gcc/arm-none-eabi/16.1.0/../../../../arm-none-eabi/lib/armv6k/fpu/libg.a(libc_a-fread.o)
                0x0010f5d0                fread
 .text.bsearch  0x0010f608       0x78 /opt/devkitpro/devkitARM/lib/gcc/arm-none-eabi/16.1.0/../../../../arm-none-eabi/lib/armv6k/fpu/libg.a(libc_a-bsearch.o)
                0x0010f608                bsearch
 .text._fopen_r
                0x0010f680      0x134 /opt/devkitpro/devkitARM/lib/gcc/arm-none-eabi/16.1.0/../../../../arm-none-eabi/lib/armv6k/fpu/libg.a(libc_a-fopen.o)
                0x0010f680                _fopen_r
 .text.fopen    0x0010f7b4       0x28 /opt/devkitpro/devkitARM/lib/gcc/arm-none-eabi/16.1.0/../../../../arm-none-eabi/lib/armv6k/fpu/libg.a(libc_a-fopen.o)
                0x0010f7b4                fopen
 .text.memalign
                0x0010f7dc       0x28 /opt/devkitpro/devkitARM/lib/gcc/arm-none-eabi/16.1.0/../../../../arm-none-eabi/lib/armv6k/fpu/libg.a(libc_a-malign.o)
                0x0010f7dc                memalign
 .text.snprintf
                0x0010f804       0xa0 /opt/devkitpro/devkitARM/lib/gcc/arm-none-eabi/16.1.0/../../../../arm-none-eabi/lib/armv6k/fpu/libg.a(libc_a-snprintf.o)
                0x0010f804                snprintf
 .text.printf   0x0010f8a4       0x34 /opt/devkitpro/devkitARM/lib/gcc/arm-none-eabi/16.1.0/../../../../arm-none-eabi/lib/armv6k/fpu/libg.a(libc_a-printf.o)
                0x0010f8a4                printf
 .text._strtoul_l.isra.0
                0x0010f8d8      0x1ec /opt/devkitpro/devkitARM/lib/gcc/arm-none-eabi/16.1.0/../../../../arm-none-eabi/lib/armv6k/fpu/libg.a(libc_a-strtoul.o)
 .text.strtoul  0x0010fac4       0x3c /opt/devkitpro/devkitARM/lib/gcc/arm-none-eabi/16.1.0/../../../../arm-none-eabi/lib/armv6k/fpu/libg.a(libc_a-strtoul.o)
                0x0010fac4                strtoul
 .text.strchr   0x0010fb00      0x140 /opt/devkitpro/devkitARM/lib/gcc/arm-none-eabi/16.1.0/../../../../arm-none-eabi/lib/armv6k/fpu/libg.a(libc_a-strchr.o)
                0x0010fb00                strchr
 .text.memcmp   0x0010fc40       0xd8 /opt/devkitpro/devkitARM/lib/gcc/arm-none-eabi/16.1.0/../../../../arm-none-eabi/lib/armv6k/fpu/libg.a(libc_a-memcmp.o)
                0x0010fc40                memcmp
 .text._memalign_r
                0x0010fd18      0x16c /opt/devkitpro/devkitARM/lib/gcc/arm-none-eabi/16.1.0/../../../../arm-none-eabi/lib/armv6k/fpu/libg.a(libc_a-malignr.o)
                0x0010fd18                _memalign_r
 .text.__errno  0x0010fe84        0xc /opt/devkitpro/devkitARM/lib/gcc/arm-none-eabi/16.1.0/../../../../arm-none-eabi/lib/armv6k/fpu/libg.a(libc_a-errno.o)
                0x0010fe84                __errno
 .text.__smakebuf_r
                0x0010fe90      0x164 /opt/devkitpro/devkitARM/lib/gcc/arm-none-eabi/16.1.0/../../../../arm-none-eabi/lib/armv6k/fpu/libg.a(libc_a-makebuf.o)
                0x0010fe90                __smakebuf_r
 .text.__swhatbuf_r
                0x0010fff4       0x90 /opt/devkitpro/devkitARM/lib/gcc/arm-none-eabi/16.1.0/../../../../arm-none-eabi/lib/armv6k/fpu/libg.a(libc_a-makebuf.o)
                0x0010fff4                __swhatbuf_r
 .text.memset   0x00110084       0xe4 /opt/devkitpro/devkitARM/lib/gcc/arm-none-eabi/16.1.0/../../../../arm-none-eabi/lib/armv6k/fpu/libg.a(libc_a-memset.o)
                0x00110084                memset
 .text.__sflush_r
                0x00110168      0x22c /opt/devkitpro/devkitARM/lib/gcc/arm-none-eabi/16.1.0/../../../../arm-none-eabi/lib/armv6k/fpu/libg.a(libc_a-fflush.o)
                0x00110168                __sflush_r
 .text._fflush_r
                0x00110394       0xc4 /opt/devkitpro/devkitARM/lib/gcc/arm-none-eabi/16.1.0/../../../../arm-none-eabi/lib/armv6k/fpu/libg.a(libc_a-fflush.o)
                0x00110394                _fflush_r
 .text._ftello_r
                0x00110458      0x1c4 /opt/devkitpro/devkitARM/lib/gcc/arm-none-eabi/16.1.0/../../../../arm-none-eabi/lib/armv6k/fpu/libg.a(libc_a-ftello.o)
                0x00110458                _ftello_r
 .text._malloc_r
                0x0011061c      0x82c /opt/devkitpro/devkitARM/lib/gcc/arm-none-eabi/16.1.0/../../../../arm-none-eabi/lib/armv6k/fpu/libg.a(libc_a-mallocr.o)
                0x0011061c                _malloc_r
 .text._malloc_trim_r
                0x00110e48      0x114 /opt/devkitpro/devkitARM/lib/gcc/arm-none-eabi/16.1.0/../../../../arm-none-eabi/lib/armv6k/fpu/libg.a(libc_a-freer.o)
                0x00110e48                _malloc_trim_r
 .text._free_r  0x00110f5c      0x314 /opt/devkitpro/devkitARM/lib/gcc/arm-none-eabi/16.1.0/../../../../arm-none-eabi/lib/armv6k/fpu/libg.a(libc_a-freer.o)
                0x00110f5c                _free_r
 .text.setvbuf  0x00111270      0x294 /opt/devkitpro/devkitARM/lib/gcc/arm-none-eabi/16.1.0/../../../../arm-none-eabi/lib/armv6k/fpu/libg.a(libc_a-setvbuf.o)
                0x00111270                setvbuf
 .text.stdio_exit_handler
                0x00111504       0x1c /opt/devkitpro/devkitARM/lib/gcc/arm-none-eabi/16.1.0/../../../../arm-none-eabi/lib/armv6k/fpu/libg.a(libc_a-findfp.o)
 .text.cleanup_stdio
                0x00111520       0x5c /opt/devkitpro/devkitARM/lib/gcc/arm-none-eabi/16.1.0/../../../../arm-none-eabi/lib/armv6k/fpu/libg.a(libc_a-findfp.o)
 .text.global_stdio_init.part.0
                0x0011157c      0x154 /opt/devkitpro/devkitARM/lib/gcc/arm-none-eabi/16.1.0/../../../../arm-none-eabi/lib/armv6k/fpu/libg.a(libc_a-findfp.o)
 .text.__sfp    0x001116d0      0x138 /opt/devkitpro/devkitARM/lib/gcc/arm-none-eabi/16.1.0/../../../../arm-none-eabi/lib/armv6k/fpu/libg.a(libc_a-findfp.o)
                0x001116d0                __sfp
 .text.__sinit  0x00111808       0x5c /opt/devkitpro/devkitARM/lib/gcc/arm-none-eabi/16.1.0/../../../../arm-none-eabi/lib/armv6k/fpu/libg.a(libc_a-findfp.o)
                0x00111808                __sinit
 .text.__sfp_lock_acquire
                0x00111864        0xc /opt/devkitpro/devkitARM/lib/gcc/arm-none-eabi/16.1.0/../../../../arm-none-eabi/lib/armv6k/fpu/libg.a(libc_a-findfp.o)
                0x00111864                __sfp_lock_acquire
 .text.__sfp_lock_release
                0x00111870        0xc /opt/devkitpro/devkitARM/lib/gcc/arm-none-eabi/16.1.0/../../../../arm-none-eabi/lib/armv6k/fpu/libg.a(libc_a-findfp.o)
                0x00111870                __sfp_lock_release
 .text.__libc_init_array
                0x0011187c       0x84 /opt/devkitpro/devkitARM/lib/gcc/arm-none-eabi/16.1.0/../../../../arm-none-eabi/lib/armv6k/fpu/libg.a(libc_a-init.o)
                0x0011187c                __libc_init_array
 .text.strncpy  0x00111900       0xd4 /opt/devkitpro/devkitARM/lib/gcc/arm-none-eabi/16.1.0/../../../../arm-none-eabi/lib/armv6k/fpu/libg.a(libc_a-strncpy.o)
                0x00111900                strncpy
 .text._fseek_r
                0x001119d4       0x1c /opt/devkitpro/devkitARM/lib/gcc/arm-none-eabi/16.1.0/../../../../arm-none-eabi/lib/armv6k/fpu/libg.a(libc_a-fseek.o)
                0x001119d4                _fseek_r
 .text.fseek    0x001119f0       0x34 /opt/devkitpro/devkitARM/lib/gcc/arm-none-eabi/16.1.0/../../../../arm-none-eabi/lib/armv6k/fpu/libg.a(libc_a-fseek.o)
                0x001119f0                fseek
 .text.malloc   0x00111a24       0x40 /opt/devkitpro/devkitARM/lib/gcc/arm-none-eabi/16.1.0/../../../../arm-none-eabi/lib/armv6k/fpu/libg.a(libc_a-malloc.o)
                0x00111a24                malloc
 .text.free     0x00111a64       0x20 /opt/devkitpro/devkitARM/lib/gcc/arm-none-eabi/16.1.0/../../../../arm-none-eabi/lib/armv6k/fpu/libg.a(libc_a-malloc.o)
                0x00111a64                free
 .text._puts_r  0x00111a84       0xe0 /opt/devkitpro/devkitARM/lib/gcc/arm-none-eabi/16.1.0/../../../../arm-none-eabi/lib/armv6k/fpu/libg.a(libc_a-puts.o)
                0x00111a84                _puts_r
 .text.puts     0x00111b64       0x20 /opt/devkitpro/devkitARM/lib/gcc/arm-none-eabi/16.1.0/../../../../arm-none-eabi/lib/armv6k/fpu/libg.a(libc_a-puts.o)
                0x00111b64                puts
 .text.__sread  0x00111b84       0x44 /opt/devkitpro/devkitARM/lib/gcc/arm-none-eabi/16.1.0/../../../../arm-none-eabi/lib/armv6k/fpu/libg.a(libc_a-stdio.o)
                0x00111b84                __sread
 .text.__swrite
                0x00111bc8       0x68 /opt/devkitpro/devkitARM/lib/gcc/arm-none-eabi/16.1.0/../../../../arm-none-eabi/lib/armv6k/fpu/libg.a(libc_a-stdio.o)
                0x00111bc8                __swrite
 .text.__sseek  0x00111c30       0x40 /opt/devkitpro/devkitARM/lib/gcc/arm-none-eabi/16.1.0/../../../../arm-none-eabi/lib/armv6k/fpu/libg.a(libc_a-stdio.o)
                0x00111c30                __sseek
 .text.__sclose
                0x00111c70        0x8 /opt/devkitpro/devkitARM/lib/gcc/arm-none-eabi/16.1.0/../../../../arm-none-eabi/lib/armv6k/fpu/libg.a(libc_a-stdio.o)
                0x00111c70                __sclose
 .text.__malloc_lock
                0x00111c78        0xc /opt/devkitpro/devkitARM/lib/gcc/arm-none-eabi/16.1.0/../../../../arm-none-eabi/lib/armv6k/fpu/libg.a(libc_a-mlock.o)
                0x00111c78                __malloc_lock
 .text.__malloc_unlock
                0x00111c84        0xc /opt/devkitpro/devkitARM/lib/gcc/arm-none-eabi/16.1.0/../../../../arm-none-eabi/lib/armv6k/fpu/libg.a(libc_a-mlock.o)
                0x00111c84                __malloc_unlock
 .text._fseeko_r
                0x00111c90      0x588 /opt/devkitpro/devkitARM/lib/gcc/arm-none-eabi/16.1.0/../../../../arm-none-eabi/lib/armv6k/fpu/libg.a(libc_a-fseeko.o)
                0x00111c90                _fseeko_r
 .text._fclose_r
                0x00112218      0x148 /opt/devkitpro/devkitARM/lib/gcc/arm-none-eabi/16.1.0/../../../../arm-none-eabi/lib/armv6k/fpu/libg.a(libc_a-fclose.o)
                0x00112218                _fclose_r
 .text.fclose   0x00112360       0x20 /opt/devkitpro/devkitARM/lib/gcc/arm-none-eabi/16.1.0/../../../../arm-none-eabi/lib/armv6k/fpu/libg.a(libc_a-fclose.o)
                0x00112360                fclose
 .text.time     0x00112380       0x48 /opt/devkitpro/devkitARM/lib/gcc/arm-none-eabi/16.1.0/../../../../arm-none-eabi/lib/armv6k/fpu/libg.a(libc_a-time.o)
                0x00112380                time
 .text.__call_exitprocs
                0x001123c8        0x4 /opt/devkitpro/devkitARM/lib/gcc/arm-none-eabi/16.1.0/../../../../arm-none-eabi/lib/armv6k/fpu/libg.a(libc_a-exit.o)
                0x001123c8                __call_exitprocs
 .text.exit     0x001123cc       0x30 /opt/devkitpro/devkitARM/lib/gcc/arm-none-eabi/16.1.0/../../../../arm-none-eabi/lib/armv6k/fpu/libg.a(libc_a-exit.o)
                0x001123cc                exit
 .text.get_arg  0x001123fc      0x5e0 /opt/devkitpro/devkitARM/lib/gcc/arm-none-eabi/16.1.0/../../../../arm-none-eabi/lib/armv6k/fpu/libg.a(libc_a-svfprintf.o)
 *fill*         0x001129dc        0x4 
 .text._svfprintf_r
                0x001129e0     0x345c /opt/devkitpro/devkitARM/lib/gcc/arm-none-eabi/16.1.0/../../../../arm-none-eabi/lib/armv6k/fpu/libg.a(libc_a-svfprintf.o)
                0x001129e0                _svfprintf_r
 .text.__sflags
                0x00115e3c       0xb8 /opt/devkitpro/devkitARM/lib/gcc/arm-none-eabi/16.1.0/../../../../arm-none-eabi/lib/armv6k/fpu/libg.a(libc_a-flags.o)
                0x00115e3c                __sflags
 .text.__libc_fini_array
                0x00115ef4       0x3c /opt/devkitpro/devkitARM/lib/gcc/arm-none-eabi/16.1.0/../../../../arm-none-eabi/lib/armv6k/fpu/libg.a(libc_a-fini.o)
                0x00115ef4                __libc_fini_array
 .text.strnlen  0x00115f30       0x3c /opt/devkitpro/devkitARM/lib/gcc/arm-none-eabi/16.1.0/../../../../arm-none-eabi/lib/armv6k/fpu/libg.a(libc_a-strnlen.o)
                0x00115f30                strnlen
 .text.rewind   0x00115f6c       0x2c /opt/devkitpro/devkitARM/lib/gcc/arm-none-eabi/16.1.0/../../../../arm-none-eabi/lib/armv6k/fpu/libg.a(libc_a-rewind.o)
                0x00115f6c                rewind
 .text.strncmp  0x00115f98       0xd8 /opt/devkitpro/devkitARM/lib/gcc/arm-none-eabi/16.1.0/../../../../arm-none-eabi/lib/armv6k/fpu/libg.a(libc_a-strncmp.o)
                0x00115f98                strncmp
 .text.lflush   0x00116070       0x38 /opt/devkitpro/devkitARM/lib/gcc/arm-none-eabi/16.1.0/../../../../arm-none-eabi/lib/armv6k/fpu/libg.a(libc_a-refill.o)
 .text.__srefill_r
                0x001160a8      0x1a8 /opt/devkitpro/devkitARM/lib/gcc/arm-none-eabi/16.1.0/../../../../arm-none-eabi/lib/armv6k/fpu/libg.a(libc_a-refill.o)
                0x001160a8                __srefill_r
 .text.frexp    0x00116250       0x88 /opt/devkitpro/devkitARM/lib/gcc/arm-none-eabi/16.1.0/../../../../arm-none-eabi/lib/armv6k/fpu/libg.a(libm_a-s_frexp.o)
                0x00116250                frexp
 .text._fwalk_sglue
                0x001162d8       0x70 /opt/devkitpro/devkitARM/lib/gcc/arm-none-eabi/16.1.0/../../../../arm-none-eabi/lib/armv6k/fpu/libg.a(libc_a-fwalk.o)
                0x001162d8                _fwalk_sglue
 .text.get_arg  0x00116348      0x5e0 /opt/devkitpro/devkitARM/lib/gcc/arm-none-eabi/16.1.0/../../../../arm-none-eabi/lib/armv6k/fpu/libg.a(libc_a-vfprintf.o)
 .text._vfprintf_r
                0x00116928     0x3554 /opt/devkitpro/devkitARM/lib/gcc/arm-none-eabi/16.1.0/../../../../arm-none-eabi/lib/armv6k/fpu/libg.a(libc_a-vfprintf.o)
                0x00116928                _vfprintf_r
 .text.__sbprintf
                0x00119e7c       0xb4 /opt/devkitpro/devkitARM/lib/gcc/arm-none-eabi/16.1.0/../../../../arm-none-eabi/lib/armv6k/fpu/libg.a(libc_a-vfprintf.o)
 .text._wcrtomb_r
                0x00119f30       0xa0 /opt/devkitpro/devkitARM/lib/gcc/arm-none-eabi/16.1.0/../../../../arm-none-eabi/lib/armv6k/fpu/libg.a(libc_a-wcrtomb.o)
                0x00119f30                _wcrtomb_r
 .text.__ssprint_r
                0x00119fd0       0xa4 /opt/devkitpro/devkitARM/lib/gcc/arm-none-eabi/16.1.0/../../../../arm-none-eabi/lib/armv6k/fpu/libg.a(libc_a-ssprint_r.o)
                0x00119fd0                __ssprint_r
 .text.__sfvwrite_r
                0x0011a074      0x4a4 /opt/devkitpro/devkitARM/lib/gcc/arm-none-eabi/16.1.0/../../../../arm-none-eabi/lib/armv6k/fpu/libg.a(libc_a-fvwrite.o)
                0x0011a074                __sfvwrite_r
 .text.__locale_mb_cur_max
                0x0011a518       0x24 /opt/devkitpro/devkitARM/lib/gcc/arm-none-eabi/16.1.0/../../../../arm-none-eabi/lib/armv6k/fpu/libg.a(libc_a-locale.o)
                0x0011a518                __locale_mb_cur_max
 .text.__sprint_r
                0x0011a53c       0x30 /opt/devkitpro/devkitARM/lib/gcc/arm-none-eabi/16.1.0/../../../../arm-none-eabi/lib/armv6k/fpu/libg.a(libc_a-sprint_r.o)
                0x0011a53c                __sprint_r
 .text.quorem   0x0011a56c      0x1c0 /opt/devkitpro/devkitARM/lib/gcc/arm-none-eabi/16.1.0/../../../../arm-none-eabi/lib/armv6k/fpu/libg.a(libc_a-dtoa.o)
 *fill*         0x0011a72c        0x4 
 .text._dtoa_r  0x0011a730     0x1420 /opt/devkitpro/devkitARM/lib/gcc/arm-none-eabi/16.1.0/../../../../arm-none-eabi/lib/armv6k/fpu/libg.a(libc_a-dtoa.o)
                0x0011a730                _dtoa_r
 .text.memchr   0x0011bb50       0xe8 /opt/devkitpro/devkitARM/lib/gcc/arm-none-eabi/16.1.0/../../../../arm-none-eabi/lib/armv6k/fpu/libg.a(libc_a-memchr-stub.o)
                0x0011bb50                memchr
 .text._wcsrtombs_r
                0x0011bc38       0x28 /opt/devkitpro/devkitARM/lib/gcc/arm-none-eabi/16.1.0/../../../../arm-none-eabi/lib/armv6k/fpu/libg.a(libc_a-wcsrtombs.o)
                0x0011bc38                _wcsrtombs_r
 .text.__swsetup_r
                0x0011bc60      0x140 /opt/devkitpro/devkitARM/lib/gcc/arm-none-eabi/16.1.0/../../../../arm-none-eabi/lib/armv6k/fpu/libg.a(libc_a-wsetup.o)
                0x0011bc60                __swsetup_r
 .text._localeconv_r
                0x0011bda0       0x24 /opt/devkitpro/devkitARM/lib/gcc/arm-none-eabi/16.1.0/../../../../arm-none-eabi/lib/armv6k/fpu/libg.a(libc_a-localeconv.o)
                0x0011bda0                _localeconv_r
 .text.memmove  0x0011bdc4      0x1a8 /opt/devkitpro/devkitARM/lib/gcc/arm-none-eabi/16.1.0/../../../../arm-none-eabi/lib/armv6k/fpu/libg.a(libc_a-memmove.o)
                0x0011bdc4                memmove
 .text._realloc_r
                0x0011bf6c      0x4f0 /opt/devkitpro/devkitARM/lib/gcc/arm-none-eabi/16.1.0/../../../../arm-none-eabi/lib/armv6k/fpu/libg.a(libc_a-reallocr.o)
                0x0011bf6c                _realloc_r
 .text.__ssputs_r
                0x0011c45c      0x12c /opt/devkitpro/devkitARM/lib/gcc/arm-none-eabi/16.1.0/../../../../arm-none-eabi/lib/armv6k/fpu/libg.a(libc_a-ssputs_r.o)
                0x0011c45c                __ssputs_r
 .text.__utf8_wctomb
                0x0011c588       0xf8 /opt/devkitpro/devkitARM/lib/gcc/arm-none-eabi/16.1.0/../../../../arm-none-eabi/lib/armv6k/fpu/libg.a(libc_a-wctomb_r.o)
                0x0011c588                __utf8_wctomb
 .text._wcsnrtombs_l
                0x0011c680      0x15c /opt/devkitpro/devkitARM/lib/gcc/arm-none-eabi/16.1.0/../../../../arm-none-eabi/lib/armv6k/fpu/libg.a(libc_a-wcsnrtombs.o)
                0x0011c680                _wcsnrtombs_l
 .text._wcsnrtombs_r
                0x0011c7dc       0x64 /opt/devkitpro/devkitARM/lib/gcc/arm-none-eabi/16.1.0/../../../../arm-none-eabi/lib/armv6k/fpu/libg.a(libc_a-wcsnrtombs.o)
                0x0011c7dc                _wcsnrtombs_r
 .text.__assert_func
                0x0011c840       0x5c /opt/devkitpro/devkitARM/lib/gcc/arm-none-eabi/16.1.0/../../../../arm-none-eabi/lib/armv6k/fpu/libg.a(libc_a-assert.o)
                0x0011c840                __assert_func
 .text._Balloc  0x0011c89c       0x88 /opt/devkitpro/devkitARM/lib/gcc/arm-none-eabi/16.1.0/../../../../arm-none-eabi/lib/armv6k/fpu/libg.a(libc_a-mprec.o)
                0x0011c89c                _Balloc
 .text._Bfree   0x0011c924       0x1c /opt/devkitpro/devkitARM/lib/gcc/arm-none-eabi/16.1.0/../../../../arm-none-eabi/lib/armv6k/fpu/libg.a(libc_a-mprec.o)
                0x0011c924                _Bfree
 .text.__multadd
                0x0011c940       0xf4 /opt/devkitpro/devkitARM/lib/gcc/arm-none-eabi/16.1.0/../../../../arm-none-eabi/lib/armv6k/fpu/libg.a(libc_a-mprec.o)
                0x0011c940                __multadd
 .text.__hi0bits
                0x0011ca34       0x80 /opt/devkitpro/devkitARM/lib/gcc/arm-none-eabi/16.1.0/../../../../arm-none-eabi/lib/armv6k/fpu/libg.a(libc_a-mprec.o)
                0x0011ca34                __hi0bits
 .text.__lo0bits
                0x0011cab4       0xf0 /opt/devkitpro/devkitARM/lib/gcc/arm-none-eabi/16.1.0/../../../../arm-none-eabi/lib/armv6k/fpu/libg.a(libc_a-mprec.o)
                0x0011cab4                __lo0bits
 .text.__i2b    0x0011cba4       0xa4 /opt/devkitpro/devkitARM/lib/gcc/arm-none-eabi/16.1.0/../../../../arm-none-eabi/lib/armv6k/fpu/libg.a(libc_a-mprec.o)
                0x0011cba4                __i2b
 .text.__multiply
                0x0011cc48      0x230 /opt/devkitpro/devkitARM/lib/gcc/arm-none-eabi/16.1.0/../../../../arm-none-eabi/lib/armv6k/fpu/libg.a(libc_a-mprec.o)
                0x0011cc48                __multiply
 .text.__pow5mult
                0x0011ce78      0x130 /opt/devkitpro/devkitARM/lib/gcc/arm-none-eabi/16.1.0/../../../../arm-none-eabi/lib/armv6k/fpu/libg.a(libc_a-mprec.o)
                0x0011ce78                __pow5mult
 .text.__lshift
                0x0011cfa8      0x138 /opt/devkitpro/devkitARM/lib/gcc/arm-none-eabi/16.1.0/../../../../arm-none-eabi/lib/armv6k/fpu/libg.a(libc_a-mprec.o)
                0x0011cfa8                __lshift
 .text.__mcmp   0x0011d0e0       0x58 /opt/devkitpro/devkitARM/lib/gcc/arm-none-eabi/16.1.0/../../../../arm-none-eabi/lib/armv6k/fpu/libg.a(libc_a-mprec.o)
                0x0011d0e0                __mcmp
 .text.__mdiff  0x0011d138      0x218 /opt/devkitpro/devkitARM/lib/gcc/arm-none-eabi/16.1.0/../../../../arm-none-eabi/lib/armv6k/fpu/libg.a(libc_a-mprec.o)
                0x0011d138                __mdiff
 .text.__d2b    0x0011d350      0x120 /opt/devkitpro/devkitARM/lib/gcc/arm-none-eabi/16.1.0/../../../../arm-none-eabi/lib/armv6k/fpu/libg.a(libc_a-mprec.o)
                0x0011d350                __d2b
 .text.__utf8_mbtowc
                0x0011d470      0x340 /opt/devkitpro/devkitARM/lib/gcc/arm-none-eabi/16.1.0/../../../../arm-none-eabi/lib/armv6k/fpu/libg.a(libc_a-mbtowc_r.o)
                0x0011d470                __utf8_mbtowc
 .text.fiprintf
                0x0011d7b0       0x3c /opt/devkitpro/devkitARM/lib/gcc/arm-none-eabi/16.1.0/../../../../arm-none-eabi/lib/armv6k/fpu/libg.a(libc_a-fiprintf.o)
                0x0011d7b0                fiprintf
 .text.abort    0x0011d7ec       0x14 /opt/devkitpro/devkitARM/lib/gcc/arm-none-eabi/16.1.0/../../../../arm-none-eabi/lib/armv6k/fpu/libg.a(libc_a-abort.o)
                0x0011d7ec                abort
 .text._calloc_r
                0x0011d800       0xd8 /opt/devkitpro/devkitARM/lib/gcc/arm-none-eabi/16.1.0/../../../../arm-none-eabi/lib/armv6k/fpu/libg.a(libc_a-callocr.o)
                0x0011d800                _calloc_r
 .text.get_arg  0x0011d8d8      0x5e0 /opt/devkitpro/devkitARM/lib/gcc/arm-none-eabi/16.1.0/../../../../arm-none-eabi/lib/armv6k/fpu/libg.a(libc_a-vfiprintf.o)
 .text._vfiprintf_r
                0x0011deb8     0x22f8 /opt/devkitpro/devkitARM/lib/gcc/arm-none-eabi/16.1.0/../../../../arm-none-eabi/lib/armv6k/fpu/libg.a(libc_a-vfiprintf.o)
                0x0011deb8                _vfiprintf_r
 .text.__sbprintf
                0x001201b0       0xb4 /opt/devkitpro/devkitARM/lib/gcc/arm-none-eabi/16.1.0/../../../../arm-none-eabi/lib/armv6k/fpu/libg.a(libc_a-vfiprintf.o)
 .text._raise_r
                0x00120264       0x9c /opt/devkitpro/devkitARM/lib/gcc/arm-none-eabi/16.1.0/../../../../arm-none-eabi/lib/armv6k/fpu/libg.a(libc_a-signal.o)
                0x00120264                _raise_r
 .text.raise    0x00120300       0x20 /opt/devkitpro/devkitARM/lib/gcc/arm-none-eabi/16.1.0/../../../../arm-none-eabi/lib/armv6k/fpu/libg.a(libc_a-signal.o)
                0x00120300                raise
 .text._exit    0x00120320       0x20 /opt/devkitpro/devkitARM/lib/gcc/arm-none-eabi/16.1.0/../../../../arm-none-eabi/lib/armv6k/fpu/libsysbase.a(libsysbase_libsysbase_a-_exit.o)
                0x00120320                _exit
 .text.chdir    0x00120340      0x140 /opt/devkitpro/devkitARM/lib/gcc/arm-none-eabi/16.1.0/../../../../arm-none-eabi/lib/armv6k/fpu/libsysbase.a(libsysbase_libsysbase_a-chdir.o)
                0x00120340                chdir
 .text._concatenate_path
                0x00120480      0x1c8 /opt/devkitpro/devkitARM/lib/gcc/arm-none-eabi/16.1.0/../../../../arm-none-eabi/lib/armv6k/fpu/libsysbase.a(libsysbase_libsysbase_a-concatenate.o)
                0x00120480                _concatenate_path
 .text._fstat_r
                0x00120648       0x9c /opt/devkitpro/devkitARM/lib/gcc/arm-none-eabi/16.1.0/../../../../arm-none-eabi/lib/armv6k/fpu/libsysbase.a(libsysbase_libsysbase_a-fstat.o)
                0x00120648                _fstat_r
 .text._getpid_r
                0x001206e4       0x14 /opt/devkitpro/devkitARM/lib/gcc/arm-none-eabi/16.1.0/../../../../arm-none-eabi/lib/armv6k/fpu/libsysbase.a(libsysbase_libsysbase_a-getpid.o)
                0x001206e4                _getpid_r
 .text.__getreent
                0x001206f8       0x2c /opt/devkitpro/devkitARM/lib/gcc/arm-none-eabi/16.1.0/../../../../arm-none-eabi/lib/armv6k/fpu/libsysbase.a(libsysbase_libsysbase_a-getreent.o)
                0x001206f8                __getreent
 .text._gettimeofday_r
                0x00120724       0x30 /opt/devkitpro/devkitARM/lib/gcc/arm-none-eabi/16.1.0/../../../../arm-none-eabi/lib/armv6k/fpu/libsysbase.a(libsysbase_libsysbase_a-gettod.o)
                0x00120724                _gettimeofday_r
 .text.__release_handle
                0x00120754       0xa0 /opt/devkitpro/devkitARM/lib/gcc/arm-none-eabi/16.1.0/../../../../arm-none-eabi/lib/armv6k/fpu/libsysbase.a(libsysbase_libsysbase_a-handle_manager.o)
                0x00120754                __release_handle
 .text.__alloc_handle
                0x001207f4       0xb0 /opt/devkitpro/devkitARM/lib/gcc/arm-none-eabi/16.1.0/../../../../arm-none-eabi/lib/armv6k/fpu/libsysbase.a(libsysbase_libsysbase_a-handle_manager.o)
                0x001207f4                __alloc_handle
 .text.__get_handle
                0x001208a4       0x58 /opt/devkitpro/devkitARM/lib/gcc/arm-none-eabi/16.1.0/../../../../arm-none-eabi/lib/armv6k/fpu/libsysbase.a(libsysbase_libsysbase_a-handle_manager.o)
                0x001208a4                __get_handle
 .text._close_r
                0x001208fc      0x110 /opt/devkitpro/devkitARM/lib/gcc/arm-none-eabi/16.1.0/../../../../arm-none-eabi/lib/armv6k/fpu/libsysbase.a(libsysbase_libsysbase_a-handle_manager.o)
                0x001208fc                _close_r
 .text.null_write
                0x00120a0c        0x8 /opt/devkitpro/devkitARM/lib/gcc/arm-none-eabi/16.1.0/../../../../arm-none-eabi/lib/armv6k/fpu/libsysbase.a(libsysbase_libsysbase_a-iosupport.o)
 .text.setDefaultDevice
                0x00120a14       0x18 /opt/devkitpro/devkitARM/lib/gcc/arm-none-eabi/16.1.0/../../../../arm-none-eabi/lib/armv6k/fpu/libsysbase.a(libsysbase_libsysbase_a-iosupport.o)
                0x00120a14                setDefaultDevice
 .text.FindDevice
                0x00120a2c       0x98 /opt/devkitpro/devkitARM/lib/gcc/arm-none-eabi/16.1.0/../../../../arm-none-eabi/lib/armv6k/fpu/libsysbase.a(libsysbase_libsysbase_a-iosupport.o)
                0x00120a2c                FindDevice
 .text.RemoveDevice
                0x00120ac4       0x24 /opt/devkitpro/devkitARM/lib/gcc/arm-none-eabi/16.1.0/../../../../arm-none-eabi/lib/armv6k/fpu/libsysbase.a(libsysbase_libsysbase_a-iosupport.o)
                0x00120ac4                RemoveDevice
 .text.AddDevice
                0x00120ae8       0x88 /opt/devkitpro/devkitARM/lib/gcc/arm-none-eabi/16.1.0/../../../../arm-none-eabi/lib/armv6k/fpu/libsysbase.a(libsysbase_libsysbase_a-iosupport.o)
                0x00120ae8                AddDevice
 .text.GetDeviceOpTab
                0x00120b70       0x20 /opt/devkitpro/devkitARM/lib/gcc/arm-none-eabi/16.1.0/../../../../arm-none-eabi/lib/armv6k/fpu/libsysbase.a(libsysbase_libsysbase_a-iosupport.o)
                0x00120b70                GetDeviceOpTab
 .text._isatty_r
                0x00120b90        0x8 /opt/devkitpro/devkitARM/lib/gcc/arm-none-eabi/16.1.0/../../../../arm-none-eabi/lib/armv6k/fpu/libsysbase.a(libsysbase_libsysbase_a-isatty.o)
                0x00120b90                _isatty_r
 .text._kill_r  0x00120b98       0x14 /opt/devkitpro/devkitARM/lib/gcc/arm-none-eabi/16.1.0/../../../../arm-none-eabi/lib/armv6k/fpu/libsysbase.a(libsysbase_libsysbase_a-kill.o)
                0x00120b98                _kill_r
 .text._lseek_r
                0x00120bac       0x94 /opt/devkitpro/devkitARM/lib/gcc/arm-none-eabi/16.1.0/../../../../arm-none-eabi/lib/armv6k/fpu/libsysbase.a(libsysbase_libsysbase_a-lseek.o)
                0x00120bac                _lseek_r
 .text._open_r  0x00120c40       0xc0 /opt/devkitpro/devkitARM/lib/gcc/arm-none-eabi/16.1.0/../../../../arm-none-eabi/lib/armv6k/fpu/libsysbase.a(libsysbase_libsysbase_a-open.o)
                0x00120c40                _open_r
 .text._read_r  0x00120d00       0x94 /opt/devkitpro/devkitARM/lib/gcc/arm-none-eabi/16.1.0/../../../../arm-none-eabi/lib/armv6k/fpu/libsysbase.a(libsysbase_libsysbase_a-read.o)
                0x00120d00                _read_r
 .text._sbrk_r  0x00120d94       0x78 /opt/devkitpro/devkitARM/lib/gcc/arm-none-eabi/16.1.0/../../../../arm-none-eabi/lib/armv6k/fpu/libsysbase.a(libsysbase_libsysbase_a-sbrk.o)
                0x00120d94                _sbrk_r
 .text.__libc_lock_acquire
                0x00120e0c       0x1c /opt/devkitpro/devkitARM/lib/gcc/arm-none-eabi/16.1.0/../../../../arm-none-eabi/lib/armv6k/fpu/libsysbase.a(libsysbase_libsysbase_a-syscall_support.o)
                0x00120e0c                __libc_lock_acquire
 .text.__libc_lock_release
                0x00120e28       0x1c /opt/devkitpro/devkitARM/lib/gcc/arm-none-eabi/16.1.0/../../../../arm-none-eabi/lib/armv6k/fpu/libsysbase.a(libsysbase_libsysbase_a-syscall_support.o)
                0x00120e28                __libc_lock_release
 .text.__libc_lock_acquire_recursive
                0x00120e44       0x1c /opt/devkitpro/devkitARM/lib/gcc/arm-none-eabi/16.1.0/../../../../arm-none-eabi/lib/armv6k/fpu/libsysbase.a(libsysbase_libsysbase_a-syscall_support.o)
                0x00120e44                __libc_lock_acquire_recursive
 .text.__libc_lock_release_recursive
                0x00120e60       0x1c /opt/devkitpro/devkitARM/lib/gcc/arm-none-eabi/16.1.0/../../../../arm-none-eabi/lib/armv6k/fpu/libsysbase.a(libsysbase_libsysbase_a-syscall_support.o)
                0x00120e60                __libc_lock_release_recursive
 .text._write_r
                0x00120e7c       0x94 /opt/devkitpro/devkitARM/lib/gcc/arm-none-eabi/16.1.0/../../../../arm-none-eabi/lib/armv6k/fpu/libsysbase.a(libsysbase_libsysbase_a-write.o)
                0x00120e7c                _write_r
 .text.strrchr  0x00120f10       0x48 /opt/devkitpro/devkitARM/lib/gcc/arm-none-eabi/16.1.0/../../../../arm-none-eabi/lib/armv6k/fpu/libg.a(libc_a-strrchr.o)
                0x00120f10                strrchr
 *(.glue_7)
 .glue_7        0x00120f58        0x0 linker stubs
 *(.glue_7t)
 .glue_7t       0x00120f58        0x0 linker stubs
 *(.stub)
 *(.gnu.warning)
 *(.gnu.linkonce.t*)
                0x00120f58                        . = ALIGN (0x4)
 *(.fini)
 .fini          0x00120f58        0xc /opt/devkitpro/devkitARM/lib/gcc/arm-none-eabi/16.1.0/armv6k/fpu/crti.o
                0x00120f58                _fini
 .fini          0x00120f64        0xc /opt/devkitpro/devkitARM/lib/gcc/arm-none-eabi/16.1.0/armv6k/fpu/crtn.o
                0x00120f70                        . = ALIGN (0x4)

.vfp11_veneer   0x00120f70        0x0
 .vfp11_veneer  0x00120f70        0x0 linker stubs

.v4_bx          0x00120f70        0x0
 .v4_bx         0x00120f70        0x0 linker stubs

.iplt           0x00120f70        0x0
 .iplt          0x00120f70        0x0 /opt/devkitpro/devkitARM/lib/gcc/arm-none-eabi/16.1.0/../../../../arm-none-eabi/lib/armv6k/fpu/3dsx_crt0.o
                0x00121000                        . = ALIGN (0x1000)

.rodata         0x00121000    0xe28d0
 *(.rodata)
 .rodata        0x00121000        0xc /opt/devkitpro/libctru/lib/libctru.a(romfs_dev.o)
 .rodata        0x0012100c       0x18 /opt/devkitpro/libctru/lib/libctru.a(ndsp.o)
 .rodata        0x00121024        0xc /opt/devkitpro/libctru/lib/libctru.a(archive_dev.o)
 *(.roda)
 *(.rodata.*)
 .rodata.meme1_raw_bin
                0x00121030    0x38400 meme1_raw.bin.o
                0x00121030                meme1_raw_bin
                0x00159430                meme1_raw_bin_end
 .rodata.meme2_raw_bin
                0x00159430    0x38400 meme2_raw.bin.o
                0x00159430                meme2_raw_bin
                0x00191830                meme2_raw_bin_end
 .rodata.meme3_raw_bin
                0x00191830    0x38400 meme3_raw.bin.o
                0x00191830                meme3_raw_bin
                0x001c9c30                meme3_raw_bin_end
 .rodata.meme4_raw_bin
                0x001c9c30    0x38400 meme4_raw.bin.o
                0x001c9c30                meme4_raw_bin
                0x00202030                meme4_raw_bin_end
 .rodata.str1.4
                0x00202030      0x42d main.o
                                0x1b8 (size before relaxing)
 .rodata.consolePrintChar
                0x0020245d        0x6 /opt/devkitpro/libctru/lib/libctru.a(console.o)
 *fill*         0x00202463        0x1 
 .rodata.con_write
                0x00202464      0x23c /opt/devkitpro/libctru/lib/libctru.a(console.o)
 .rodata.str1.4
                0x002026a0        0x0 /opt/devkitpro/libctru/lib/libctru.a(console.o)
                                 0x10 (size before relaxing)
 .rodata.dotab_stdout
                0x002026a0       0x80 /opt/devkitpro/libctru/lib/libctru.a(console.o)
 .rodata.grayScale
                0x00202720       0x18 /opt/devkitpro/libctru/lib/libctru.a(console.o)
 .rodata.colorCube
                0x00202738        0x6 /opt/devkitpro/libctru/lib/libctru.a(console.o)
 *fill*         0x0020273e        0x2 
 .rodata.colorTable
                0x00202740       0x30 /opt/devkitpro/libctru/lib/libctru.a(console.o)
 .rodata.romfs_dirnext.str1.4
                0x00202770        0x0 /opt/devkitpro/libctru/lib/libctru.a(romfs_dev.o)
                                  0x7 (size before relaxing)
 .rodata.romfsMountSelf.str1.4
                0x00202770        0x0 /opt/devkitpro/libctru/lib/libctru.a(romfs_dev.o)
                                 0x19 (size before relaxing)
 .rodata.str1.4
                0x00202770        0x0 /opt/devkitpro/libctru/lib/libctru.a(romfs_dev.o)
                                  0x1 (size before relaxing)
 .rodata.romFS_devoptab
                0x00202770       0x80 /opt/devkitpro/libctru/lib/libctru.a(romfs_dev.o)
 .rodata.ndspInit.str1.4
                0x002027f0        0x0 /opt/devkitpro/libctru/lib/libctru.a(ndsp.o)
                                  0x8 (size before relaxing)
 .rodata.dsp_filename.0
                0x002027f0       0x11 /opt/devkitpro/libctru/lib/libctru.a(ndsp.o)
 .rodata.str1.4
                0x00202801        0x0 /opt/devkitpro/libctru/lib/libctru.a(ndsp.o)
                                  0x1 (size before relaxing)
 .rodata.aptEventHandler
                0x00202801        0xb /opt/devkitpro/libctru/lib/libctru.a(apt.o)
 .rodata.aptWaitForWakeUp.isra.0
                0x0020280c       0x11 /opt/devkitpro/libctru/lib/libctru.a(apt.o)
 *fill*         0x0020281d        0x3 
 .rodata.morton_y.2
                0x00202820        0x8 /opt/devkitpro/libctru/lib/libctru.a(apt.o)
 .rodata.morton_x.3
                0x00202828        0x8 /opt/devkitpro/libctru/lib/libctru.a(apt.o)
 .rodata.s_sleepWakeEvents.4
                0x00202830        0x8 /opt/devkitpro/libctru/lib/libctru.a(apt.o)
 .rodata.str1.4
                0x00202838        0x0 /opt/devkitpro/libctru/lib/libctru.a(apt.o)
                                 0x16 (size before relaxing)
 .rodata.serviceNameTable.5
                0x00202838        0xc /opt/devkitpro/libctru/lib/libctru.a(apt.o)
 .rodata.cfguInit.str1.4
                0x00202844        0x0 /opt/devkitpro/libctru/lib/libctru.a(cfgu.o)
                                 0x16 (size before relaxing)
 .rodata.dspInit.str1.4
                0x00202844        0x0 /opt/devkitpro/libctru/lib/libctru.a(dsp.o)
                                  0x9 (size before relaxing)
 .rodata.fsInit.str1.4
                0x00202844        0x0 /opt/devkitpro/libctru/lib/libctru.a(fs.o)
                                  0x8 (size before relaxing)
 .rodata.gspInit.str1.4
                0x00202844        0x0 /opt/devkitpro/libctru/lib/libctru.a(gspgpu.o)
                                  0x9 (size before relaxing)
 .rodata.hidInit.str1.4
                0x00202844        0x0 /opt/devkitpro/libctru/lib/libctru.a(hid.o)
                                 0x15 (size before relaxing)
 .rodata.irrstInit.str1.4
                0x00202844        0x0 /opt/devkitpro/libctru/lib/libctru.a(irrst.o)
                                  0x7 (size before relaxing)
 *fill*         0x00202844        0x4 
 .rodata.swkbdFeatures
                0x00202848       0x14 /opt/devkitpro/libctru/lib/libctru.a(swkbd.o)
 .rodata.__system_initArgv.str1.4
                0x0020285c        0x0 /opt/devkitpro/libctru/lib/libctru.a(initArgv.o)
                                  0xa (size before relaxing)
 .rodata.default_font_bin
                0x0020285c      0x800 /opt/devkitpro/libctru/lib/libctru.a(default_font.bin.o)
                0x0020285c                default_font_bin
                0x0020305c                default_font_bin_end
 .rodata.srvInit.str1.4
                0x0020305c        0x0 /opt/devkitpro/libctru/lib/libctru.a(srv.o)
                                  0x5 (size before relaxing)
 .rodata.ptmSysmInit.str1.4
                0x0020305c        0x0 /opt/devkitpro/libctru/lib/libctru.a(ptmsysm.o)
                                  0x9 (size before relaxing)
 .rodata.archive_utf16path.str1.4
                0x0020305c        0x0 /opt/devkitpro/libctru/lib/libctru.a(archive_dev.o)
                                  0x2 (size before relaxing)
 .rodata._archiveUnmountDeviceStruct.part.0.str1.4
                0x0020305c        0x0 /opt/devkitpro/libctru/lib/libctru.a(archive_dev.o)
                                  0x2 (size before relaxing)
 .rodata._archiveMountDevice.str1.4
                0x0020305c        0x0 /opt/devkitpro/libctru/lib/libctru.a(archive_dev.o)
                                  0xc (size before relaxing)
 .rodata.archiveMountSdmc.str1.4
                0x0020305c        0x0 /opt/devkitpro/libctru/lib/libctru.a(archive_dev.o)
                                  0x5 (size before relaxing)
 .rodata.error_table
                0x0020305c       0x30 /opt/devkitpro/libctru/lib/libctru.a(archive_dev.o)
 .rodata.str1.4
                0x0020308c        0x0 /opt/devkitpro/libctru/lib/libctru.a(archive_dev.o)
                                  0x8 (size before relaxing)
 .rodata.archive_devoptab
                0x0020308c       0x80 /opt/devkitpro/libctru/lib/libctru.a(archive_dev.o)
 .rodata._puts_r.str1.4
                0x0020310c        0x0 /opt/devkitpro/devkitARM/lib/gcc/arm-none-eabi/16.1.0/../../../../arm-none-eabi/lib/armv6k/fpu/libg.a(libc_a-puts.o)
                                  0x2 (size before relaxing)
 .rodata.get_arg
                0x0020310c       0x34 /opt/devkitpro/devkitARM/lib/gcc/arm-none-eabi/16.1.0/../../../../arm-none-eabi/lib/armv6k/fpu/libg.a(libc_a-svfprintf.o)
 .rodata._svfprintf_r.str1.1
                0x00203140       0x3b /opt/devkitpro/devkitARM/lib/gcc/arm-none-eabi/16.1.0/../../../../arm-none-eabi/lib/armv6k/fpu/libg.a(libc_a-svfprintf.o)
 *fill*         0x0020317b        0x1 
 .rodata._svfprintf_r
                0x0020317c       0xb6 /opt/devkitpro/devkitARM/lib/gcc/arm-none-eabi/16.1.0/../../../../arm-none-eabi/lib/armv6k/fpu/libg.a(libc_a-svfprintf.o)
 *fill*         0x00203232        0x2 
 .rodata.zeroes.0
                0x00203234       0x10 /opt/devkitpro/devkitARM/lib/gcc/arm-none-eabi/16.1.0/../../../../arm-none-eabi/lib/armv6k/fpu/libg.a(libc_a-svfprintf.o)
 .rodata.blanks.1
                0x00203244       0x10 /opt/devkitpro/devkitARM/lib/gcc/arm-none-eabi/16.1.0/../../../../arm-none-eabi/lib/armv6k/fpu/libg.a(libc_a-svfprintf.o)
 .rodata._ctype_
                0x00203254      0x101 /opt/devkitpro/devkitARM/lib/gcc/arm-none-eabi/16.1.0/../../../../arm-none-eabi/lib/armv6k/fpu/libg.a(libc_a-ctype_.o)
                0x00203254                _ctype_
 *fill*         0x00203355        0x1 
 .rodata.get_arg
                0x00203356       0x34 /opt/devkitpro/devkitARM/lib/gcc/arm-none-eabi/16.1.0/../../../../arm-none-eabi/lib/armv6k/fpu/libg.a(libc_a-vfprintf.o)
 .rodata._vfprintf_r.str1.1
                0x0020338a        0x0 /opt/devkitpro/devkitARM/lib/gcc/arm-none-eabi/16.1.0/../../../../arm-none-eabi/lib/armv6k/fpu/libg.a(libc_a-vfprintf.o)
                                 0x3b (size before relaxing)
 .rodata._vfprintf_r
                0x0020338a       0xb6 /opt/devkitpro/devkitARM/lib/gcc/arm-none-eabi/16.1.0/../../../../arm-none-eabi/lib/armv6k/fpu/libg.a(libc_a-vfprintf.o)
 .rodata.zeroes.0
                0x00203440       0x10 /opt/devkitpro/devkitARM/lib/gcc/arm-none-eabi/16.1.0/../../../../arm-none-eabi/lib/armv6k/fpu/libg.a(libc_a-vfprintf.o)
 .rodata.blanks.1
                0x00203450       0x10 /opt/devkitpro/devkitARM/lib/gcc/arm-none-eabi/16.1.0/../../../../arm-none-eabi/lib/armv6k/fpu/libg.a(libc_a-vfprintf.o)
 .rodata.__action_table
                0x00203460       0x6c /opt/devkitpro/devkitARM/lib/gcc/arm-none-eabi/16.1.0/../../../../arm-none-eabi/lib/armv6k/fpu/libg.a(libc_a-svfiprintf.o)
                0x00203460                __action_table
 .rodata.__state_table
                0x002034cc       0x6c /opt/devkitpro/devkitARM/lib/gcc/arm-none-eabi/16.1.0/../../../../arm-none-eabi/lib/armv6k/fpu/libg.a(libc_a-svfiprintf.o)
                0x002034cc                __state_table
 .rodata.__chclass
                0x00203538      0x100 /opt/devkitpro/devkitARM/lib/gcc/arm-none-eabi/16.1.0/../../../../arm-none-eabi/lib/armv6k/fpu/libg.a(libc_a-svfiprintf.o)
                0x00203538                __chclass
 .rodata.str1.4
                0x00203638        0x0 /opt/devkitpro/devkitARM/lib/gcc/arm-none-eabi/16.1.0/../../../../arm-none-eabi/lib/armv6k/fpu/libg.a(libc_a-locale.o)
                                 0x4c (size before relaxing)
 .rodata._dtoa_r.str1.4
                0x00203638        0x0 /opt/devkitpro/devkitARM/lib/gcc/arm-none-eabi/16.1.0/../../../../arm-none-eabi/lib/armv6k/fpu/libg.a(libc_a-dtoa.o)
                                 0x9c (size before relaxing)
 .rodata._dtoa_r
                0x00203638        0x8 /opt/devkitpro/devkitARM/lib/gcc/arm-none-eabi/16.1.0/../../../../arm-none-eabi/lib/armv6k/fpu/libg.a(libc_a-dtoa.o)
 .rodata.__assert_func.str1.4
                0x00203640        0x0 /opt/devkitpro/devkitARM/lib/gcc/arm-none-eabi/16.1.0/../../../../arm-none-eabi/lib/armv6k/fpu/libg.a(libc_a-assert.o)
                                 0x43 (size before relaxing)
 .rodata.__multadd.str1.4
                0x00203640        0x0 /opt/devkitpro/devkitARM/lib/gcc/arm-none-eabi/16.1.0/../../../../arm-none-eabi/lib/armv6k/fpu/libg.a(libc_a-mprec.o)
                                 0x89 (size before relaxing)
 .rodata.p05.0  0x00203640        0xc /opt/devkitpro/devkitARM/lib/gcc/arm-none-eabi/16.1.0/../../../../arm-none-eabi/lib/armv6k/fpu/libg.a(libc_a-mprec.o)
 *fill*         0x0020364c        0x4 
 .rodata.__mprec_bigtens
                0x00203650       0x28 /opt/devkitpro/devkitARM/lib/gcc/arm-none-eabi/16.1.0/../../../../arm-none-eabi/lib/armv6k/fpu/libg.a(libc_a-mprec.o)
                0x00203650                __mprec_bigtens
 .rodata.__mprec_tens
                0x00203678       0xc8 /opt/devkitpro/devkitARM/lib/gcc/arm-none-eabi/16.1.0/../../../../arm-none-eabi/lib/armv6k/fpu/libg.a(libc_a-mprec.o)
                0x00203678                __mprec_tens
 .rodata.get_arg
                0x00203740       0x34 /opt/devkitpro/devkitARM/lib/gcc/arm-none-eabi/16.1.0/../../../../arm-none-eabi/lib/armv6k/fpu/libg.a(libc_a-vfiprintf.o)
 .rodata._vfiprintf_r.str1.1
                0x00203774        0x0 /opt/devkitpro/devkitARM/lib/gcc/arm-none-eabi/16.1.0/../../../../arm-none-eabi/lib/armv6k/fpu/libg.a(libc_a-vfiprintf.o)
                                 0x29 (size before relaxing)
 .rodata._vfiprintf_r
                0x00203774       0xb6 /opt/devkitpro/devkitARM/lib/gcc/arm-none-eabi/16.1.0/../../../../arm-none-eabi/lib/armv6k/fpu/libg.a(libc_a-vfiprintf.o)
 *fill*         0x0020382a        0x2 
 .rodata.zeroes.0
                0x0020382c       0x10 /opt/devkitpro/devkitARM/lib/gcc/arm-none-eabi/16.1.0/../../../../arm-none-eabi/lib/armv6k/fpu/libg.a(libc_a-vfiprintf.o)
 .rodata.blanks.1
                0x0020383c       0x10 /opt/devkitpro/devkitARM/lib/gcc/arm-none-eabi/16.1.0/../../../../arm-none-eabi/lib/armv6k/fpu/libg.a(libc_a-vfiprintf.o)
 .rodata.str1.4
                0x0020384c        0x0 /opt/devkitpro/devkitARM/lib/gcc/arm-none-eabi/16.1.0/../../../../arm-none-eabi/lib/armv6k/fpu/libsysbase.a(libsysbase_libsysbase_a-iosupport.o)
                                  0x8 (size before relaxing)
 .rodata.dotab_stdnull
                0x0020384c       0x80 /opt/devkitpro/devkitARM/lib/gcc/arm-none-eabi/16.1.0/../../../../arm-none-eabi/lib/armv6k/fpu/libsysbase.a(libsysbase_libsysbase_a-iosupport.o)
                0x0020384c                dotab_stdnull
 *all.rodata*(*)
 *(.gnu.linkonce.r*)
                0x002038cc                        . = ALIGN (0x4)
                0x002038cc                        __tdata_align = .
                0x002038cc        0x4 LONG 0x4 ALIGNOF (.tdata)
                0x002038d0                        . = ALIGN (0x4)

.eh_frame       0x002038d0        0x0
 .eh_frame      0x002038d0        0x0 /opt/devkitpro/devkitARM/lib/gcc/arm-none-eabi/16.1.0/armv6k/fpu/crtbegin.o

.rel.dyn        0x002038d0        0x0
 .rel.iplt      0x002038d0        0x0 /opt/devkitpro/devkitARM/lib/gcc/arm-none-eabi/16.1.0/../../../../arm-none-eabi/lib/armv6k/fpu/3dsx_crt0.o
 .rel.got       0x002038d0        0x0 /opt/devkitpro/devkitARM/lib/gcc/arm-none-eabi/16.1.0/../../../../arm-none-eabi/lib/armv6k/fpu/3dsx_crt0.o

.ARM.extab
 *(.ARM.extab* .gnu.linkonce.armextab.*)
                0x002038d0                        __exidx_start = .

.ARM.exidx